MySQL Shell 8.0.12

Copyright (c) 2016, 2018, Oracle and/or its affiliates. All rights reserved.

Oracle is a registered trademark of Oracle Corporation and/or its
affiliates. Other names may be trademarks of their respective
owners.

Type '\help' or '\?' for help; '\quit' to exit.


 MySQL  JS > \sql
Switching to SQL mode... Commands end with ;

 MySQL  SQL > \use northwind
Not connected.

 MySQL  SQL > \connect -c root@localhost
The -c option is deprecated, please use --mysql or -mc instead
Creating a Classic session to 'root@localhost'
Please provide the password for 'root@localhost': ****
Save password for 'root@localhost:3306'? [Y]es/[N]o/Ne[v]er (default No): y
Fetching schema names for autocompletion... Press ^C to stop.
Your MySQL connection id is 6
Server version: 5.5.61 MySQL Community Server (GPL)
No default schema selected; type \use <schema> to set one.

 MySQL  localhost:3306  SQL > \use northwind
Default schema set to `northwind`.
Fetching table and column names from `northwind` for auto-completion... Press ^C to stop.

 MySQL  localhost:3306  northwind  SQL > show tables;
+-----------------------------+
| Tables_in_northwind         |
+-----------------------------+
| customers                   |
| employee_privileges         |
| employees                   |
| inventory_transaction_types |
| order_details               |
| order_details_status        |
| orders_status               |
| orders_tax_status           |
| privileges                  |
| products                    |
| purchase_order_details      |
| purchase_order_status       |
| sales_reports               |
| shippers                    |
| strings                     |
| suppliers                   |
+-----------------------------+
16 rows in set (0.0005 sec)

 MySQL  localhost:3306  northwind  SQL > desc order_details;
+-------------------+---------------+------+-----+---------+----------------+
| Field             | Type          | Null | Key | Default | Extra          |
+-------------------+---------------+------+-----+---------+----------------+
| id                | int(11)       | NO   | PRI | NULL    | auto_increment |
| order_id          | int(11)       | NO   | MUL | NULL    |                |
| product_id        | int(11)       | YES  | MUL | NULL    |                |
| quantity          | decimal(18,4) | NO   |     | 0.0000  |                |
| unit_price        | decimal(19,4) | YES  |     | 0.0000  |                |
| discount          | double        | NO   |     | 0       |                |
| status_id         | int(11)       | YES  | MUL | NULL    |                |
| date_allocated    | datetime      | YES  |     | NULL    |                |
| purchase_order_id | int(11)       | YES  | MUL | NULL    |                |
| inventory_id      | int(11)       | YES  | MUL | NULL    |                |
+-------------------+---------------+------+-----+---------+----------------+
10 rows in set (0.0047 sec)

 MySQL  localhost:3306  northwind  SQL > select * from order_details;
Empty set (0.1104 sec)

 MySQL  localhost:3306  northwind  SQL > select * from order_details;
ERROR: 1146 (42S02): Table 'northwind.order_details' doesn't exist

 MySQL  localhost:3306  northwind  SQL > select * from orderdetails;
+---------+-----------+-----------+----------+----------+
| OrderID | ProductID | UnitPrice | Quantity | Discount |
+---------+-----------+-----------+----------+----------+
|   10248 |        11 |   14.0000 |       12 |        0 |
|   10248 |        42 |    9.8000 |       10 |        0 |
|   10248 |        72 |   34.8000 |        5 |        0 |
|   10249 |        14 |   18.6000 |        9 |        0 |
|   10249 |        51 |   42.4000 |       40 |        0 |
|   10250 |        41 |    7.7000 |       10 |        0 |
|   10250 |        51 |   42.4000 |       35 |        0 |
|   10250 |        65 |   16.8000 |       15 |        0 |
|   10251 |        22 |   16.8000 |        6 |        0 |
|   10251 |        57 |   15.6000 |       15 |        0 |
|   10251 |        65 |   16.8000 |       20 |        0 |
|   10252 |        20 |   64.8000 |       40 |        0 |
|   10252 |        33 |    2.0000 |       25 |        0 |
|   10252 |        60 |   27.2000 |       40 |        0 |
|   10253 |        31 |   10.0000 |       20 |        0 |
|   10253 |        39 |   14.4000 |       42 |        0 |
|   10253 |        49 |   16.0000 |       40 |        0 |
|   10254 |        24 |    3.6000 |       15 |        0 |
|   10254 |        55 |   19.2000 |       21 |        0 |
|   10254 |        74 |    8.0000 |       21 |        0 |
|   10255 |         2 |   15.2000 |       20 |        0 |
|   10255 |        16 |   13.9000 |       35 |        0 |
|   10255 |        36 |   15.2000 |       25 |        0 |
|   10255 |        59 |   44.0000 |       30 |        0 |
|   10256 |        53 |   26.2000 |       15 |        0 |
|   10256 |        77 |   10.4000 |       12 |        0 |
|   10257 |        27 |   35.1000 |       25 |        0 |
|   10257 |        39 |   14.4000 |        6 |        0 |
|   10257 |        77 |   10.4000 |       15 |        0 |
|   10258 |         2 |   15.2000 |       50 |        0 |
|   10258 |         5 |   17.0000 |       65 |        0 |
|   10258 |        32 |   25.6000 |        6 |        0 |
|   10259 |        21 |    8.0000 |       10 |        0 |
|   10259 |        37 |   20.8000 |        1 |        0 |
|   10260 |        41 |    7.7000 |       16 |        0 |
|   10260 |        57 |   15.6000 |       50 |        0 |
|   10260 |        62 |   39.4000 |       15 |        0 |
|   10260 |        70 |   12.0000 |       21 |        0 |
|   10261 |        21 |    8.0000 |       20 |        0 |
|   10261 |        35 |   14.4000 |       20 |        0 |
|   10262 |         5 |   17.0000 |       12 |        0 |
|   10262 |         7 |   24.0000 |       15 |        0 |
|   10262 |        56 |   30.4000 |        2 |        0 |
|   10263 |        16 |   13.9000 |       60 |        0 |
|   10263 |        24 |    3.6000 |       28 |        0 |
|   10263 |        30 |   20.7000 |       60 |        0 |
|   10263 |        74 |    8.0000 |       36 |        0 |
|   10264 |         2 |   15.2000 |       35 |        0 |
|   10264 |        41 |    7.7000 |       25 |        0 |
|   10265 |        17 |   31.2000 |       30 |        0 |
|   10265 |        70 |   12.0000 |       20 |        0 |
|   10266 |        12 |   30.4000 |       12 |        0 |
|   10267 |        40 |   14.7000 |       50 |        0 |
|   10267 |        59 |   44.0000 |       70 |        0 |
|   10267 |        76 |   14.4000 |       15 |        0 |
|   10268 |        29 |   99.0000 |       10 |        0 |
|   10268 |        72 |   27.8000 |        4 |        0 |
|   10269 |        33 |    2.0000 |       60 |        0 |
|   10269 |        72 |   27.8000 |       20 |        0 |
|   10270 |        36 |   15.2000 |       30 |        0 |
|   10270 |        43 |   36.8000 |       25 |        0 |
|   10271 |        33 |    2.0000 |       24 |        0 |
|   10272 |        20 |   64.8000 |        6 |        0 |
|   10272 |        31 |   10.0000 |       40 |        0 |
|   10272 |        72 |   27.8000 |       24 |        0 |
|   10273 |        10 |   24.8000 |       24 |        0 |
|   10273 |        31 |   10.0000 |       15 |        0 |
|   10273 |        33 |    2.0000 |       20 |        0 |
|   10273 |        40 |   14.7000 |       60 |        0 |
|   10273 |        76 |   14.4000 |       33 |        0 |
|   10274 |        71 |   17.2000 |       20 |        0 |
|   10274 |        72 |   27.8000 |        7 |        0 |
|   10275 |        24 |    3.6000 |       12 |        0 |
|   10275 |        59 |   44.0000 |        6 |        0 |
|   10276 |        10 |   24.8000 |       15 |        0 |
|   10276 |        13 |    4.8000 |       10 |        0 |
|   10277 |        28 |   36.4000 |       20 |        0 |
|   10277 |        62 |   39.4000 |       12 |        0 |
|   10278 |        44 |   15.5000 |       16 |        0 |
|   10278 |        59 |   44.0000 |       15 |        0 |
|   10278 |        63 |   35.1000 |        8 |        0 |
|   10278 |        73 |   12.0000 |       25 |        0 |
|   10279 |        17 |   31.2000 |       15 |        0 |
|   10280 |        24 |    3.6000 |       12 |        0 |
|   10280 |        55 |   19.2000 |       20 |        0 |
|   10280 |        75 |    6.2000 |       30 |        0 |
|   10281 |        19 |    7.3000 |        1 |        0 |
|   10281 |        24 |    3.6000 |        6 |        0 |
|   10281 |        35 |   14.4000 |        4 |        0 |
|   10282 |        30 |   20.7000 |        6 |        0 |
|   10282 |        57 |   15.6000 |        2 |        0 |
|   10283 |        15 |   12.4000 |       20 |        0 |
|   10283 |        19 |    7.3000 |       18 |        0 |
|   10283 |        60 |   27.2000 |       35 |        0 |
|   10283 |        72 |   27.8000 |        3 |        0 |
|   10284 |        27 |   35.1000 |       15 |        0 |
|   10284 |        44 |   15.5000 |       21 |        0 |
|   10284 |        60 |   27.2000 |       20 |        0 |
|   10284 |        67 |   11.2000 |        5 |        0 |
|   10285 |         1 |   14.4000 |       45 |        0 |
|   10285 |        40 |   14.7000 |       40 |        0 |
|   10285 |        53 |   26.2000 |       36 |        0 |
|   10286 |        35 |   14.4000 |      100 |        0 |
|   10286 |        62 |   39.4000 |       40 |        0 |
|   10287 |        16 |   13.9000 |       40 |        0 |
|   10287 |        34 |   11.2000 |       20 |        0 |
|   10287 |        46 |    9.6000 |       15 |        0 |
|   10288 |        54 |    5.9000 |       10 |        0 |
|   10288 |        68 |   10.0000 |        3 |        0 |
|   10289 |         3 |    8.0000 |       30 |        0 |
|   10289 |        64 |   26.6000 |        9 |        0 |
|   10290 |         5 |   17.0000 |       20 |        0 |
|   10290 |        29 |   99.0000 |       15 |        0 |
|   10290 |        49 |   16.0000 |       15 |        0 |
|   10290 |        77 |   10.4000 |       10 |        0 |
|   10291 |        13 |    4.8000 |       20 |        0 |
|   10291 |        44 |   15.5000 |       24 |        0 |
|   10291 |        51 |   42.4000 |        2 |        0 |
|   10292 |        20 |   64.8000 |       20 |        0 |
|   10293 |        18 |   50.0000 |       12 |        0 |
|   10293 |        24 |    3.6000 |       10 |        0 |
|   10293 |        63 |   35.1000 |        5 |        0 |
|   10293 |        75 |    6.2000 |        6 |        0 |
|   10294 |         1 |   14.4000 |       18 |        0 |
|   10294 |        17 |   31.2000 |       15 |        0 |
|   10294 |        43 |   36.8000 |       15 |        0 |
|   10294 |        60 |   27.2000 |       21 |        0 |
|   10294 |        75 |    6.2000 |        6 |        0 |
|   10295 |        56 |   30.4000 |        4 |        0 |
|   10296 |        11 |   16.8000 |       12 |        0 |
|   10296 |        16 |   13.9000 |       30 |        0 |
|   10296 |        69 |   28.8000 |       15 |        0 |
|   10297 |        39 |   14.4000 |       60 |        0 |
|   10297 |        72 |   27.8000 |       20 |        0 |
|   10298 |         2 |   15.2000 |       40 |        0 |
|   10298 |        36 |   15.2000 |       40 |        0 |
|   10298 |        59 |   44.0000 |       30 |        0 |
|   10298 |        62 |   39.4000 |       15 |        0 |
|   10299 |        19 |    7.3000 |       15 |        0 |
|   10299 |        70 |   12.0000 |       20 |        0 |
|   10300 |        66 |   13.6000 |       30 |        0 |
|   10300 |        68 |   10.0000 |       20 |        0 |
|   10301 |        40 |   14.7000 |       10 |        0 |
|   10301 |        56 |   30.4000 |       20 |        0 |
|   10302 |        17 |   31.2000 |       40 |        0 |
|   10302 |        28 |   36.4000 |       28 |        0 |
|   10302 |        43 |   36.8000 |       12 |        0 |
|   10303 |        40 |   14.7000 |       40 |        0 |
|   10303 |        65 |   16.8000 |       30 |        0 |
|   10303 |        68 |   10.0000 |       15 |        0 |
|   10304 |        49 |   16.0000 |       30 |        0 |
|   10304 |        59 |   44.0000 |       10 |        0 |
|   10304 |        71 |   17.2000 |        2 |        0 |
|   10305 |        18 |   50.0000 |       25 |        0 |
|   10305 |        29 |   99.0000 |       25 |        0 |
|   10305 |        39 |   14.4000 |       30 |        0 |
|   10306 |        30 |   20.7000 |       10 |        0 |
|   10306 |        53 |   26.2000 |       10 |        0 |
|   10306 |        54 |    5.9000 |        5 |        0 |
|   10307 |        62 |   39.4000 |       10 |        0 |
|   10307 |        68 |   10.0000 |        3 |        0 |
|   10308 |        69 |   28.8000 |        1 |        0 |
|   10308 |        70 |   12.0000 |        5 |        0 |
|   10309 |         4 |   17.6000 |       20 |        0 |
|   10309 |         6 |   20.0000 |       30 |        0 |
|   10309 |        42 |   11.2000 |        2 |        0 |
|   10309 |        43 |   36.8000 |       20 |        0 |
|   10309 |        71 |   17.2000 |        3 |        0 |
|   10310 |        16 |   13.9000 |       10 |        0 |
|   10310 |        62 |   39.4000 |        5 |        0 |
|   10311 |        42 |   11.2000 |        6 |        0 |
|   10311 |        69 |   28.8000 |        7 |        0 |
|   10312 |        28 |   36.4000 |        4 |        0 |
|   10312 |        43 |   36.8000 |       24 |        0 |
|   10312 |        53 |   26.2000 |       20 |        0 |
|   10312 |        75 |    6.2000 |       10 |        0 |
|   10313 |        36 |   15.2000 |       12 |        0 |
|   10314 |        32 |   25.6000 |       40 |        0 |
|   10314 |        58 |   10.6000 |       30 |        0 |
|   10314 |        62 |   39.4000 |       25 |        0 |
|   10315 |        34 |   11.2000 |       14 |        0 |
|   10315 |        70 |   12.0000 |       30 |        0 |
|   10316 |        41 |    7.7000 |       10 |        0 |
|   10316 |        62 |   39.4000 |       70 |        0 |
|   10317 |         1 |   14.4000 |       20 |        0 |
|   10318 |        41 |    7.7000 |       20 |        0 |
|   10318 |        76 |   14.4000 |        6 |        0 |
|   10319 |        17 |   31.2000 |        8 |        0 |
|   10319 |        28 |   36.4000 |       14 |        0 |
|   10319 |        76 |   14.4000 |       30 |        0 |
|   10320 |        71 |   17.2000 |       30 |        0 |
|   10321 |        35 |   14.4000 |       10 |        0 |
|   10322 |        52 |    5.6000 |       20 |        0 |
|   10323 |        15 |   12.4000 |        5 |        0 |
|   10323 |        25 |   11.2000 |        4 |        0 |
|   10323 |        39 |   14.4000 |        4 |        0 |
|   10324 |        16 |   13.9000 |       21 |        0 |
|   10324 |        35 |   14.4000 |       70 |        0 |
|   10324 |        46 |    9.6000 |       30 |        0 |
|   10324 |        59 |   44.0000 |       40 |        0 |
|   10324 |        63 |   35.1000 |       80 |        0 |
|   10325 |         6 |   20.0000 |        6 |        0 |
|   10325 |        13 |    4.8000 |       12 |        0 |
|   10325 |        14 |   18.6000 |        9 |        0 |
|   10325 |        31 |   10.0000 |        4 |        0 |
|   10325 |        72 |   27.8000 |       40 |        0 |
|   10326 |         4 |   17.6000 |       24 |        0 |
|   10326 |        57 |   15.6000 |       16 |        0 |
|   10326 |        75 |    6.2000 |       50 |        0 |
|   10327 |         2 |   15.2000 |       25 |        0 |
|   10327 |        11 |   16.8000 |       50 |        0 |
|   10327 |        30 |   20.7000 |       35 |        0 |
|   10327 |        58 |   10.6000 |       30 |        0 |
|   10328 |        59 |   44.0000 |        9 |        0 |
|   10328 |        65 |   16.8000 |       40 |        0 |
|   10328 |        68 |   10.0000 |       10 |        0 |
|   10329 |        19 |    7.3000 |       10 |        0 |
|   10329 |        30 |   20.7000 |        8 |        0 |
|   10329 |        38 |  210.8000 |       20 |        0 |
|   10329 |        56 |   30.4000 |       12 |        0 |
|   10330 |        26 |   24.9000 |       50 |        0 |
|   10330 |        72 |   27.8000 |       25 |        0 |
|   10331 |        54 |    5.9000 |       15 |        0 |
|   10332 |        18 |   50.0000 |       40 |        0 |
|   10332 |        42 |   11.2000 |       10 |        0 |
|   10332 |        47 |    7.6000 |       16 |        0 |
|   10333 |        14 |   18.6000 |       10 |        0 |
|   10333 |        21 |    8.0000 |       10 |        0 |
|   10333 |        71 |   17.2000 |       40 |        0 |
|   10334 |        52 |    5.6000 |        8 |        0 |
|   10334 |        68 |   10.0000 |       10 |        0 |
|   10335 |         2 |   15.2000 |        7 |        0 |
|   10335 |        31 |   10.0000 |       25 |        0 |
|   10335 |        32 |   25.6000 |        6 |        0 |
|   10335 |        51 |   42.4000 |       48 |        0 |
|   10336 |         4 |   17.6000 |       18 |        0 |
|   10337 |        23 |    7.2000 |       40 |        0 |
|   10337 |        26 |   24.9000 |       24 |        0 |
|   10337 |        36 |   15.2000 |       20 |        0 |
|   10337 |        37 |   20.8000 |       28 |        0 |
|   10337 |        72 |   27.8000 |       25 |        0 |
|   10338 |        17 |   31.2000 |       20 |        0 |
|   10338 |        30 |   20.7000 |       15 |        0 |
|   10339 |         4 |   17.6000 |       10 |        0 |
|   10339 |        17 |   31.2000 |       70 |        0 |
|   10339 |        62 |   39.4000 |       28 |        0 |
|   10340 |        18 |   50.0000 |       20 |        0 |
|   10340 |        41 |    7.7000 |       12 |        0 |
|   10340 |        43 |   36.8000 |       40 |        0 |
|   10341 |        33 |    2.0000 |        8 |        0 |
|   10341 |        59 |   44.0000 |        9 |        0 |
|   10342 |         2 |   15.2000 |       24 |        0 |
|   10342 |        31 |   10.0000 |       56 |        0 |
|   10342 |        36 |   15.2000 |       40 |        0 |
|   10342 |        55 |   19.2000 |       40 |        0 |
|   10343 |        64 |   26.6000 |       50 |        0 |
|   10343 |        68 |   10.0000 |        4 |        0 |
|   10343 |        76 |   14.4000 |       15 |        0 |
|   10344 |         4 |   17.6000 |       35 |        0 |
|   10344 |         8 |   32.0000 |       70 |        0 |
|   10345 |         8 |   32.0000 |       70 |        0 |
|   10345 |        19 |    7.3000 |       80 |        0 |
|   10345 |        42 |   11.2000 |        9 |        0 |
|   10346 |        17 |   31.2000 |       36 |        0 |
|   10346 |        56 |   30.4000 |       20 |        0 |
|   10347 |        25 |   11.2000 |       10 |        0 |
|   10347 |        39 |   14.4000 |       50 |        0 |
|   10347 |        40 |   14.7000 |        4 |        0 |
|   10347 |        75 |    6.2000 |        6 |        0 |
|   10348 |         1 |   14.4000 |       15 |        0 |
|   10348 |        23 |    7.2000 |       25 |        0 |
|   10349 |        54 |    5.9000 |       24 |        0 |
|   10350 |        50 |   13.0000 |       15 |        0 |
|   10350 |        69 |   28.8000 |       18 |        0 |
|   10351 |        38 |  210.8000 |       20 |        0 |
|   10351 |        41 |    7.7000 |       13 |        0 |
|   10351 |        44 |   15.5000 |       77 |        0 |
|   10351 |        65 |   16.8000 |       10 |        0 |
|   10352 |        24 |    3.6000 |       10 |        0 |
|   10352 |        54 |    5.9000 |       20 |        0 |
|   10353 |        11 |   16.8000 |       12 |        0 |
|   10353 |        38 |  210.8000 |       50 |        0 |
|   10354 |         1 |   14.4000 |       12 |        0 |
|   10354 |        29 |   99.0000 |        4 |        0 |
|   10355 |        24 |    3.6000 |       25 |        0 |
|   10355 |        57 |   15.6000 |       25 |        0 |
|   10356 |        31 |   10.0000 |       30 |        0 |
|   10356 |        55 |   19.2000 |       12 |        0 |
|   10356 |        69 |   28.8000 |       20 |        0 |
|   10357 |        10 |   24.8000 |       30 |        0 |
|   10357 |        26 |   24.9000 |       16 |        0 |
|   10357 |        60 |   27.2000 |        8 |        0 |
|   10358 |        24 |    3.6000 |       10 |        0 |
|   10358 |        34 |   11.2000 |       10 |        0 |
|   10358 |        36 |   15.2000 |       20 |        0 |
|   10359 |        16 |   13.9000 |       56 |        0 |
|   10359 |        31 |   10.0000 |       70 |        0 |
|   10359 |        60 |   27.2000 |       80 |        0 |
|   10360 |        28 |   36.4000 |       30 |        0 |
|   10360 |        29 |   99.0000 |       35 |        0 |
|   10360 |        38 |  210.8000 |       10 |        0 |
|   10360 |        49 |   16.0000 |       35 |        0 |
|   10360 |        54 |    5.9000 |       28 |        0 |
|   10361 |        39 |   14.4000 |       54 |        0 |
|   10361 |        60 |   27.2000 |       55 |        0 |
|   10362 |        25 |   11.2000 |       50 |        0 |
|   10362 |        51 |   42.4000 |       20 |        0 |
|   10362 |        54 |    5.9000 |       24 |        0 |
|   10363 |        31 |   10.0000 |       20 |        0 |
|   10363 |        75 |    6.2000 |       12 |        0 |
|   10363 |        76 |   14.4000 |       12 |        0 |
|   10364 |        69 |   28.8000 |       30 |        0 |
|   10364 |        71 |   17.2000 |        5 |        0 |
|   10365 |        11 |   16.8000 |       24 |        0 |
|   10366 |        65 |   16.8000 |        5 |        0 |
|   10366 |        77 |   10.4000 |        5 |        0 |
|   10367 |        34 |   11.2000 |       36 |        0 |
|   10367 |        54 |    5.9000 |       18 |        0 |
|   10367 |        65 |   16.8000 |       15 |        0 |
|   10367 |        77 |   10.4000 |        7 |        0 |
|   10368 |        21 |    8.0000 |        5 |        0 |
|   10368 |        28 |   36.4000 |       13 |        0 |
|   10368 |        57 |   15.6000 |       25 |        0 |
|   10368 |        64 |   26.6000 |       35 |        0 |
|   10369 |        29 |   99.0000 |       20 |        0 |
|   10369 |        56 |   30.4000 |       18 |        0 |
|   10370 |         1 |   14.4000 |       15 |        0 |
|   10370 |        64 |   26.6000 |       30 |        0 |
|   10370 |        74 |    8.0000 |       20 |        0 |
|   10371 |        36 |   15.2000 |        6 |        0 |
|   10372 |        20 |   64.8000 |       12 |        0 |
|   10372 |        38 |  210.8000 |       40 |        0 |
|   10372 |        60 |   27.2000 |       70 |        0 |
|   10372 |        72 |   27.8000 |       42 |        0 |
|   10373 |        58 |   10.6000 |       80 |        0 |
|   10373 |        71 |   17.2000 |       50 |        0 |
|   10374 |        31 |   10.0000 |       30 |        0 |
|   10374 |        58 |   10.6000 |       15 |        0 |
|   10375 |        14 |   18.6000 |       15 |        0 |
|   10375 |        54 |    5.9000 |       10 |        0 |
|   10376 |        31 |   10.0000 |       42 |        0 |
|   10377 |        28 |   36.4000 |       20 |        0 |
|   10377 |        39 |   14.4000 |       20 |        0 |
|   10378 |        71 |   17.2000 |        6 |        0 |
|   10379 |        41 |    7.7000 |        8 |        0 |
|   10379 |        63 |   35.1000 |       16 |        0 |
|   10379 |        65 |   16.8000 |       20 |        0 |
|   10380 |        30 |   20.7000 |       18 |        0 |
|   10380 |        53 |   26.2000 |       20 |        0 |
|   10380 |        60 |   27.2000 |        6 |        0 |
|   10380 |        70 |   12.0000 |       30 |        0 |
|   10381 |        74 |    8.0000 |       14 |        0 |
|   10382 |         5 |   17.0000 |       32 |        0 |
|   10382 |        18 |   50.0000 |        9 |        0 |
|   10382 |        29 |   99.0000 |       14 |        0 |
|   10382 |        33 |    2.0000 |       60 |        0 |
|   10382 |        74 |    8.0000 |       50 |        0 |
|   10383 |        13 |    4.8000 |       20 |        0 |
|   10383 |        50 |   13.0000 |       15 |        0 |
|   10383 |        56 |   30.4000 |       20 |        0 |
|   10384 |        20 |   64.8000 |       28 |        0 |
|   10384 |        60 |   27.2000 |       15 |        0 |
|   10385 |         7 |   24.0000 |       10 |        0 |
|   10385 |        60 |   27.2000 |       20 |        0 |
|   10385 |        68 |   10.0000 |        8 |        0 |
|   10386 |        24 |    3.6000 |       15 |        0 |
|   10386 |        34 |   11.2000 |       10 |        0 |
|   10387 |        24 |    3.6000 |       15 |        0 |
|   10387 |        28 |   36.4000 |        6 |        0 |
|   10387 |        59 |   44.0000 |       12 |        0 |
|   10387 |        71 |   17.2000 |       15 |        0 |
|   10388 |        45 |    7.6000 |       15 |        0 |
|   10388 |        52 |    5.6000 |       20 |        0 |
|   10388 |        53 |   26.2000 |       40 |        0 |
|   10389 |        10 |   24.8000 |       16 |        0 |
|   10389 |        55 |   19.2000 |       15 |        0 |
|   10389 |        62 |   39.4000 |       20 |        0 |
|   10389 |        70 |   12.0000 |       30 |        0 |
|   10390 |        31 |   10.0000 |       60 |        0 |
|   10390 |        35 |   14.4000 |       40 |        0 |
|   10390 |        46 |    9.6000 |       45 |        0 |
|   10390 |        72 |   27.8000 |       24 |        0 |
|   10391 |        13 |    4.8000 |       18 |        0 |
|   10392 |        69 |   28.8000 |       50 |        0 |
|   10393 |         2 |   15.2000 |       25 |        0 |
|   10393 |        14 |   18.6000 |       42 |        0 |
|   10393 |        25 |   11.2000 |        7 |        0 |
|   10393 |        26 |   24.9000 |       70 |        0 |
|   10393 |        31 |   10.0000 |       32 |        0 |
|   10394 |        13 |    4.8000 |       10 |        0 |
|   10394 |        62 |   39.4000 |       10 |        0 |
|   10395 |        46 |    9.6000 |       28 |        0 |
|   10395 |        53 |   26.2000 |       70 |        0 |
|   10395 |        69 |   28.8000 |        8 |        0 |
|   10396 |        23 |    7.2000 |       40 |        0 |
|   10396 |        71 |   17.2000 |       60 |        0 |
|   10396 |        72 |   27.8000 |       21 |        0 |
|   10397 |        21 |    8.0000 |       10 |        0 |
|   10397 |        51 |   42.4000 |       18 |        0 |
|   10398 |        35 |   14.4000 |       30 |        0 |
|   10398 |        55 |   19.2000 |      120 |        0 |
|   10399 |        68 |   10.0000 |       60 |        0 |
|   10399 |        71 |   17.2000 |       30 |        0 |
|   10399 |        76 |   14.4000 |       35 |        0 |
|   10399 |        77 |   10.4000 |       14 |        0 |
|   10400 |        29 |   99.0000 |       21 |        0 |
|   10400 |        35 |   14.4000 |       35 |        0 |
|   10400 |        49 |   16.0000 |       30 |        0 |
|   10401 |        30 |   20.7000 |       18 |        0 |
|   10401 |        56 |   30.4000 |       70 |        0 |
|   10401 |        65 |   16.8000 |       20 |        0 |
|   10401 |        71 |   17.2000 |       60 |        0 |
|   10402 |        23 |    7.2000 |       60 |        0 |
|   10402 |        63 |   35.1000 |       65 |        0 |
|   10403 |        16 |   13.9000 |       21 |        0 |
|   10403 |        48 |   10.2000 |       70 |        0 |
|   10404 |        26 |   24.9000 |       30 |        0 |
|   10404 |        42 |   11.2000 |       40 |        0 |
|   10404 |        49 |   16.0000 |       30 |        0 |
|   10405 |         3 |    8.0000 |       50 |        0 |
|   10406 |         1 |   14.4000 |       10 |        0 |
|   10406 |        21 |    8.0000 |       30 |        0 |
|   10406 |        28 |   36.4000 |       42 |        0 |
|   10406 |        36 |   15.2000 |        5 |        0 |
|   10406 |        40 |   14.7000 |        2 |        0 |
|   10407 |        11 |   16.8000 |       30 |        0 |
|   10407 |        69 |   28.8000 |       15 |        0 |
|   10407 |        71 |   17.2000 |       15 |        0 |
|   10408 |        37 |   20.8000 |       10 |        0 |
|   10408 |        54 |    5.9000 |        6 |        0 |
|   10408 |        62 |   39.4000 |       35 |        0 |
|   10409 |        14 |   18.6000 |       12 |        0 |
|   10409 |        21 |    8.0000 |       12 |        0 |
|   10410 |        33 |    2.0000 |       49 |        0 |
|   10410 |        59 |   44.0000 |       16 |        0 |
|   10411 |        41 |    7.7000 |       25 |        0 |
|   10411 |        44 |   15.5000 |       40 |        0 |
|   10411 |        59 |   44.0000 |        9 |        0 |
|   10412 |        14 |   18.6000 |       20 |        0 |
|   10413 |         1 |   14.4000 |       24 |        0 |
|   10413 |        62 |   39.4000 |       40 |        0 |
|   10413 |        76 |   14.4000 |       14 |        0 |
|   10414 |        19 |    7.3000 |       18 |        0 |
|   10414 |        33 |    2.0000 |       50 |        0 |
|   10415 |        17 |   31.2000 |        2 |        0 |
|   10415 |        33 |    2.0000 |       20 |        0 |
|   10416 |        19 |    7.3000 |       20 |        0 |
|   10416 |        53 |   26.2000 |       10 |        0 |
|   10416 |        57 |   15.6000 |       20 |        0 |
|   10417 |        38 |  210.8000 |       50 |        0 |
|   10417 |        46 |    9.6000 |        2 |        0 |
|   10417 |        68 |   10.0000 |       36 |        0 |
|   10417 |        77 |   10.4000 |       35 |        0 |
|   10418 |         2 |   15.2000 |       60 |        0 |
|   10418 |        47 |    7.6000 |       55 |        0 |
|   10418 |        61 |   22.8000 |       16 |        0 |
|   10418 |        74 |    8.0000 |       15 |        0 |
|   10419 |        60 |   27.2000 |       60 |        0 |
|   10419 |        69 |   28.8000 |       20 |        0 |
|   10420 |         9 |   77.6000 |       20 |        0 |
|   10420 |        13 |    4.8000 |        2 |        0 |
|   10420 |        70 |   12.0000 |        8 |        0 |
|   10420 |        73 |   12.0000 |       20 |        0 |
|   10421 |        19 |    7.3000 |        4 |        0 |
|   10421 |        26 |   24.9000 |       30 |        0 |
|   10421 |        53 |   26.2000 |       15 |        0 |
|   10421 |        77 |   10.4000 |       10 |        0 |
|   10422 |        26 |   24.9000 |        2 |        0 |
|   10423 |        31 |   10.0000 |       14 |        0 |
|   10423 |        59 |   44.0000 |       20 |        0 |
|   10424 |        35 |   14.4000 |       60 |        0 |
|   10424 |        38 |  210.8000 |       49 |        0 |
|   10424 |        68 |   10.0000 |       30 |        0 |
|   10425 |        55 |   19.2000 |       10 |        0 |
|   10425 |        76 |   14.4000 |       20 |        0 |
|   10426 |        56 |   30.4000 |        5 |        0 |
|   10426 |        64 |   26.6000 |        7 |        0 |
|   10427 |        14 |   18.6000 |       35 |        0 |
|   10428 |        46 |    9.6000 |       20 |        0 |
|   10429 |        50 |   13.0000 |       40 |        0 |
|   10429 |        63 |   35.1000 |       35 |        0 |
|   10430 |        17 |   31.2000 |       45 |        0 |
|   10430 |        21 |    8.0000 |       50 |        0 |
|   10430 |        56 |   30.4000 |       30 |        0 |
|   10430 |        59 |   44.0000 |       70 |        0 |
|   10431 |        17 |   31.2000 |       50 |        0 |
|   10431 |        40 |   14.7000 |       50 |        0 |
|   10431 |        47 |    7.6000 |       30 |        0 |
|   10432 |        26 |   24.9000 |       10 |        0 |
|   10432 |        54 |    5.9000 |       40 |        0 |
|   10433 |        56 |   30.4000 |       28 |        0 |
|   10434 |        11 |   16.8000 |        6 |        0 |
|   10434 |        76 |   14.4000 |       18 |        0 |
|   10435 |         2 |   15.2000 |       10 |        0 |
|   10435 |        22 |   16.8000 |       12 |        0 |
|   10435 |        72 |   27.8000 |       10 |        0 |
|   10436 |        46 |    9.6000 |        5 |        0 |
|   10436 |        56 |   30.4000 |       40 |        0 |
|   10436 |        64 |   26.6000 |       30 |        0 |
|   10436 |        75 |    6.2000 |       24 |        0 |
|   10437 |        53 |   26.2000 |       15 |        0 |
|   10438 |        19 |    7.3000 |       15 |        0 |
|   10438 |        34 |   11.2000 |       20 |        0 |
|   10438 |        57 |   15.6000 |       15 |        0 |
|   10439 |        12 |   30.4000 |       15 |        0 |
|   10439 |        16 |   13.9000 |       16 |        0 |
|   10439 |        64 |   26.6000 |        6 |        0 |
|   10439 |        74 |    8.0000 |       30 |        0 |
|   10440 |         2 |   15.2000 |       45 |        0 |
|   10440 |        16 |   13.9000 |       49 |        0 |
|   10440 |        29 |   99.0000 |       24 |        0 |
|   10440 |        61 |   22.8000 |       90 |        0 |
|   10441 |        27 |   35.1000 |       50 |        0 |
|   10442 |        11 |   16.8000 |       30 |        0 |
|   10442 |        54 |    5.9000 |       80 |        0 |
|   10442 |        66 |   13.6000 |       60 |        0 |
|   10443 |        11 |   16.8000 |        6 |        0 |
|   10443 |        28 |   36.4000 |       12 |        0 |
|   10444 |        17 |   31.2000 |       10 |        0 |
|   10444 |        26 |   24.9000 |       15 |        0 |
|   10444 |        35 |   14.4000 |        8 |        0 |
|   10444 |        41 |    7.7000 |       30 |        0 |
|   10445 |        39 |   14.4000 |        6 |        0 |
|   10445 |        54 |    5.9000 |       15 |        0 |
|   10446 |        19 |    7.3000 |       12 |        0 |
|   10446 |        24 |    3.6000 |       20 |        0 |
|   10446 |        31 |   10.0000 |        3 |        0 |
|   10446 |        52 |    5.6000 |       15 |        0 |
|   10447 |        19 |    7.3000 |       40 |        0 |
|   10447 |        65 |   16.8000 |       35 |        0 |
|   10447 |        71 |   17.2000 |        2 |        0 |
|   10448 |        26 |   24.9000 |        6 |        0 |
|   10448 |        40 |   14.7000 |       20 |        0 |
|   10449 |        10 |   24.8000 |       14 |        0 |
|   10449 |        52 |    5.6000 |       20 |        0 |
|   10449 |        62 |   39.4000 |       35 |        0 |
|   10450 |        10 |   24.8000 |       20 |        0 |
|   10450 |        54 |    5.9000 |        6 |        0 |
|   10451 |        55 |   19.2000 |      120 |        0 |
|   10451 |        64 |   26.6000 |       35 |        0 |
|   10451 |        65 |   16.8000 |       28 |        0 |
|   10451 |        77 |   10.4000 |       55 |        0 |
|   10452 |        28 |   36.4000 |       15 |        0 |
|   10452 |        44 |   15.5000 |      100 |        0 |
|   10453 |        48 |   10.2000 |       15 |        0 |
|   10453 |        70 |   12.0000 |       25 |        0 |
|   10454 |        16 |   13.9000 |       20 |        0 |
|   10454 |        33 |    2.0000 |       20 |        0 |
|   10454 |        46 |    9.6000 |       10 |        0 |
|   10455 |        39 |   14.4000 |       20 |        0 |
|   10455 |        53 |   26.2000 |       50 |        0 |
|   10455 |        61 |   22.8000 |       25 |        0 |
|   10455 |        71 |   17.2000 |       30 |        0 |
|   10456 |        21 |    8.0000 |       40 |        0 |
|   10456 |        49 |   16.0000 |       21 |        0 |
|   10457 |        59 |   44.0000 |       36 |        0 |
|   10458 |        26 |   24.9000 |       30 |        0 |
|   10458 |        28 |   36.4000 |       30 |        0 |
|   10458 |        43 |   36.8000 |       20 |        0 |
|   10458 |        56 |   30.4000 |       15 |        0 |
|   10458 |        71 |   17.2000 |       50 |        0 |
|   10459 |         7 |   24.0000 |       16 |        0 |
|   10459 |        46 |    9.6000 |       20 |        0 |
|   10459 |        72 |   27.8000 |       40 |        0 |
|   10460 |        68 |   10.0000 |       21 |        0 |
|   10460 |        75 |    6.2000 |        4 |        0 |
|   10461 |        21 |    8.0000 |       40 |        0 |
|   10461 |        30 |   20.7000 |       28 |        0 |
|   10461 |        55 |   19.2000 |       60 |        0 |
|   10462 |        13 |    4.8000 |        1 |        0 |
|   10462 |        23 |    7.2000 |       21 |        0 |
|   10463 |        19 |    7.3000 |       21 |        0 |
|   10463 |        42 |   11.2000 |       50 |        0 |
|   10464 |         4 |   17.6000 |       16 |        0 |
|   10464 |        43 |   36.8000 |        3 |        0 |
|   10464 |        56 |   30.4000 |       30 |        0 |
|   10464 |        60 |   27.2000 |       20 |        0 |
|   10465 |        24 |    3.6000 |       25 |        0 |
|   10465 |        29 |   99.0000 |       18 |        0 |
|   10465 |        40 |   14.7000 |       20 |        0 |
|   10465 |        45 |    7.6000 |       30 |        0 |
|   10465 |        50 |   13.0000 |       25 |        0 |
|   10466 |        11 |   16.8000 |       10 |        0 |
|   10466 |        46 |    9.6000 |        5 |        0 |
|   10467 |        24 |    3.6000 |       28 |        0 |
|   10467 |        25 |   11.2000 |       12 |        0 |
|   10468 |        30 |   20.7000 |        8 |        0 |
|   10468 |        43 |   36.8000 |       15 |        0 |
|   10469 |         2 |   15.2000 |       40 |        0 |
|   10469 |        16 |   13.9000 |       35 |        0 |
|   10469 |        44 |   15.5000 |        2 |        0 |
|   10470 |        18 |   50.0000 |       30 |        0 |
|   10470 |        23 |    7.2000 |       15 |        0 |
|   10470 |        64 |   26.6000 |        8 |        0 |
|   10471 |         7 |   24.0000 |       30 |        0 |
|   10471 |        56 |   30.4000 |       20 |        0 |
|   10472 |        24 |    3.6000 |       80 |        0 |
|   10472 |        51 |   42.4000 |       18 |        0 |
|   10473 |        33 |    2.0000 |       12 |        0 |
|   10473 |        71 |   17.2000 |       12 |        0 |
|   10474 |        14 |   18.6000 |       12 |        0 |
|   10474 |        28 |   36.4000 |       18 |        0 |
|   10474 |        40 |   14.7000 |       21 |        0 |
|   10474 |        75 |    6.2000 |       10 |        0 |
|   10475 |        31 |   10.0000 |       35 |        0 |
|   10475 |        66 |   13.6000 |       60 |        0 |
|   10475 |        76 |   14.4000 |       42 |        0 |
|   10476 |        55 |   19.2000 |        2 |        0 |
|   10476 |        70 |   12.0000 |       12 |        0 |
|   10477 |         1 |   14.4000 |       15 |        0 |
|   10477 |        21 |    8.0000 |       21 |        0 |
|   10477 |        39 |   14.4000 |       20 |        0 |
|   10478 |        10 |   24.8000 |       20 |        0 |
|   10479 |        38 |  210.8000 |       30 |        0 |
|   10479 |        53 |   26.2000 |       28 |        0 |
|   10479 |        59 |   44.0000 |       60 |        0 |
|   10479 |        64 |   26.6000 |       30 |        0 |
|   10480 |        47 |    7.6000 |       30 |        0 |
|   10480 |        59 |   44.0000 |       12 |        0 |
|   10481 |        49 |   16.0000 |       24 |        0 |
|   10481 |        60 |   27.2000 |       40 |        0 |
|   10482 |        40 |   14.7000 |       10 |        0 |
|   10483 |        34 |   11.2000 |       35 |        0 |
|   10483 |        77 |   10.4000 |       30 |        0 |
|   10484 |        21 |    8.0000 |       14 |        0 |
|   10484 |        40 |   14.7000 |       10 |        0 |
|   10484 |        51 |   42.4000 |        3 |        0 |
|   10485 |         2 |   15.2000 |       20 |        0 |
|   10485 |         3 |    8.0000 |       20 |        0 |
|   10485 |        55 |   19.2000 |       30 |        0 |
|   10485 |        70 |   12.0000 |       60 |        0 |
|   10486 |        11 |   16.8000 |        5 |        0 |
|   10486 |        51 |   42.4000 |       25 |        0 |
|   10486 |        74 |    8.0000 |       16 |        0 |
|   10487 |        19 |    7.3000 |        5 |        0 |
|   10487 |        26 |   24.9000 |       30 |        0 |
|   10487 |        54 |    5.9000 |       24 |        0 |
|   10488 |        59 |   44.0000 |       30 |        0 |
|   10488 |        73 |   12.0000 |       20 |        0 |
|   10489 |        11 |   16.8000 |       15 |        0 |
|   10489 |        16 |   13.9000 |       18 |        0 |
|   10490 |        59 |   44.0000 |       60 |        0 |
|   10490 |        68 |   10.0000 |       30 |        0 |
|   10490 |        75 |    6.2000 |       36 |        0 |
|   10491 |        44 |   15.5000 |       15 |        0 |
|   10491 |        77 |   10.4000 |        7 |        0 |
|   10492 |        25 |   11.2000 |       60 |        0 |
|   10492 |        42 |   11.2000 |       20 |        0 |
|   10493 |        65 |   16.8000 |       15 |        0 |
|   10493 |        66 |   13.6000 |       10 |        0 |
|   10493 |        69 |   28.8000 |       10 |        0 |
|   10494 |        56 |   30.4000 |       30 |        0 |
|   10495 |        23 |    7.2000 |       10 |        0 |
|   10495 |        41 |    7.7000 |       20 |        0 |
|   10495 |        77 |   10.4000 |        5 |        0 |
|   10496 |        31 |   10.0000 |       20 |        0 |
|   10497 |        56 |   30.4000 |       14 |        0 |
|   10497 |        72 |   27.8000 |       25 |        0 |
|   10497 |        77 |   10.4000 |       25 |        0 |
|   10498 |        24 |    4.5000 |       14 |        0 |
|   10498 |        40 |   18.4000 |        5 |        0 |
|   10498 |        42 |   14.0000 |       30 |        0 |
|   10499 |        28 |   45.6000 |       20 |        0 |
|   10499 |        49 |   20.0000 |       25 |        0 |
|   10500 |        15 |   15.5000 |       12 |        0 |
|   10500 |        28 |   45.6000 |        8 |        0 |
|   10501 |        54 |    7.4500 |       20 |        0 |
|   10502 |        45 |    9.5000 |       21 |        0 |
|   10502 |        53 |   32.8000 |        6 |        0 |
|   10502 |        67 |   14.0000 |       30 |        0 |
|   10503 |        14 |   23.2500 |       70 |        0 |
|   10503 |        65 |   21.0500 |       20 |        0 |
|   10504 |         2 |   19.0000 |       12 |        0 |
|   10504 |        21 |   10.0000 |       12 |        0 |
|   10504 |        53 |   32.8000 |       10 |        0 |
|   10504 |        61 |   28.5000 |       25 |        0 |
|   10505 |        62 |   49.3000 |        3 |        0 |
|   10506 |        25 |   14.0000 |       18 |        0 |
|   10506 |        70 |   15.0000 |       14 |        0 |
|   10507 |        43 |   46.0000 |       15 |        0 |
|   10507 |        48 |   12.7500 |       15 |        0 |
|   10508 |        13 |    6.0000 |       10 |        0 |
|   10508 |        39 |   18.0000 |       10 |        0 |
|   10509 |        28 |   45.6000 |        3 |        0 |
|   10510 |        29 |  123.7900 |       36 |        0 |
|   10510 |        75 |    7.7500 |       36 |        0 |
|   10511 |         4 |   22.0000 |       50 |        0 |
|   10511 |         7 |   30.0000 |       50 |        0 |
|   10511 |         8 |   40.0000 |       10 |        0 |
|   10512 |        24 |    4.5000 |       10 |        0 |
|   10512 |        46 |   12.0000 |        9 |        0 |
|   10512 |        47 |    9.5000 |        6 |        0 |
|   10512 |        60 |   34.0000 |       12 |        0 |
|   10513 |        21 |   10.0000 |       40 |        0 |
|   10513 |        32 |   32.0000 |       50 |        0 |
|   10513 |        61 |   28.5000 |       15 |        0 |
|   10514 |        20 |   81.0000 |       39 |        0 |
|   10514 |        28 |   45.6000 |       35 |        0 |
|   10514 |        56 |   38.0000 |       70 |        0 |
|   10514 |        65 |   21.0500 |       39 |        0 |
|   10514 |        75 |    7.7500 |       50 |        0 |
|   10515 |         9 |   97.0000 |       16 |        0 |
|   10515 |        16 |   17.4500 |       50 |        0 |
|   10515 |        27 |   43.9000 |      120 |        0 |
|   10515 |        33 |    2.5000 |       16 |        0 |
|   10515 |        60 |   34.0000 |       84 |        0 |
|   10516 |        18 |   62.5000 |       25 |        0 |
|   10516 |        41 |    9.6500 |       80 |        0 |
|   10516 |        42 |   14.0000 |       20 |        0 |
|   10517 |        52 |    7.0000 |        6 |        0 |
|   10517 |        59 |   55.0000 |        4 |        0 |
|   10517 |        70 |   15.0000 |        6 |        0 |
|   10518 |        24 |    4.5000 |        5 |        0 |
|   10518 |        38 |  263.5000 |       15 |        0 |
|   10518 |        44 |   19.4500 |        9 |        0 |
|   10519 |        10 |   31.0000 |       16 |        0 |
|   10519 |        56 |   38.0000 |       40 |        0 |
|   10519 |        60 |   34.0000 |       10 |        0 |
|   10520 |        24 |    4.5000 |        8 |        0 |
|   10520 |        53 |   32.8000 |        5 |        0 |
|   10521 |        35 |   18.0000 |        3 |        0 |
|   10521 |        41 |    9.6500 |       10 |        0 |
|   10521 |        68 |   12.5000 |        6 |        0 |
|   10522 |         1 |   18.0000 |       40 |        0 |
|   10522 |         8 |   40.0000 |       24 |        0 |
|   10522 |        30 |   25.8900 |       20 |        0 |
|   10522 |        40 |   18.4000 |       25 |        0 |
|   10523 |        17 |   39.0000 |       25 |        0 |
|   10523 |        20 |   81.0000 |       15 |        0 |
|   10523 |        37 |   26.0000 |       18 |        0 |
|   10523 |        41 |    9.6500 |        6 |        0 |
|   10524 |        10 |   31.0000 |        2 |        0 |
|   10524 |        30 |   25.8900 |       10 |        0 |
|   10524 |        43 |   46.0000 |       60 |        0 |
|   10524 |        54 |    7.4500 |       15 |        0 |
|   10525 |        36 |   19.0000 |       30 |        0 |
|   10525 |        40 |   18.4000 |       15 |        0 |
|   10526 |         1 |   18.0000 |        8 |        0 |
|   10526 |        13 |    6.0000 |       10 |        0 |
|   10526 |        56 |   38.0000 |       30 |        0 |
|   10527 |         4 |   22.0000 |       50 |        0 |
|   10527 |        36 |   19.0000 |       30 |        0 |
|   10528 |        11 |   21.0000 |        3 |        0 |
|   10528 |        33 |    2.5000 |        8 |        0 |
|   10528 |        72 |   34.8000 |        9 |        0 |
|   10529 |        55 |   24.0000 |       14 |        0 |
|   10529 |        68 |   12.5000 |       20 |        0 |
|   10529 |        69 |   36.0000 |       10 |        0 |
|   10530 |        17 |   39.0000 |       40 |        0 |
|   10530 |        43 |   46.0000 |       25 |        0 |
|   10530 |        61 |   28.5000 |       20 |        0 |
|   10530 |        76 |   18.0000 |       50 |        0 |
|   10531 |        59 |   55.0000 |        2 |        0 |
|   10532 |        30 |   25.8900 |       15 |        0 |
|   10532 |        66 |   17.0000 |       24 |        0 |
|   10533 |         4 |   22.0000 |       50 |        0 |
|   10533 |        72 |   34.8000 |       24 |        0 |
|   10533 |        73 |   15.0000 |       24 |        0 |
|   10534 |        30 |   25.8900 |       10 |        0 |
|   10534 |        40 |   18.4000 |       10 |        0 |
|   10534 |        54 |    7.4500 |       10 |        0 |
|   10535 |        11 |   21.0000 |       50 |        0 |
|   10535 |        40 |   18.4000 |       10 |        0 |
|   10535 |        57 |   19.5000 |        5 |        0 |
|   10535 |        59 |   55.0000 |       15 |        0 |
|   10536 |        12 |   38.0000 |       15 |        0 |
|   10536 |        31 |   12.5000 |       20 |        0 |
|   10536 |        33 |    2.5000 |       30 |        0 |
|   10536 |        60 |   34.0000 |       35 |        0 |
|   10537 |        31 |   12.5000 |       30 |        0 |
|   10537 |        51 |   53.0000 |        6 |        0 |
|   10537 |        58 |   13.2500 |       20 |        0 |
|   10537 |        72 |   34.8000 |       21 |        0 |
|   10537 |        73 |   15.0000 |        9 |        0 |
|   10538 |        70 |   15.0000 |        7 |        0 |
|   10538 |        72 |   34.8000 |        1 |        0 |
|   10539 |        13 |    6.0000 |        8 |        0 |
|   10539 |        21 |   10.0000 |       15 |        0 |
|   10539 |        33 |    2.5000 |       15 |        0 |
|   10539 |        49 |   20.0000 |        6 |        0 |
|   10540 |         3 |   10.0000 |       60 |        0 |
|   10540 |        26 |   31.2300 |       40 |        0 |
|   10540 |        38 |  263.5000 |       30 |        0 |
|   10540 |        68 |   12.5000 |       35 |        0 |
|   10541 |        24 |    4.5000 |       35 |        0 |
|   10541 |        38 |  263.5000 |        4 |        0 |
|   10541 |        65 |   21.0500 |       36 |        0 |
|   10541 |        71 |   21.5000 |        9 |        0 |
|   10542 |        11 |   21.0000 |       15 |        0 |
|   10542 |        54 |    7.4500 |       24 |        0 |
|   10543 |        12 |   38.0000 |       30 |        0 |
|   10543 |        23 |    9.0000 |       70 |        0 |
|   10544 |        28 |   45.6000 |        7 |        0 |
|   10544 |        67 |   14.0000 |        7 |        0 |
|   10545 |        11 |   21.0000 |       10 |        0 |
|   10546 |         7 |   30.0000 |       10 |        0 |
|   10546 |        35 |   18.0000 |       30 |        0 |
|   10546 |        62 |   49.3000 |       40 |        0 |
|   10547 |        32 |   32.0000 |       24 |        0 |
|   10547 |        36 |   19.0000 |       60 |        0 |
|   10548 |        34 |   14.0000 |       10 |        0 |
|   10548 |        41 |    9.6500 |       14 |        0 |
|   10549 |        31 |   12.5000 |       55 |        0 |
|   10549 |        45 |    9.5000 |      100 |        0 |
|   10549 |        51 |   53.0000 |       48 |        0 |
|   10550 |        17 |   39.0000 |        8 |        0 |
|   10550 |        19 |    9.2000 |       10 |        0 |
|   10550 |        21 |   10.0000 |        6 |        0 |
|   10550 |        61 |   28.5000 |       10 |        0 |
|   10551 |        16 |   17.4500 |       40 |        0 |
|   10551 |        35 |   18.0000 |       20 |        0 |
|   10551 |        44 |   19.4500 |       40 |        0 |
|   10552 |        69 |   36.0000 |       18 |        0 |
|   10552 |        75 |    7.7500 |       30 |        0 |
|   10553 |        11 |   21.0000 |       15 |        0 |
|   10553 |        16 |   17.4500 |       14 |        0 |
|   10553 |        22 |   21.0000 |       24 |        0 |
|   10553 |        31 |   12.5000 |       30 |        0 |
|   10553 |        35 |   18.0000 |        6 |        0 |
|   10554 |        16 |   17.4500 |       30 |        0 |
|   10554 |        23 |    9.0000 |       20 |        0 |
|   10554 |        62 |   49.3000 |       20 |        0 |
|   10554 |        77 |   13.0000 |       10 |        0 |
|   10555 |        14 |   23.2500 |       30 |        0 |
|   10555 |        19 |    9.2000 |       35 |        0 |
|   10555 |        24 |    4.5000 |       18 |        0 |
|   10555 |        51 |   53.0000 |       20 |        0 |
|   10555 |        56 |   38.0000 |       40 |        0 |
|   10556 |        72 |   34.8000 |       24 |        0 |
|   10557 |        64 |   33.2500 |       30 |        0 |
|   10557 |        75 |    7.7500 |       20 |        0 |
|   10558 |        47 |    9.5000 |       25 |        0 |
|   10558 |        51 |   53.0000 |       20 |        0 |
|   10558 |        52 |    7.0000 |       30 |        0 |
|   10558 |        53 |   32.8000 |       18 |        0 |
|   10558 |        73 |   15.0000 |        3 |        0 |
|   10559 |        41 |    9.6500 |       12 |        0 |
|   10559 |        55 |   24.0000 |       18 |        0 |
|   10560 |        30 |   25.8900 |       20 |        0 |
|   10560 |        62 |   49.3000 |       15 |        0 |
|   10561 |        44 |   19.4500 |       10 |        0 |
|   10561 |        51 |   53.0000 |       50 |        0 |
|   10562 |        33 |    2.5000 |       20 |        0 |
|   10562 |        62 |   49.3000 |       10 |        0 |
|   10563 |        36 |   19.0000 |       25 |        0 |
|   10563 |        52 |    7.0000 |       70 |        0 |
|   10564 |        17 |   39.0000 |       16 |        0 |
|   10564 |        31 |   12.5000 |        6 |        0 |
|   10564 |        55 |   24.0000 |       25 |        0 |
|   10565 |        24 |    4.5000 |       25 |        0 |
|   10565 |        64 |   33.2500 |       18 |        0 |
|   10566 |        11 |   21.0000 |       35 |        0 |
|   10566 |        18 |   62.5000 |       18 |        0 |
|   10566 |        76 |   18.0000 |       10 |        0 |
|   10567 |        31 |   12.5000 |       60 |        0 |
|   10567 |        51 |   53.0000 |        3 |        0 |
|   10567 |        59 |   55.0000 |       40 |        0 |
|   10568 |        10 |   31.0000 |        5 |        0 |
|   10569 |        31 |   12.5000 |       35 |        0 |
|   10569 |        76 |   18.0000 |       30 |        0 |
|   10570 |        11 |   21.0000 |       15 |        0 |
|   10570 |        56 |   38.0000 |       60 |        0 |
|   10571 |        14 |   23.2500 |       11 |        0 |
|   10571 |        42 |   14.0000 |       28 |        0 |
|   10572 |        16 |   17.4500 |       12 |        0 |
|   10572 |        32 |   32.0000 |       10 |        0 |
|   10572 |        40 |   18.4000 |       50 |        0 |
|   10572 |        75 |    7.7500 |       15 |        0 |
|   10573 |        17 |   39.0000 |       18 |        0 |
|   10573 |        34 |   14.0000 |       40 |        0 |
|   10573 |        53 |   32.8000 |       25 |        0 |
|   10574 |        33 |    2.5000 |       14 |        0 |
|   10574 |        40 |   18.4000 |        2 |        0 |
|   10574 |        62 |   49.3000 |       10 |        0 |
|   10574 |        64 |   33.2500 |        6 |        0 |
|   10575 |        59 |   55.0000 |       12 |        0 |
|   10575 |        63 |   43.9000 |        6 |        0 |
|   10575 |        72 |   34.8000 |       30 |        0 |
|   10575 |        76 |   18.0000 |       10 |        0 |
|   10576 |         1 |   18.0000 |       10 |        0 |
|   10576 |        31 |   12.5000 |       20 |        0 |
|   10576 |        44 |   19.4500 |       21 |        0 |
|   10577 |        39 |   18.0000 |       10 |        0 |
|   10577 |        75 |    7.7500 |       20 |        0 |
|   10577 |        77 |   13.0000 |       18 |        0 |
|   10578 |        35 |   18.0000 |       20 |        0 |
|   10578 |        57 |   19.5000 |        6 |        0 |
|   10579 |        15 |   15.5000 |       10 |        0 |
|   10579 |        75 |    7.7500 |       21 |        0 |
|   10580 |        14 |   23.2500 |       15 |        0 |
|   10580 |        41 |    9.6500 |        9 |        0 |
|   10580 |        65 |   21.0500 |       30 |        0 |
|   10581 |        75 |    7.7500 |       50 |        0 |
|   10582 |        57 |   19.5000 |        4 |        0 |
|   10582 |        76 |   18.0000 |       14 |        0 |
|   10583 |        29 |  123.7900 |       10 |        0 |
|   10583 |        60 |   34.0000 |       24 |        0 |
|   10583 |        69 |   36.0000 |       10 |        0 |
|   10584 |        31 |   12.5000 |       50 |        0 |
|   10585 |        47 |    9.5000 |       15 |        0 |
|   10586 |        52 |    7.0000 |        4 |        0 |
|   10587 |        26 |   31.2300 |        6 |        0 |
|   10587 |        35 |   18.0000 |       20 |        0 |
|   10587 |        77 |   13.0000 |       20 |        0 |
|   10588 |        18 |   62.5000 |       40 |        0 |
|   10588 |        42 |   14.0000 |      100 |        0 |
|   10589 |        35 |   18.0000 |        4 |        0 |
|   10590 |         1 |   18.0000 |       20 |        0 |
|   10590 |        77 |   13.0000 |       60 |        0 |
|   10591 |         3 |   10.0000 |       14 |        0 |
|   10591 |         7 |   30.0000 |       10 |        0 |
|   10591 |        54 |    7.4500 |       50 |        0 |
|   10592 |        15 |   15.5000 |       25 |        0 |
|   10592 |        26 |   31.2300 |        5 |        0 |
|   10593 |        20 |   81.0000 |       21 |        0 |
|   10593 |        69 |   36.0000 |       20 |        0 |
|   10593 |        76 |   18.0000 |        4 |        0 |
|   10594 |        52 |    7.0000 |       24 |        0 |
|   10594 |        58 |   13.2500 |       30 |        0 |
|   10595 |        35 |   18.0000 |       30 |        0 |
|   10595 |        61 |   28.5000 |      120 |        0 |
|   10595 |        69 |   36.0000 |       65 |        0 |
|   10596 |        56 |   38.0000 |        5 |        0 |
|   10596 |        63 |   43.9000 |       24 |        0 |
|   10596 |        75 |    7.7500 |       30 |        0 |
|   10597 |        24 |    4.5000 |       35 |        0 |
|   10597 |        57 |   19.5000 |       20 |        0 |
|   10597 |        65 |   21.0500 |       12 |        0 |
|   10598 |        27 |   43.9000 |       50 |        0 |
|   10598 |        71 |   21.5000 |        9 |        0 |
|   10599 |        62 |   49.3000 |       10 |        0 |
|   10600 |        54 |    7.4500 |        4 |        0 |
|   10600 |        73 |   15.0000 |       30 |        0 |
|   10601 |        13 |    6.0000 |       60 |        0 |
|   10601 |        59 |   55.0000 |       35 |        0 |
|   10602 |        77 |   13.0000 |        5 |        0 |
|   10603 |        22 |   21.0000 |       48 |        0 |
|   10603 |        49 |   20.0000 |       25 |        0 |
|   10604 |        48 |   12.7500 |        6 |        0 |
|   10604 |        76 |   18.0000 |       10 |        0 |
|   10605 |        16 |   17.4500 |       30 |        0 |
|   10605 |        59 |   55.0000 |       20 |        0 |
|   10605 |        60 |   34.0000 |       70 |        0 |
|   10605 |        71 |   21.5000 |       15 |        0 |
|   10606 |         4 |   22.0000 |       20 |        0 |
|   10606 |        55 |   24.0000 |       20 |        0 |
|   10606 |        62 |   49.3000 |       10 |        0 |
|   10607 |         7 |   30.0000 |       45 |        0 |
|   10607 |        17 |   39.0000 |      100 |        0 |
|   10607 |        33 |    2.5000 |       14 |        0 |
|   10607 |        40 |   18.4000 |       42 |        0 |
|   10607 |        72 |   34.8000 |       12 |        0 |
|   10608 |        56 |   38.0000 |       28 |        0 |
|   10609 |         1 |   18.0000 |        3 |        0 |
|   10609 |        10 |   31.0000 |       10 |        0 |
|   10609 |        21 |   10.0000 |        6 |        0 |
|   10610 |        36 |   19.0000 |       21 |        0 |
|   10611 |         1 |   18.0000 |        6 |        0 |
|   10611 |         2 |   19.0000 |       10 |        0 |
|   10611 |        60 |   34.0000 |       15 |        0 |
|   10612 |        10 |   31.0000 |       70 |        0 |
|   10612 |        36 |   19.0000 |       55 |        0 |
|   10612 |        49 |   20.0000 |       18 |        0 |
|   10612 |        60 |   34.0000 |       40 |        0 |
|   10612 |        76 |   18.0000 |       80 |        0 |
|   10613 |        13 |    6.0000 |        8 |        0 |
|   10613 |        75 |    7.7500 |       40 |        0 |
|   10614 |        11 |   21.0000 |       14 |        0 |
|   10614 |        21 |   10.0000 |        8 |        0 |
|   10614 |        39 |   18.0000 |        5 |        0 |
|   10615 |        55 |   24.0000 |        5 |        0 |
|   10616 |        38 |  263.5000 |       15 |        0 |
|   10616 |        56 |   38.0000 |       14 |        0 |
|   10616 |        70 |   15.0000 |       15 |        0 |
|   10616 |        71 |   21.5000 |       15 |        0 |
|   10617 |        59 |   55.0000 |       30 |        0 |
|   10618 |         6 |   25.0000 |       70 |        0 |
|   10618 |        56 |   38.0000 |       20 |        0 |
|   10618 |        68 |   12.5000 |       15 |        0 |
|   10619 |        21 |   10.0000 |       42 |        0 |
|   10619 |        22 |   21.0000 |       40 |        0 |
|   10620 |        24 |    4.5000 |        5 |        0 |
|   10620 |        52 |    7.0000 |        5 |        0 |
|   10621 |        19 |    9.2000 |        5 |        0 |
|   10621 |        23 |    9.0000 |       10 |        0 |
|   10621 |        70 |   15.0000 |       20 |        0 |
|   10621 |        71 |   21.5000 |       15 |        0 |
|   10622 |         2 |   19.0000 |       20 |        0 |
|   10622 |        68 |   12.5000 |       18 |        0 |
|   10623 |        14 |   23.2500 |       21 |        0 |
|   10623 |        19 |    9.2000 |       15 |        0 |
|   10623 |        21 |   10.0000 |       25 |        0 |
|   10623 |        24 |    4.5000 |        3 |        0 |
|   10623 |        35 |   18.0000 |       30 |        0 |
|   10624 |        28 |   45.6000 |       10 |        0 |
|   10624 |        29 |  123.7900 |        6 |        0 |
|   10624 |        44 |   19.4500 |       10 |        0 |
|   10625 |        14 |   23.2500 |        3 |        0 |
|   10625 |        42 |   14.0000 |        5 |        0 |
|   10625 |        60 |   34.0000 |       10 |        0 |
|   10626 |        53 |   32.8000 |       12 |        0 |
|   10626 |        60 |   34.0000 |       20 |        0 |
|   10626 |        71 |   21.5000 |       20 |        0 |
|   10627 |        62 |   49.3000 |       15 |        0 |
|   10627 |        73 |   15.0000 |       35 |        0 |
|   10628 |         1 |   18.0000 |       25 |        0 |
|   10629 |        29 |  123.7900 |       20 |        0 |
|   10629 |        64 |   33.2500 |        9 |        0 |
|   10630 |        55 |   24.0000 |       12 |        0 |
|   10630 |        76 |   18.0000 |       35 |        0 |
|   10631 |        75 |    7.7500 |        8 |        0 |
|   10632 |         2 |   19.0000 |       30 |        0 |
|   10632 |        33 |    2.5000 |       20 |        0 |
|   10633 |        12 |   38.0000 |       36 |        0 |
|   10633 |        13 |    6.0000 |       13 |        0 |
|   10633 |        26 |   31.2300 |       35 |        0 |
|   10633 |        62 |   49.3000 |       80 |        0 |
|   10634 |         7 |   30.0000 |       35 |        0 |
|   10634 |        18 |   62.5000 |       50 |        0 |
|   10634 |        51 |   53.0000 |       15 |        0 |
|   10634 |        75 |    7.7500 |        2 |        0 |
|   10635 |         4 |   22.0000 |       10 |        0 |
|   10635 |         5 |   21.3500 |       15 |        0 |
|   10635 |        22 |   21.0000 |       40 |        0 |
|   10636 |         4 |   22.0000 |       25 |        0 |
|   10636 |        58 |   13.2500 |        6 |        0 |
|   10637 |        11 |   21.0000 |       10 |        0 |
|   10637 |        50 |   16.2500 |       25 |        0 |
|   10637 |        56 |   38.0000 |       60 |        0 |
|   10638 |        45 |    9.5000 |       20 |        0 |
|   10638 |        65 |   21.0500 |       21 |        0 |
|   10638 |        72 |   34.8000 |       60 |        0 |
|   10639 |        18 |   62.5000 |        8 |        0 |
|   10640 |        69 |   36.0000 |       20 |        0 |
|   10640 |        70 |   15.0000 |       15 |        0 |
|   10641 |         2 |   19.0000 |       50 |        0 |
|   10641 |        40 |   18.4000 |       60 |        0 |
|   10642 |        21 |   10.0000 |       30 |        0 |
|   10642 |        61 |   28.5000 |       20 |        0 |
|   10643 |        28 |   45.6000 |       15 |        0 |
|   10643 |        39 |   18.0000 |       21 |        0 |
|   10643 |        46 |   12.0000 |        2 |        0 |
|   10644 |        18 |   62.5000 |        4 |        0 |
|   10644 |        43 |   46.0000 |       20 |        0 |
|   10644 |        46 |   12.0000 |       21 |        0 |
|   10645 |        18 |   62.5000 |       20 |        0 |
|   10645 |        36 |   19.0000 |       15 |        0 |
|   10646 |         1 |   18.0000 |       15 |        0 |
|   10646 |        10 |   31.0000 |       18 |        0 |
|   10646 |        71 |   21.5000 |       30 |        0 |
|   10646 |        77 |   13.0000 |       35 |        0 |
|   10647 |        19 |    9.2000 |       30 |        0 |
|   10647 |        39 |   18.0000 |       20 |        0 |
|   10648 |        22 |   21.0000 |       15 |        0 |
|   10648 |        24 |    4.5000 |       15 |        0 |
|   10649 |        28 |   45.6000 |       20 |        0 |
|   10649 |        72 |   34.8000 |       15 |        0 |
|   10650 |        30 |   25.8900 |       30 |        0 |
|   10650 |        53 |   32.8000 |       25 |        0 |
|   10650 |        54 |    7.4500 |       30 |        0 |
|   10651 |        19 |    9.2000 |       12 |        0 |
|   10651 |        22 |   21.0000 |       20 |        0 |
|   10652 |        30 |   25.8900 |        2 |        0 |
|   10652 |        42 |   14.0000 |       20 |        0 |
|   10653 |        16 |   17.4500 |       30 |        0 |
|   10653 |        60 |   34.0000 |       20 |        0 |
|   10654 |         4 |   22.0000 |       12 |        0 |
|   10654 |        39 |   18.0000 |       20 |        0 |
|   10654 |        54 |    7.4500 |        6 |        0 |
|   10655 |        41 |    9.6500 |       20 |        0 |
|   10656 |        14 |   23.2500 |        3 |        0 |
|   10656 |        44 |   19.4500 |       28 |        0 |
|   10656 |        47 |    9.5000 |        6 |        0 |
|   10657 |        15 |   15.5000 |       50 |        0 |
|   10657 |        41 |    9.6500 |       24 |        0 |
|   10657 |        46 |   12.0000 |       45 |        0 |
|   10657 |        47 |    9.5000 |       10 |        0 |
|   10657 |        56 |   38.0000 |       45 |        0 |
|   10657 |        60 |   34.0000 |       30 |        0 |
|   10658 |        21 |   10.0000 |       60 |        0 |
|   10658 |        40 |   18.4000 |       70 |        0 |
|   10658 |        60 |   34.0000 |       55 |        0 |
|   10658 |        77 |   13.0000 |       70 |        0 |
|   10659 |        31 |   12.5000 |       20 |        0 |
|   10659 |        40 |   18.4000 |       24 |        0 |
|   10659 |        70 |   15.0000 |       40 |        0 |
|   10660 |        20 |   81.0000 |       21 |        0 |
|   10661 |        39 |   18.0000 |        3 |        0 |
|   10661 |        58 |   13.2500 |       49 |        0 |
|   10662 |        68 |   12.5000 |       10 |        0 |
|   10663 |        40 |   18.4000 |       30 |        0 |
|   10663 |        42 |   14.0000 |       30 |        0 |
|   10663 |        51 |   53.0000 |       20 |        0 |
|   10664 |        10 |   31.0000 |       24 |        0 |
|   10664 |        56 |   38.0000 |       12 |        0 |
|   10664 |        65 |   21.0500 |       15 |        0 |
|   10665 |        51 |   53.0000 |       20 |        0 |
|   10665 |        59 |   55.0000 |        1 |        0 |
|   10665 |        76 |   18.0000 |       10 |        0 |
|   10666 |        29 |  123.7900 |       36 |        0 |
|   10666 |        65 |   21.0500 |       10 |        0 |
|   10667 |        69 |   36.0000 |       45 |        0 |
|   10667 |        71 |   21.5000 |       14 |        0 |
|   10668 |        31 |   12.5000 |        8 |        0 |
|   10668 |        55 |   24.0000 |        4 |        0 |
|   10668 |        64 |   33.2500 |       15 |        0 |
|   10669 |        36 |   19.0000 |       30 |        0 |
|   10670 |        23 |    9.0000 |       32 |        0 |
|   10670 |        46 |   12.0000 |       60 |        0 |
|   10670 |        67 |   14.0000 |       25 |        0 |
|   10670 |        73 |   15.0000 |       50 |        0 |
|   10670 |        75 |    7.7500 |       25 |        0 |
|   10671 |        16 |   17.4500 |       10 |        0 |
|   10671 |        62 |   49.3000 |       10 |        0 |
|   10671 |        65 |   21.0500 |       12 |        0 |
|   10672 |        38 |  263.5000 |       15 |        0 |
|   10672 |        71 |   21.5000 |       12 |        0 |
|   10673 |        16 |   17.4500 |        3 |        0 |
|   10673 |        42 |   14.0000 |        6 |        0 |
|   10673 |        43 |   46.0000 |        6 |        0 |
|   10674 |        23 |    9.0000 |        5 |        0 |
|   10675 |        14 |   23.2500 |       30 |        0 |
|   10675 |        53 |   32.8000 |       10 |        0 |
|   10675 |        58 |   13.2500 |       30 |        0 |
|   10676 |        10 |   31.0000 |        2 |        0 |
|   10676 |        19 |    9.2000 |        7 |        0 |
|   10676 |        44 |   19.4500 |       21 |        0 |
|   10677 |        26 |   31.2300 |       30 |        0 |
|   10677 |        33 |    2.5000 |        8 |        0 |
|   10678 |        12 |   38.0000 |      100 |        0 |
|   10678 |        33 |    2.5000 |       30 |        0 |
|   10678 |        41 |    9.6500 |      120 |        0 |
|   10678 |        54 |    7.4500 |       30 |        0 |
|   10679 |        59 |   55.0000 |       12 |        0 |
|   10680 |        16 |   17.4500 |       50 |        0 |
|   10680 |        31 |   12.5000 |       20 |        0 |
|   10680 |        42 |   14.0000 |       40 |        0 |
|   10681 |        19 |    9.2000 |       30 |        0 |
|   10681 |        21 |   10.0000 |       12 |        0 |
|   10681 |        64 |   33.2500 |       28 |        0 |
|   10682 |        33 |    2.5000 |       30 |        0 |
|   10682 |        66 |   17.0000 |        4 |        0 |
|   10682 |        75 |    7.7500 |       30 |        0 |
|   10683 |        52 |    7.0000 |        9 |        0 |
|   10684 |        40 |   18.4000 |       20 |        0 |
|   10684 |        47 |    9.5000 |       40 |        0 |
|   10684 |        60 |   34.0000 |       30 |        0 |
|   10685 |        10 |   31.0000 |       20 |        0 |
|   10685 |        41 |    9.6500 |        4 |        0 |
|   10685 |        47 |    9.5000 |       15 |        0 |
|   10686 |        17 |   39.0000 |       30 |        0 |
|   10686 |        26 |   31.2300 |       15 |        0 |
|   10687 |         9 |   97.0000 |       50 |        0 |
|   10687 |        29 |  123.7900 |       10 |        0 |
|   10687 |        36 |   19.0000 |        6 |        0 |
|   10688 |        10 |   31.0000 |       18 |        0 |
|   10688 |        28 |   45.6000 |       60 |        0 |
|   10688 |        34 |   14.0000 |       14 |        0 |
|   10689 |         1 |   18.0000 |       35 |        0 |
|   10690 |        56 |   38.0000 |       20 |        0 |
|   10690 |        77 |   13.0000 |       30 |        0 |
|   10691 |         1 |   18.0000 |       30 |        0 |
|   10691 |        29 |  123.7900 |       40 |        0 |
|   10691 |        43 |   46.0000 |       40 |        0 |
|   10691 |        44 |   19.4500 |       24 |        0 |
|   10691 |        62 |   49.3000 |       48 |        0 |
|   10692 |        63 |   43.9000 |       20 |        0 |
|   10693 |         9 |   97.0000 |        6 |        0 |
|   10693 |        54 |    7.4500 |       60 |        0 |
|   10693 |        69 |   36.0000 |       30 |        0 |
|   10693 |        73 |   15.0000 |       15 |        0 |
|   10694 |         7 |   30.0000 |       90 |        0 |
|   10694 |        59 |   55.0000 |       25 |        0 |
|   10694 |        70 |   15.0000 |       50 |        0 |
|   10695 |         8 |   40.0000 |       10 |        0 |
|   10695 |        12 |   38.0000 |        4 |        0 |
|   10695 |        24 |    4.5000 |       20 |        0 |
|   10696 |        17 |   39.0000 |       20 |        0 |
|   10696 |        46 |   12.0000 |       18 |        0 |
|   10697 |        19 |    9.2000 |        7 |        0 |
|   10697 |        35 |   18.0000 |        9 |        0 |
|   10697 |        58 |   13.2500 |       30 |        0 |
|   10697 |        70 |   15.0000 |       30 |        0 |
|   10698 |        11 |   21.0000 |       15 |        0 |
|   10698 |        17 |   39.0000 |        8 |        0 |
|   10698 |        29 |  123.7900 |       12 |        0 |
|   10698 |        65 |   21.0500 |       65 |        0 |
|   10698 |        70 |   15.0000 |        8 |        0 |
|   10699 |        47 |    9.5000 |       12 |        0 |
|   10700 |         1 |   18.0000 |        5 |        0 |
|   10700 |        34 |   14.0000 |       12 |        0 |
|   10700 |        68 |   12.5000 |       40 |        0 |
|   10700 |        71 |   21.5000 |       60 |        0 |
|   10701 |        59 |   55.0000 |       42 |        0 |
|   10701 |        71 |   21.5000 |       20 |        0 |
|   10701 |        76 |   18.0000 |       35 |        0 |
|   10702 |         3 |   10.0000 |        6 |        0 |
|   10702 |        76 |   18.0000 |       15 |        0 |
|   10703 |         2 |   19.0000 |        5 |        0 |
|   10703 |        59 |   55.0000 |       35 |        0 |
|   10703 |        73 |   15.0000 |       35 |        0 |
|   10704 |         4 |   22.0000 |        6 |        0 |
|   10704 |        24 |    4.5000 |       35 |        0 |
|   10704 |        48 |   12.7500 |       24 |        0 |
|   10705 |        31 |   12.5000 |       20 |        0 |
|   10705 |        32 |   32.0000 |        4 |        0 |
|   10706 |        16 |   17.4500 |       20 |        0 |
|   10706 |        43 |   46.0000 |       24 |        0 |
|   10706 |        59 |   55.0000 |        8 |        0 |
|   10707 |        55 |   24.0000 |       21 |        0 |
|   10707 |        57 |   19.5000 |       40 |        0 |
|   10707 |        70 |   15.0000 |       28 |        0 |
|   10708 |         5 |   21.3500 |        4 |        0 |
|   10708 |        36 |   19.0000 |        5 |        0 |
|   10709 |         8 |   40.0000 |       40 |        0 |
|   10709 |        51 |   53.0000 |       28 |        0 |
|   10709 |        60 |   34.0000 |       10 |        0 |
|   10710 |        19 |    9.2000 |        5 |        0 |
|   10710 |        47 |    9.5000 |        5 |        0 |
|   10711 |        19 |    9.2000 |       12 |        0 |
|   10711 |        41 |    9.6500 |       42 |        0 |
|   10711 |        53 |   32.8000 |      120 |        0 |
|   10712 |        53 |   32.8000 |        3 |        0 |
|   10712 |        56 |   38.0000 |       30 |        0 |
|   10713 |        10 |   31.0000 |       18 |        0 |
|   10713 |        26 |   31.2300 |       30 |        0 |
|   10713 |        45 |    9.5000 |      110 |        0 |
|   10713 |        46 |   12.0000 |       24 |        0 |
|   10714 |         2 |   19.0000 |       30 |        0 |
|   10714 |        17 |   39.0000 |       27 |        0 |
|   10714 |        47 |    9.5000 |       50 |        0 |
|   10714 |        56 |   38.0000 |       18 |        0 |
|   10714 |        58 |   13.2500 |       12 |        0 |
|   10715 |        10 |   31.0000 |       21 |        0 |
|   10715 |        71 |   21.5000 |       30 |        0 |
|   10716 |        21 |   10.0000 |        5 |        0 |
|   10716 |        51 |   53.0000 |        7 |        0 |
|   10716 |        61 |   28.5000 |       10 |        0 |
|   10717 |        21 |   10.0000 |       32 |        0 |
|   10717 |        54 |    7.4500 |       15 |        0 |
|   10717 |        69 |   36.0000 |       25 |        0 |
|   10718 |        12 |   38.0000 |       36 |        0 |
|   10718 |        16 |   17.4500 |       20 |        0 |
|   10718 |        36 |   19.0000 |       40 |        0 |
|   10718 |        62 |   49.3000 |       20 |        0 |
|   10719 |        18 |   62.5000 |       12 |        0 |
|   10719 |        30 |   25.8900 |        3 |        0 |
|   10719 |        54 |    7.4500 |       40 |        0 |
|   10720 |        35 |   18.0000 |       21 |        0 |
|   10720 |        71 |   21.5000 |        8 |        0 |
|   10721 |        44 |   19.4500 |       50 |        0 |
|   10722 |         2 |   19.0000 |        3 |        0 |
|   10722 |        31 |   12.5000 |       50 |        0 |
|   10722 |        68 |   12.5000 |       45 |        0 |
|   10722 |        75 |    7.7500 |       42 |        0 |
|   10723 |        26 |   31.2300 |       15 |        0 |
|   10724 |        10 |   31.0000 |       16 |        0 |
|   10724 |        61 |   28.5000 |        5 |        0 |
|   10725 |        41 |    9.6500 |       12 |        0 |
|   10725 |        52 |    7.0000 |        4 |        0 |
|   10725 |        55 |   24.0000 |        6 |        0 |
|   10726 |         4 |   22.0000 |       25 |        0 |
|   10726 |        11 |   21.0000 |        5 |        0 |
|   10727 |        17 |   39.0000 |       20 |        0 |
|   10727 |        56 |   38.0000 |       10 |        0 |
|   10727 |        59 |   55.0000 |       10 |        0 |
|   10728 |        30 |   25.8900 |       15 |        0 |
|   10728 |        40 |   18.4000 |        6 |        0 |
|   10728 |        55 |   24.0000 |       12 |        0 |
|   10728 |        60 |   34.0000 |       15 |        0 |
|   10729 |         1 |   18.0000 |       50 |        0 |
|   10729 |        21 |   10.0000 |       30 |        0 |
|   10729 |        50 |   16.2500 |       40 |        0 |
|   10730 |        16 |   17.4500 |       15 |        0 |
|   10730 |        31 |   12.5000 |        3 |        0 |
|   10730 |        65 |   21.0500 |       10 |        0 |
|   10731 |        21 |   10.0000 |       40 |        0 |
|   10731 |        51 |   53.0000 |       30 |        0 |
|   10732 |        76 |   18.0000 |       20 |        0 |
|   10733 |        14 |   23.2500 |       16 |        0 |
|   10733 |        28 |   45.6000 |       20 |        0 |
|   10733 |        52 |    7.0000 |       25 |        0 |
|   10734 |         6 |   25.0000 |       30 |        0 |
|   10734 |        30 |   25.8900 |       15 |        0 |
|   10734 |        76 |   18.0000 |       20 |        0 |
|   10735 |        61 |   28.5000 |       20 |        0 |
|   10735 |        77 |   13.0000 |        2 |        0 |
|   10736 |        65 |   21.0500 |       40 |        0 |
|   10736 |        75 |    7.7500 |       20 |        0 |
|   10737 |        13 |    6.0000 |        4 |        0 |
|   10737 |        41 |    9.6500 |       12 |        0 |
|   10738 |        16 |   17.4500 |        3 |        0 |
|   10739 |        36 |   19.0000 |        6 |        0 |
|   10739 |        52 |    7.0000 |       18 |        0 |
|   10740 |        28 |   45.6000 |        5 |        0 |
|   10740 |        35 |   18.0000 |       35 |        0 |
|   10740 |        45 |    9.5000 |       40 |        0 |
|   10740 |        56 |   38.0000 |       14 |        0 |
|   10741 |         2 |   19.0000 |       15 |        0 |
|   10742 |         3 |   10.0000 |       20 |        0 |
|   10742 |        60 |   34.0000 |       50 |        0 |
|   10742 |        72 |   34.8000 |       35 |        0 |
|   10743 |        46 |   12.0000 |       28 |        0 |
|   10744 |        40 |   18.4000 |       50 |        0 |
|   10745 |        18 |   62.5000 |       24 |        0 |
|   10745 |        44 |   19.4500 |       16 |        0 |
|   10745 |        59 |   55.0000 |       45 |        0 |
|   10745 |        72 |   34.8000 |        7 |        0 |
|   10746 |        13 |    6.0000 |        6 |        0 |
|   10746 |        42 |   14.0000 |       28 |        0 |
|   10746 |        62 |   49.3000 |        9 |        0 |
|   10746 |        69 |   36.0000 |       40 |        0 |
|   10747 |        31 |   12.5000 |        8 |        0 |
|   10747 |        41 |    9.6500 |       35 |        0 |
|   10747 |        63 |   43.9000 |        9 |        0 |
|   10747 |        69 |   36.0000 |       30 |        0 |
|   10748 |        23 |    9.0000 |       44 |        0 |
|   10748 |        40 |   18.4000 |       40 |        0 |
|   10748 |        56 |   38.0000 |       28 |        0 |
|   10749 |        56 |   38.0000 |       15 |        0 |
|   10749 |        59 |   55.0000 |        6 |        0 |
|   10749 |        76 |   18.0000 |       10 |        0 |
|   10750 |        14 |   23.2500 |        5 |        0 |
|   10750 |        45 |    9.5000 |       40 |        0 |
|   10750 |        59 |   55.0000 |       25 |        0 |
|   10751 |        26 |   31.2300 |       12 |        0 |
|   10751 |        30 |   25.8900 |       30 |        0 |
|   10751 |        50 |   16.2500 |       20 |        0 |
|   10751 |        73 |   15.0000 |       15 |        0 |
|   10752 |         1 |   18.0000 |        8 |        0 |
|   10752 |        69 |   36.0000 |        3 |        0 |
|   10753 |        45 |    9.5000 |        4 |        0 |
|   10753 |        74 |   10.0000 |        5 |        0 |
|   10754 |        40 |   18.4000 |        3 |        0 |
|   10755 |        47 |    9.5000 |       30 |        0 |
|   10755 |        56 |   38.0000 |       30 |        0 |
|   10755 |        57 |   19.5000 |       14 |        0 |
|   10755 |        69 |   36.0000 |       25 |        0 |
|   10756 |        18 |   62.5000 |       21 |        0 |
|   10756 |        36 |   19.0000 |       20 |        0 |
|   10756 |        68 |   12.5000 |        6 |        0 |
|   10756 |        69 |   36.0000 |       20 |        0 |
|   10757 |        34 |   14.0000 |       30 |        0 |
|   10757 |        59 |   55.0000 |        7 |        0 |
|   10757 |        62 |   49.3000 |       30 |        0 |
|   10757 |        64 |   33.2500 |       24 |        0 |
|   10758 |        26 |   31.2300 |       20 |        0 |
|   10758 |        52 |    7.0000 |       60 |        0 |
|   10758 |        70 |   15.0000 |       40 |        0 |
|   10759 |        32 |   32.0000 |       10 |        0 |
|   10760 |        25 |   14.0000 |       12 |        0 |
|   10760 |        27 |   43.9000 |       40 |        0 |
|   10760 |        43 |   46.0000 |       30 |        0 |
|   10761 |        25 |   14.0000 |       35 |        0 |
|   10761 |        75 |    7.7500 |       18 |        0 |
|   10762 |        39 |   18.0000 |       16 |        0 |
|   10762 |        47 |    9.5000 |       30 |        0 |
|   10762 |        51 |   53.0000 |       28 |        0 |
|   10762 |        56 |   38.0000 |       60 |        0 |
|   10763 |        21 |   10.0000 |       40 |        0 |
|   10763 |        22 |   21.0000 |        6 |        0 |
|   10763 |        24 |    4.5000 |       20 |        0 |
|   10764 |         3 |   10.0000 |       20 |        0 |
|   10764 |        39 |   18.0000 |      130 |        0 |
|   10765 |        65 |   21.0500 |       80 |        0 |
|   10766 |         2 |   19.0000 |       40 |        0 |
|   10766 |         7 |   30.0000 |       35 |        0 |
|   10766 |        68 |   12.5000 |       40 |        0 |
|   10767 |        42 |   14.0000 |        2 |        0 |
|   10768 |        22 |   21.0000 |        4 |        0 |
|   10768 |        31 |   12.5000 |       50 |        0 |
|   10768 |        60 |   34.0000 |       15 |        0 |
|   10768 |        71 |   21.5000 |       12 |        0 |
|   10769 |        41 |    9.6500 |       30 |        0 |
|   10769 |        52 |    7.0000 |       15 |        0 |
|   10769 |        61 |   28.5000 |       20 |        0 |
|   10769 |        62 |   49.3000 |       15 |        0 |
|   10770 |        11 |   21.0000 |       15 |        0 |
|   10771 |        71 |   21.5000 |       16 |        0 |
|   10772 |        29 |  123.7900 |       18 |        0 |
|   10772 |        59 |   55.0000 |       25 |        0 |
|   10773 |        17 |   39.0000 |       33 |        0 |
|   10773 |        31 |   12.5000 |       70 |        0 |
|   10773 |        75 |    7.7500 |        7 |        0 |
|   10774 |        31 |   12.5000 |        2 |        0 |
|   10774 |        66 |   17.0000 |       50 |        0 |
|   10775 |        10 |   31.0000 |        6 |        0 |
|   10775 |        67 |   14.0000 |        3 |        0 |
|   10776 |        31 |   12.5000 |       16 |        0 |
|   10776 |        42 |   14.0000 |       12 |        0 |
|   10776 |        45 |    9.5000 |       27 |        0 |
|   10776 |        51 |   53.0000 |      120 |        0 |
|   10777 |        42 |   14.0000 |       20 |        0 |
|   10778 |        41 |    9.6500 |       10 |        0 |
|   10779 |        16 |   17.4500 |       20 |        0 |
|   10779 |        62 |   49.3000 |       20 |        0 |
|   10780 |        70 |   15.0000 |       35 |        0 |
|   10780 |        77 |   13.0000 |       15 |        0 |
|   10781 |        54 |    7.4500 |        3 |        0 |
|   10781 |        56 |   38.0000 |       20 |        0 |
|   10781 |        74 |   10.0000 |       35 |        0 |
|   10782 |        31 |   12.5000 |        1 |        0 |
|   10783 |        31 |   12.5000 |       10 |        0 |
|   10783 |        38 |  263.5000 |        5 |        0 |
|   10784 |        36 |   19.0000 |       30 |        0 |
|   10784 |        39 |   18.0000 |        2 |        0 |
|   10784 |        72 |   34.8000 |       30 |        0 |
|   10785 |        10 |   31.0000 |       10 |        0 |
|   10785 |        75 |    7.7500 |       10 |        0 |
|   10786 |         8 |   40.0000 |       30 |        0 |
|   10786 |        30 |   25.8900 |       15 |        0 |
|   10786 |        75 |    7.7500 |       42 |        0 |
|   10787 |         2 |   19.0000 |       15 |        0 |
|   10787 |        29 |  123.7900 |       20 |        0 |
|   10788 |        19 |    9.2000 |       50 |        0 |
|   10788 |        75 |    7.7500 |       40 |        0 |
|   10789 |        18 |   62.5000 |       30 |        0 |
|   10789 |        35 |   18.0000 |       15 |        0 |
|   10789 |        63 |   43.9000 |       30 |        0 |
|   10789 |        68 |   12.5000 |       18 |        0 |
|   10790 |         7 |   30.0000 |        3 |        0 |
|   10790 |        56 |   38.0000 |       20 |        0 |
|   10791 |        29 |  123.7900 |       14 |        0 |
|   10791 |        41 |    9.6500 |       20 |        0 |
|   10792 |         2 |   19.0000 |       10 |        0 |
|   10792 |        54 |    7.4500 |        3 |        0 |
|   10792 |        68 |   12.5000 |       15 |        0 |
|   10793 |        41 |    9.6500 |       14 |        0 |
|   10793 |        52 |    7.0000 |        8 |        0 |
|   10794 |        14 |   23.2500 |       15 |        0 |
|   10794 |        54 |    7.4500 |        6 |        0 |
|   10795 |        16 |   17.4500 |       65 |        0 |
|   10795 |        17 |   39.0000 |       35 |        0 |
|   10796 |        26 |   31.2300 |       21 |        0 |
|   10796 |        44 |   19.4500 |       10 |        0 |
|   10796 |        64 |   33.2500 |       35 |        0 |
|   10796 |        69 |   36.0000 |       24 |        0 |
|   10797 |        11 |   21.0000 |       20 |        0 |
|   10798 |        62 |   49.3000 |        2 |        0 |
|   10798 |        72 |   34.8000 |       10 |        0 |
|   10799 |        13 |    6.0000 |       20 |        0 |
|   10799 |        24 |    4.5000 |       20 |        0 |
|   10799 |        59 |   55.0000 |       25 |        0 |
|   10800 |        11 |   21.0000 |       50 |        0 |
|   10800 |        51 |   53.0000 |       10 |        0 |
|   10800 |        54 |    7.4500 |        7 |        0 |
|   10801 |        17 |   39.0000 |       40 |        0 |
|   10801 |        29 |  123.7900 |       20 |        0 |
|   10802 |        30 |   25.8900 |       25 |        0 |
|   10802 |        51 |   53.0000 |       30 |        0 |
|   10802 |        55 |   24.0000 |       60 |        0 |
|   10802 |        62 |   49.3000 |        5 |        0 |
|   10803 |        19 |    9.2000 |       24 |        0 |
|   10803 |        25 |   14.0000 |       15 |        0 |
|   10803 |        59 |   55.0000 |       15 |        0 |
|   10804 |        10 |   31.0000 |       36 |        0 |
|   10804 |        28 |   45.6000 |       24 |        0 |
|   10804 |        49 |   20.0000 |        4 |        0 |
|   10805 |        34 |   14.0000 |       10 |        0 |
|   10805 |        38 |  263.5000 |       10 |        0 |
|   10806 |         2 |   19.0000 |       20 |        0 |
|   10806 |        65 |   21.0500 |        2 |        0 |
|   10806 |        74 |   10.0000 |       15 |        0 |
|   10807 |        40 |   18.4000 |        1 |        0 |
|   10808 |        56 |   38.0000 |       20 |        0 |
|   10808 |        76 |   18.0000 |       50 |        0 |
|   10809 |        52 |    7.0000 |       20 |        0 |
|   10810 |        13 |    6.0000 |        7 |        0 |
|   10810 |        25 |   14.0000 |        5 |        0 |
|   10810 |        70 |   15.0000 |        5 |        0 |
|   10811 |        19 |    9.2000 |       15 |        0 |
|   10811 |        23 |    9.0000 |       18 |        0 |
|   10811 |        40 |   18.4000 |       30 |        0 |
|   10812 |        31 |   12.5000 |       16 |        0 |
|   10812 |        72 |   34.8000 |       40 |        0 |
|   10812 |        77 |   13.0000 |       20 |        0 |
|   10813 |         2 |   19.0000 |       12 |        0 |
|   10813 |        46 |   12.0000 |       35 |        0 |
|   10814 |        41 |    9.6500 |       20 |        0 |
|   10814 |        43 |   46.0000 |       20 |        0 |
|   10814 |        48 |   12.7500 |        8 |        0 |
|   10814 |        61 |   28.5000 |       30 |        0 |
|   10815 |        33 |    2.5000 |       16 |        0 |
|   10816 |        38 |  263.5000 |       30 |        0 |
|   10816 |        62 |   49.3000 |       20 |        0 |
|   10817 |        26 |   31.2300 |       40 |        0 |
|   10817 |        38 |  263.5000 |       30 |        0 |
|   10817 |        40 |   18.4000 |       60 |        0 |
|   10817 |        62 |   49.3000 |       25 |        0 |
|   10818 |        32 |   32.0000 |       20 |        0 |
|   10818 |        41 |    9.6500 |       20 |        0 |
|   10819 |        43 |   46.0000 |        7 |        0 |
|   10819 |        75 |    7.7500 |       20 |        0 |
|   10820 |        56 |   38.0000 |       30 |        0 |
|   10821 |        35 |   18.0000 |       20 |        0 |
|   10821 |        51 |   53.0000 |        6 |        0 |
|   10822 |        62 |   49.3000 |        3 |        0 |
|   10822 |        70 |   15.0000 |        6 |        0 |
|   10823 |        11 |   21.0000 |       20 |        0 |
|   10823 |        57 |   19.5000 |       15 |        0 |
|   10823 |        59 |   55.0000 |       40 |        0 |
|   10823 |        77 |   13.0000 |       15 |        0 |
|   10824 |        41 |    9.6500 |       12 |        0 |
|   10824 |        70 |   15.0000 |        9 |        0 |
|   10825 |        26 |   31.2300 |       12 |        0 |
|   10825 |        53 |   32.8000 |       20 |        0 |
|   10826 |        31 |   12.5000 |       35 |        0 |
|   10826 |        57 |   19.5000 |       15 |        0 |
|   10827 |        10 |   31.0000 |       15 |        0 |
|   10827 |        39 |   18.0000 |       21 |        0 |
|   10828 |        20 |   81.0000 |        5 |        0 |
|   10828 |        38 |  263.5000 |        2 |        0 |
|   10829 |         2 |   19.0000 |       10 |        0 |
|   10829 |         8 |   40.0000 |       20 |        0 |
|   10829 |        13 |    6.0000 |       10 |        0 |
|   10829 |        60 |   34.0000 |       21 |        0 |
|   10830 |         6 |   25.0000 |        6 |        0 |
|   10830 |        39 |   18.0000 |       28 |        0 |
|   10830 |        60 |   34.0000 |       30 |        0 |
|   10830 |        68 |   12.5000 |       24 |        0 |
|   10831 |        19 |    9.2000 |        2 |        0 |
|   10831 |        35 |   18.0000 |        8 |        0 |
|   10831 |        38 |  263.5000 |        8 |        0 |
|   10831 |        43 |   46.0000 |        9 |        0 |
|   10832 |        13 |    6.0000 |        3 |        0 |
|   10832 |        25 |   14.0000 |       10 |        0 |
|   10832 |        44 |   19.4500 |       16 |        0 |
|   10832 |        64 |   33.2500 |        3 |        0 |
|   10833 |         7 |   30.0000 |       20 |        0 |
|   10833 |        31 |   12.5000 |        9 |        0 |
|   10833 |        53 |   32.8000 |        9 |        0 |
|   10834 |        29 |  123.7900 |        8 |        0 |
|   10834 |        30 |   25.8900 |       20 |        0 |
|   10835 |        59 |   55.0000 |       15 |        0 |
|   10835 |        77 |   13.0000 |        2 |        0 |
|   10836 |        22 |   21.0000 |       52 |        0 |
|   10836 |        35 |   18.0000 |        6 |        0 |
|   10836 |        57 |   19.5000 |       24 |        0 |
|   10836 |        60 |   34.0000 |       60 |        0 |
|   10836 |        64 |   33.2500 |       30 |        0 |
|   10837 |        13 |    6.0000 |        6 |        0 |
|   10837 |        40 |   18.4000 |       25 |        0 |
|   10837 |        47 |    9.5000 |       40 |        0 |
|   10837 |        76 |   18.0000 |       21 |        0 |
|   10838 |         1 |   18.0000 |        4 |        0 |
|   10838 |        18 |   62.5000 |       25 |        0 |
|   10838 |        36 |   19.0000 |       50 |        0 |
|   10839 |        58 |   13.2500 |       30 |        0 |
|   10839 |        72 |   34.8000 |       15 |        0 |
|   10840 |        25 |   14.0000 |        6 |        0 |
|   10840 |        39 |   18.0000 |       10 |        0 |
|   10841 |        10 |   31.0000 |       16 |        0 |
|   10841 |        56 |   38.0000 |       30 |        0 |
|   10841 |        59 |   55.0000 |       50 |        0 |
|   10841 |        77 |   13.0000 |       15 |        0 |
|   10842 |        11 |   21.0000 |       15 |        0 |
|   10842 |        43 |   46.0000 |        5 |        0 |
|   10842 |        68 |   12.5000 |       20 |        0 |
|   10842 |        70 |   15.0000 |       12 |        0 |
|   10843 |        51 |   53.0000 |        4 |        0 |
|   10844 |        22 |   21.0000 |       35 |        0 |
|   10845 |        23 |    9.0000 |       70 |        0 |
|   10845 |        35 |   18.0000 |       25 |        0 |
|   10845 |        42 |   14.0000 |       42 |        0 |
|   10845 |        58 |   13.2500 |       60 |        0 |
|   10845 |        64 |   33.2500 |       48 |        0 |
|   10846 |         4 |   22.0000 |       21 |        0 |
|   10846 |        70 |   15.0000 |       30 |        0 |
|   10846 |        74 |   10.0000 |       20 |        0 |
|   10847 |         1 |   18.0000 |       80 |        0 |
|   10847 |        19 |    9.2000 |       12 |        0 |
|   10847 |        37 |   26.0000 |       60 |        0 |
|   10847 |        45 |    9.5000 |       36 |        0 |
|   10847 |        60 |   34.0000 |       45 |        0 |
|   10847 |        71 |   21.5000 |       55 |        0 |
|   10848 |         5 |   21.3500 |       30 |        0 |
|   10848 |         9 |   97.0000 |        3 |        0 |
|   10849 |         3 |   10.0000 |       49 |        0 |
|   10849 |        26 |   31.2300 |       18 |        0 |
|   10850 |        25 |   14.0000 |       20 |        0 |
|   10850 |        33 |    2.5000 |        4 |        0 |
|   10850 |        70 |   15.0000 |       30 |        0 |
|   10851 |         2 |   19.0000 |        5 |        0 |
|   10851 |        25 |   14.0000 |       10 |        0 |
|   10851 |        57 |   19.5000 |       10 |        0 |
|   10851 |        59 |   55.0000 |       42 |        0 |
|   10852 |         2 |   19.0000 |       15 |        0 |
|   10852 |        17 |   39.0000 |        6 |        0 |
|   10852 |        62 |   49.3000 |       50 |        0 |
|   10853 |        18 |   62.5000 |       10 |        0 |
|   10854 |        10 |   31.0000 |      100 |        0 |
|   10854 |        13 |    6.0000 |       65 |        0 |
|   10855 |        16 |   17.4500 |       50 |        0 |
|   10855 |        31 |   12.5000 |       14 |        0 |
|   10855 |        56 |   38.0000 |       24 |        0 |
|   10855 |        65 |   21.0500 |       15 |        0 |
|   10856 |         2 |   19.0000 |       20 |        0 |
|   10856 |        42 |   14.0000 |       20 |        0 |
|   10857 |         3 |   10.0000 |       30 |        0 |
|   10857 |        26 |   31.2300 |       35 |        0 |
|   10857 |        29 |  123.7900 |       10 |        0 |
|   10858 |         7 |   30.0000 |        5 |        0 |
|   10858 |        27 |   43.9000 |       10 |        0 |
|   10858 |        70 |   15.0000 |        4 |        0 |
|   10859 |        24 |    4.5000 |       40 |        0 |
|   10859 |        54 |    7.4500 |       35 |        0 |
|   10859 |        64 |   33.2500 |       30 |        0 |
|   10860 |        51 |   53.0000 |        3 |        0 |
|   10860 |        76 |   18.0000 |       20 |        0 |
|   10861 |        17 |   39.0000 |       42 |        0 |
|   10861 |        18 |   62.5000 |       20 |        0 |
|   10861 |        21 |   10.0000 |       40 |        0 |
|   10861 |        33 |    2.5000 |       35 |        0 |
|   10861 |        62 |   49.3000 |        3 |        0 |
|   10862 |        11 |   21.0000 |       25 |        0 |
|   10862 |        52 |    7.0000 |        8 |        0 |
|   10863 |         1 |   18.0000 |       20 |        0 |
|   10863 |        58 |   13.2500 |       12 |        0 |
|   10864 |        35 |   18.0000 |        4 |        0 |
|   10864 |        67 |   14.0000 |       15 |        0 |
|   10865 |        38 |  263.5000 |       60 |        0 |
|   10865 |        39 |   18.0000 |       80 |        0 |
|   10866 |         2 |   19.0000 |       21 |        0 |
|   10866 |        24 |    4.5000 |        6 |        0 |
|   10866 |        30 |   25.8900 |       40 |        0 |
|   10867 |        53 |   32.8000 |        3 |        0 |
|   10868 |        26 |   31.2300 |       20 |        0 |
|   10868 |        35 |   18.0000 |       30 |        0 |
|   10868 |        49 |   20.0000 |       42 |        0 |
|   10869 |         1 |   18.0000 |       40 |        0 |
|   10869 |        11 |   21.0000 |       10 |        0 |
|   10869 |        23 |    9.0000 |       50 |        0 |
|   10869 |        68 |   12.5000 |       20 |        0 |
|   10870 |        35 |   18.0000 |        3 |        0 |
|   10870 |        51 |   53.0000 |        2 |        0 |
|   10871 |         6 |   25.0000 |       50 |        0 |
|   10871 |        16 |   17.4500 |       12 |        0 |
|   10871 |        17 |   39.0000 |       16 |        0 |
|   10872 |        55 |   24.0000 |       10 |        0 |
|   10872 |        62 |   49.3000 |       20 |        0 |
|   10872 |        64 |   33.2500 |       15 |        0 |
|   10872 |        65 |   21.0500 |       21 |        0 |
|   10873 |        21 |   10.0000 |       20 |        0 |
|   10873 |        28 |   45.6000 |        3 |        0 |
|   10874 |        10 |   31.0000 |       10 |        0 |
|   10875 |        19 |    9.2000 |       25 |        0 |
|   10875 |        47 |    9.5000 |       21 |        0 |
|   10875 |        49 |   20.0000 |       15 |        0 |
|   10876 |        46 |   12.0000 |       21 |        0 |
|   10876 |        64 |   33.2500 |       20 |        0 |
|   10877 |        16 |   17.4500 |       30 |        0 |
|   10877 |        18 |   62.5000 |       25 |        0 |
|   10878 |        20 |   81.0000 |       20 |        0 |
|   10879 |        40 |   18.4000 |       12 |        0 |
|   10879 |        65 |   21.0500 |       10 |        0 |
|   10879 |        76 |   18.0000 |       10 |        0 |
|   10880 |        23 |    9.0000 |       30 |        0 |
|   10880 |        61 |   28.5000 |       30 |        0 |
|   10880 |        70 |   15.0000 |       50 |        0 |
|   10881 |        73 |   15.0000 |       10 |        0 |
|   10882 |        42 |   14.0000 |       25 |        0 |
|   10882 |        49 |   20.0000 |       20 |        0 |
|   10882 |        54 |    7.4500 |       32 |        0 |
|   10883 |        24 |    4.5000 |        8 |        0 |
|   10884 |        21 |   10.0000 |       40 |        0 |
|   10884 |        56 |   38.0000 |       21 |        0 |
|   10884 |        65 |   21.0500 |       12 |        0 |
|   10885 |         2 |   19.0000 |       20 |        0 |
|   10885 |        24 |    4.5000 |       12 |        0 |
|   10885 |        70 |   15.0000 |       30 |        0 |
|   10885 |        77 |   13.0000 |       25 |        0 |
|   10886 |        10 |   31.0000 |       70 |        0 |
|   10886 |        31 |   12.5000 |       35 |        0 |
|   10886 |        77 |   13.0000 |       40 |        0 |
|   10887 |        25 |   14.0000 |        5 |        0 |
|   10888 |         2 |   19.0000 |       20 |        0 |
|   10888 |        68 |   12.5000 |       18 |        0 |
|   10889 |        11 |   21.0000 |       40 |        0 |
|   10889 |        38 |  263.5000 |       40 |        0 |
|   10890 |        17 |   39.0000 |       15 |        0 |
|   10890 |        34 |   14.0000 |       10 |        0 |
|   10890 |        41 |    9.6500 |       14 |        0 |
|   10891 |        30 |   25.8900 |       15 |        0 |
|   10892 |        59 |   55.0000 |       40 |        0 |
|   10893 |         8 |   40.0000 |       30 |        0 |
|   10893 |        24 |    4.5000 |       10 |        0 |
|   10893 |        29 |  123.7900 |       24 |        0 |
|   10893 |        30 |   25.8900 |       35 |        0 |
|   10893 |        36 |   19.0000 |       20 |        0 |
|   10894 |        13 |    6.0000 |       28 |        0 |
|   10894 |        69 |   36.0000 |       50 |        0 |
|   10894 |        75 |    7.7500 |      120 |        0 |
|   10895 |        24 |    4.5000 |      110 |        0 |
|   10895 |        39 |   18.0000 |       45 |        0 |
|   10895 |        40 |   18.4000 |       91 |        0 |
|   10895 |        60 |   34.0000 |      100 |        0 |
|   10896 |        45 |    9.5000 |       15 |        0 |
|   10896 |        56 |   38.0000 |       16 |        0 |
|   10897 |        29 |  123.7900 |       80 |        0 |
|   10897 |        30 |   25.8900 |       36 |        0 |
|   10898 |        13 |    6.0000 |        5 |        0 |
|   10899 |        39 |   18.0000 |        8 |        0 |
|   10900 |        70 |   15.0000 |        3 |        0 |
|   10901 |        41 |    9.6500 |       30 |        0 |
|   10901 |        71 |   21.5000 |       30 |        0 |
|   10902 |        55 |   24.0000 |       30 |        0 |
|   10902 |        62 |   49.3000 |        6 |        0 |
|   10903 |        13 |    6.0000 |       40 |        0 |
|   10903 |        65 |   21.0500 |       21 |        0 |
|   10903 |        68 |   12.5000 |       20 |        0 |
|   10904 |        58 |   13.2500 |       15 |        0 |
|   10904 |        62 |   49.3000 |       35 |        0 |
|   10905 |         1 |   18.0000 |       20 |        0 |
|   10906 |        61 |   28.5000 |       15 |        0 |
|   10907 |        75 |    7.7500 |       14 |        0 |
|   10908 |         7 |   30.0000 |       20 |        0 |
|   10908 |        52 |    7.0000 |       14 |        0 |
|   10909 |         7 |   30.0000 |       12 |        0 |
|   10909 |        16 |   17.4500 |       15 |        0 |
|   10909 |        41 |    9.6500 |        5 |        0 |
|   10910 |        19 |    9.2000 |       12 |        0 |
|   10910 |        49 |   20.0000 |       10 |        0 |
|   10910 |        61 |   28.5000 |        5 |        0 |
|   10911 |         1 |   18.0000 |       10 |        0 |
|   10911 |        17 |   39.0000 |       12 |        0 |
|   10911 |        67 |   14.0000 |       15 |        0 |
|   10912 |        11 |   21.0000 |       40 |        0 |
|   10912 |        29 |  123.7900 |       60 |        0 |
|   10913 |         4 |   22.0000 |       30 |        0 |
|   10913 |        33 |    2.5000 |       40 |        0 |
|   10913 |        58 |   13.2500 |       15 |        0 |
|   10914 |        71 |   21.5000 |       25 |        0 |
|   10915 |        17 |   39.0000 |       10 |        0 |
|   10915 |        33 |    2.5000 |       30 |        0 |
|   10915 |        54 |    7.4500 |       10 |        0 |
|   10916 |        16 |   17.4500 |        6 |        0 |
|   10916 |        32 |   32.0000 |        6 |        0 |
|   10916 |        57 |   19.5000 |       20 |        0 |
|   10917 |        30 |   25.8900 |        1 |        0 |
|   10917 |        60 |   34.0000 |       10 |        0 |
|   10918 |         1 |   18.0000 |       60 |        0 |
|   10918 |        60 |   34.0000 |       25 |        0 |
|   10919 |        16 |   17.4500 |       24 |        0 |
|   10919 |        25 |   14.0000 |       24 |        0 |
|   10919 |        40 |   18.4000 |       20 |        0 |
|   10920 |        50 |   16.2500 |       24 |        0 |
|   10921 |        35 |   18.0000 |       10 |        0 |
|   10921 |        63 |   43.9000 |       40 |        0 |
|   10922 |        17 |   39.0000 |       15 |        0 |
|   10922 |        24 |    4.5000 |       35 |        0 |
|   10923 |        42 |   14.0000 |       10 |        0 |
|   10923 |        43 |   46.0000 |       10 |        0 |
|   10923 |        67 |   14.0000 |       24 |        0 |
|   10924 |        10 |   31.0000 |       20 |        0 |
|   10924 |        28 |   45.6000 |       30 |        0 |
|   10924 |        75 |    7.7500 |        6 |        0 |
|   10925 |        36 |   19.0000 |       25 |        0 |
|   10925 |        52 |    7.0000 |       12 |        0 |
|   10926 |        11 |   21.0000 |        2 |        0 |
|   10926 |        13 |    6.0000 |       10 |        0 |
|   10926 |        19 |    9.2000 |        7 |        0 |
|   10926 |        72 |   34.8000 |       10 |        0 |
|   10927 |        20 |   81.0000 |        5 |        0 |
|   10927 |        52 |    7.0000 |        5 |        0 |
|   10927 |        76 |   18.0000 |       20 |        0 |
|   10928 |        47 |    9.5000 |        5 |        0 |
|   10928 |        76 |   18.0000 |        5 |        0 |
|   10929 |        21 |   10.0000 |       60 |        0 |
|   10929 |        75 |    7.7500 |       49 |        0 |
|   10929 |        77 |   13.0000 |       15 |        0 |
|   10930 |        21 |   10.0000 |       36 |        0 |
|   10930 |        27 |   43.9000 |       25 |        0 |
|   10930 |        55 |   24.0000 |       25 |        0 |
|   10930 |        58 |   13.2500 |       30 |        0 |
|   10931 |        13 |    6.0000 |       42 |        0 |
|   10931 |        57 |   19.5000 |       30 |        0 |
|   10932 |        16 |   17.4500 |       30 |        0 |
|   10932 |        62 |   49.3000 |       14 |        0 |
|   10932 |        72 |   34.8000 |       16 |        0 |
|   10932 |        75 |    7.7500 |       20 |        0 |
|   10933 |        53 |   32.8000 |        2 |        0 |
|   10933 |        61 |   28.5000 |       30 |        0 |
|   10934 |         6 |   25.0000 |       20 |        0 |
|   10935 |         1 |   18.0000 |       21 |        0 |
|   10935 |        18 |   62.5000 |        4 |        0 |
|   10935 |        23 |    9.0000 |        8 |        0 |
|   10936 |        36 |   19.0000 |       30 |        0 |
|   10937 |        28 |   45.6000 |        8 |        0 |
|   10937 |        34 |   14.0000 |       20 |        0 |
|   10938 |        13 |    6.0000 |       20 |        0 |
|   10938 |        43 |   46.0000 |       24 |        0 |
|   10938 |        60 |   34.0000 |       49 |        0 |
|   10938 |        71 |   21.5000 |       35 |        0 |
|   10939 |         2 |   19.0000 |       10 |        0 |
|   10939 |        67 |   14.0000 |       40 |        0 |
|   10940 |         7 |   30.0000 |        8 |        0 |
|   10940 |        13 |    6.0000 |       20 |        0 |
|   10941 |        31 |   12.5000 |       44 |        0 |
|   10941 |        62 |   49.3000 |       30 |        0 |
|   10941 |        68 |   12.5000 |       80 |        0 |
|   10941 |        72 |   34.8000 |       50 |        0 |
|   10942 |        49 |   20.0000 |       28 |        0 |
|   10943 |        13 |    6.0000 |       15 |        0 |
|   10943 |        22 |   21.0000 |       21 |        0 |
|   10943 |        46 |   12.0000 |       15 |        0 |
|   10944 |        11 |   21.0000 |        5 |        0 |
|   10944 |        44 |   19.4500 |       18 |        0 |
|   10944 |        56 |   38.0000 |       18 |        0 |
|   10945 |        13 |    6.0000 |       20 |        0 |
|   10945 |        31 |   12.5000 |       10 |        0 |
|   10946 |        10 |   31.0000 |       25 |        0 |
|   10946 |        24 |    4.5000 |       25 |        0 |
|   10946 |        77 |   13.0000 |       40 |        0 |
|   10947 |        59 |   55.0000 |        4 |        0 |
|   10948 |        50 |   16.2500 |        9 |        0 |
|   10948 |        51 |   53.0000 |       40 |        0 |
|   10948 |        55 |   24.0000 |        4 |        0 |
|   10949 |         6 |   25.0000 |       12 |        0 |
|   10949 |        10 |   31.0000 |       30 |        0 |
|   10949 |        17 |   39.0000 |        6 |        0 |
|   10949 |        62 |   49.3000 |       60 |        0 |
|   10950 |         4 |   22.0000 |        5 |        0 |
|   10951 |        33 |    2.5000 |       15 |        0 |
|   10951 |        41 |    9.6500 |        6 |        0 |
|   10951 |        75 |    7.7500 |       50 |        0 |
|   10952 |         6 |   25.0000 |       16 |        0 |
|   10952 |        28 |   45.6000 |        2 |        0 |
|   10953 |        20 |   81.0000 |       50 |        0 |
|   10953 |        31 |   12.5000 |       50 |        0 |
|   10954 |        16 |   17.4500 |       28 |        0 |
|   10954 |        31 |   12.5000 |       25 |        0 |
|   10954 |        45 |    9.5000 |       30 |        0 |
|   10954 |        60 |   34.0000 |       24 |        0 |
|   10955 |        75 |    7.7500 |       12 |        0 |
|   10956 |        21 |   10.0000 |       12 |        0 |
|   10956 |        47 |    9.5000 |       14 |        0 |
|   10956 |        51 |   53.0000 |        8 |        0 |
|   10957 |        30 |   25.8900 |       30 |        0 |
|   10957 |        35 |   18.0000 |       40 |        0 |
|   10957 |        64 |   33.2500 |        8 |        0 |
|   10958 |         5 |   21.3500 |       20 |        0 |
|   10958 |         7 |   30.0000 |        6 |        0 |
|   10958 |        72 |   34.8000 |        5 |        0 |
|   10959 |        75 |    7.7500 |       20 |        0 |
|   10960 |        24 |    4.5000 |       10 |        0 |
|   10960 |        41 |    9.6500 |       24 |        0 |
|   10961 |        52 |    7.0000 |        6 |        0 |
|   10961 |        76 |   18.0000 |       60 |        0 |
|   10962 |         7 |   30.0000 |       45 |        0 |
|   10962 |        13 |    6.0000 |       77 |        0 |
|   10962 |        53 |   32.8000 |       20 |        0 |
|   10962 |        69 |   36.0000 |        9 |        0 |
|   10962 |        76 |   18.0000 |       44 |        0 |
|   10963 |        60 |   34.0000 |        2 |        0 |
|   10964 |        18 |   62.5000 |        6 |        0 |
|   10964 |        38 |  263.5000 |        5 |        0 |
|   10964 |        69 |   36.0000 |       10 |        0 |
|   10965 |        51 |   53.0000 |       16 |        0 |
|   10966 |        37 |   26.0000 |        8 |        0 |
|   10966 |        56 |   38.0000 |       12 |        0 |
|   10966 |        62 |   49.3000 |       12 |        0 |
|   10967 |        19 |    9.2000 |       12 |        0 |
|   10967 |        49 |   20.0000 |       40 |        0 |
|   10968 |        12 |   38.0000 |       30 |        0 |
|   10968 |        24 |    4.5000 |       30 |        0 |
|   10968 |        64 |   33.2500 |        4 |        0 |
|   10969 |        46 |   12.0000 |        9 |        0 |
|   10970 |        52 |    7.0000 |       40 |        0 |
|   10971 |        29 |  123.7900 |       14 |        0 |
|   10972 |        17 |   39.0000 |        6 |        0 |
|   10972 |        33 |    2.5000 |        7 |        0 |
|   10973 |        26 |   31.2300 |        5 |        0 |
|   10973 |        41 |    9.6500 |        6 |        0 |
|   10973 |        75 |    7.7500 |       10 |        0 |
|   10974 |        63 |   43.9000 |       10 |        0 |
|   10975 |         8 |   40.0000 |       16 |        0 |
|   10975 |        75 |    7.7500 |       10 |        0 |
|   10976 |        28 |   45.6000 |       20 |        0 |
|   10977 |        39 |   18.0000 |       30 |        0 |
|   10977 |        47 |    9.5000 |       30 |        0 |
|   10977 |        51 |   53.0000 |       10 |        0 |
|   10977 |        63 |   43.9000 |       20 |        0 |
|   10978 |         8 |   40.0000 |       20 |        0 |
|   10978 |        21 |   10.0000 |       40 |        0 |
|   10978 |        40 |   18.4000 |       10 |        0 |
|   10978 |        44 |   19.4500 |        6 |        0 |
|   10979 |         7 |   30.0000 |       18 |        0 |
|   10979 |        12 |   38.0000 |       20 |        0 |
|   10979 |        24 |    4.5000 |       80 |        0 |
|   10979 |        27 |   43.9000 |       30 |        0 |
|   10979 |        31 |   12.5000 |       24 |        0 |
|   10979 |        63 |   43.9000 |       35 |        0 |
|   10980 |        75 |    7.7500 |       40 |        0 |
|   10981 |        38 |  263.5000 |       60 |        0 |
|   10982 |         7 |   30.0000 |       20 |        0 |
|   10982 |        43 |   46.0000 |        9 |        0 |
|   10983 |        13 |    6.0000 |       84 |        0 |
|   10983 |        57 |   19.5000 |       15 |        0 |
|   10984 |        16 |   17.4500 |       55 |        0 |
|   10984 |        24 |    4.5000 |       20 |        0 |
|   10984 |        36 |   19.0000 |       40 |        0 |
|   10985 |        16 |   17.4500 |       36 |        0 |
|   10985 |        18 |   62.5000 |        8 |        0 |
|   10985 |        32 |   32.0000 |       35 |        0 |
|   10986 |        11 |   21.0000 |       30 |        0 |
|   10986 |        20 |   81.0000 |       15 |        0 |
|   10986 |        76 |   18.0000 |       10 |        0 |
|   10986 |        77 |   13.0000 |       15 |        0 |
|   10987 |         7 |   30.0000 |       60 |        0 |
|   10987 |        43 |   46.0000 |        6 |        0 |
|   10987 |        72 |   34.8000 |       20 |        0 |
|   10988 |         7 |   30.0000 |       60 |        0 |
|   10988 |        62 |   49.3000 |       40 |        0 |
|   10989 |         6 |   25.0000 |       40 |        0 |
|   10989 |        11 |   21.0000 |       15 |        0 |
|   10989 |        41 |    9.6500 |        4 |        0 |
|   10990 |        21 |   10.0000 |       65 |        0 |
|   10990 |        34 |   14.0000 |       60 |        0 |
|   10990 |        55 |   24.0000 |       65 |        0 |
|   10990 |        61 |   28.5000 |       66 |        0 |
|   10991 |         2 |   19.0000 |       50 |        0 |
|   10991 |        70 |   15.0000 |       20 |        0 |
|   10991 |        76 |   18.0000 |       90 |        0 |
|   10992 |        72 |   34.8000 |        2 |        0 |
|   10993 |        29 |  123.7900 |       50 |        0 |
|   10993 |        41 |    9.6500 |       35 |        0 |
|   10994 |        59 |   55.0000 |       18 |        0 |
|   10995 |        51 |   53.0000 |       20 |        0 |
|   10995 |        60 |   34.0000 |        4 |        0 |
|   10996 |        42 |   14.0000 |       40 |        0 |
|   10997 |        32 |   32.0000 |       50 |        0 |
|   10997 |        46 |   12.0000 |       20 |        0 |
|   10997 |        52 |    7.0000 |       20 |        0 |
|   10998 |        24 |    4.5000 |       12 |        0 |
|   10998 |        61 |   28.5000 |        7 |        0 |
|   10998 |        74 |   10.0000 |       20 |        0 |
|   10998 |        75 |    7.7500 |       30 |        0 |
|   10999 |        41 |    9.6500 |       20 |        0 |
|   10999 |        51 |   53.0000 |       15 |        0 |
|   10999 |        77 |   13.0000 |       21 |        0 |
|   11000 |         4 |   22.0000 |       25 |        0 |
|   11000 |        24 |    4.5000 |       30 |        0 |
|   11000 |        77 |   13.0000 |       30 |        0 |
|   11001 |         7 |   30.0000 |       60 |        0 |
|   11001 |        22 |   21.0000 |       25 |        0 |
|   11001 |        46 |   12.0000 |       25 |        0 |
|   11001 |        55 |   24.0000 |        6 |        0 |
|   11002 |        13 |    6.0000 |       56 |        0 |
|   11002 |        35 |   18.0000 |       15 |        0 |
|   11002 |        42 |   14.0000 |       24 |        0 |
|   11002 |        55 |   24.0000 |       40 |        0 |
|   11003 |         1 |   18.0000 |        4 |        0 |
|   11003 |        40 |   18.4000 |       10 |        0 |
|   11003 |        52 |    7.0000 |       10 |        0 |
|   11004 |        26 |   31.2300 |        6 |        0 |
|   11004 |        76 |   18.0000 |        6 |        0 |
|   11005 |         1 |   18.0000 |        2 |        0 |
|   11005 |        59 |   55.0000 |       10 |        0 |
|   11006 |         1 |   18.0000 |        8 |        0 |
|   11006 |        29 |  123.7900 |        2 |        0 |
|   11007 |         8 |   40.0000 |       30 |        0 |
|   11007 |        29 |  123.7900 |       10 |        0 |
|   11007 |        42 |   14.0000 |       14 |        0 |
|   11008 |        28 |   45.6000 |       70 |        0 |
|   11008 |        34 |   14.0000 |       90 |        0 |
|   11008 |        71 |   21.5000 |       21 |        0 |
|   11009 |        24 |    4.5000 |       12 |        0 |
|   11009 |        36 |   19.0000 |       18 |        0 |
|   11009 |        60 |   34.0000 |        9 |        0 |
|   11010 |         7 |   30.0000 |       20 |        0 |
|   11010 |        24 |    4.5000 |       10 |        0 |
|   11011 |        58 |   13.2500 |       40 |        0 |
|   11011 |        71 |   21.5000 |       20 |        0 |
|   11012 |        19 |    9.2000 |       50 |        0 |
|   11012 |        60 |   34.0000 |       36 |        0 |
|   11012 |        71 |   21.5000 |       60 |        0 |
|   11013 |        23 |    9.0000 |       10 |        0 |
|   11013 |        42 |   14.0000 |        4 |        0 |
|   11013 |        45 |    9.5000 |       20 |        0 |
|   11013 |        68 |   12.5000 |        2 |        0 |
|   11014 |        41 |    9.6500 |       28 |        0 |
|   11015 |        30 |   25.8900 |       15 |        0 |
|   11015 |        77 |   13.0000 |       18 |        0 |
|   11016 |        31 |   12.5000 |       15 |        0 |
|   11016 |        36 |   19.0000 |       16 |        0 |
|   11017 |         3 |   10.0000 |       25 |        0 |
|   11017 |        59 |   55.0000 |      110 |        0 |
|   11017 |        70 |   15.0000 |       30 |        0 |
|   11018 |        12 |   38.0000 |       20 |        0 |
|   11018 |        18 |   62.5000 |       10 |        0 |
|   11018 |        56 |   38.0000 |        5 |        0 |
|   11019 |        46 |   12.0000 |        3 |        0 |
|   11019 |        49 |   20.0000 |        2 |        0 |
|   11020 |        10 |   31.0000 |       24 |        0 |
|   11021 |         2 |   19.0000 |       11 |        0 |
|   11021 |        20 |   81.0000 |       15 |        0 |
|   11021 |        26 |   31.2300 |       63 |        0 |
|   11021 |        51 |   53.0000 |       44 |        0 |
|   11021 |        72 |   34.8000 |       35 |        0 |
|   11022 |        19 |    9.2000 |       35 |        0 |
|   11022 |        69 |   36.0000 |       30 |        0 |
|   11023 |         7 |   30.0000 |        4 |        0 |
|   11023 |        43 |   46.0000 |       30 |        0 |
|   11024 |        26 |   31.2300 |       12 |        0 |
|   11024 |        33 |    2.5000 |       30 |        0 |
|   11024 |        65 |   21.0500 |       21 |        0 |
|   11024 |        71 |   21.5000 |       50 |        0 |
|   11025 |         1 |   18.0000 |       10 |        0 |
|   11025 |        13 |    6.0000 |       20 |        0 |
|   11026 |        18 |   62.5000 |        8 |        0 |
|   11026 |        51 |   53.0000 |       10 |        0 |
|   11027 |        24 |    4.5000 |       30 |        0 |
|   11027 |        62 |   49.3000 |       21 |        0 |
|   11028 |        55 |   24.0000 |       35 |        0 |
|   11028 |        59 |   55.0000 |       24 |        0 |
|   11029 |        56 |   38.0000 |       20 |        0 |
|   11029 |        63 |   43.9000 |       12 |        0 |
|   11030 |         2 |   19.0000 |      100 |        0 |
|   11030 |         5 |   21.3500 |       70 |        0 |
|   11030 |        29 |  123.7900 |       60 |        0 |
|   11030 |        59 |   55.0000 |      100 |        0 |
|   11031 |         1 |   18.0000 |       45 |        0 |
|   11031 |        13 |    6.0000 |       80 |        0 |
|   11031 |        24 |    4.5000 |       21 |        0 |
|   11031 |        64 |   33.2500 |       20 |        0 |
|   11031 |        71 |   21.5000 |       16 |        0 |
|   11032 |        36 |   19.0000 |       35 |        0 |
|   11032 |        38 |  263.5000 |       25 |        0 |
|   11032 |        59 |   55.0000 |       30 |        0 |
|   11033 |        53 |   32.8000 |       70 |        0 |
|   11033 |        69 |   36.0000 |       36 |        0 |
|   11034 |        21 |   10.0000 |       15 |        0 |
|   11034 |        44 |   19.4500 |       12 |        0 |
|   11034 |        61 |   28.5000 |        6 |        0 |
|   11035 |         1 |   18.0000 |       10 |        0 |
|   11035 |        35 |   18.0000 |       60 |        0 |
|   11035 |        42 |   14.0000 |       30 |        0 |
|   11035 |        54 |    7.4500 |       10 |        0 |
|   11036 |        13 |    6.0000 |        7 |        0 |
|   11036 |        59 |   55.0000 |       30 |        0 |
|   11037 |        70 |   15.0000 |        4 |        0 |
|   11038 |        40 |   18.4000 |        5 |        0 |
|   11038 |        52 |    7.0000 |        2 |        0 |
|   11038 |        71 |   21.5000 |       30 |        0 |
|   11039 |        28 |   45.6000 |       20 |        0 |
|   11039 |        35 |   18.0000 |       24 |        0 |
|   11039 |        49 |   20.0000 |       60 |        0 |
|   11039 |        57 |   19.5000 |       28 |        0 |
|   11040 |        21 |   10.0000 |       20 |        0 |
|   11041 |         2 |   19.0000 |       30 |        0 |
|   11041 |        63 |   43.9000 |       30 |        0 |
|   11042 |        44 |   19.4500 |       15 |        0 |
|   11042 |        61 |   28.5000 |        4 |        0 |
|   11043 |        11 |   21.0000 |       10 |        0 |
|   11044 |        62 |   49.3000 |       12 |        0 |
|   11045 |        33 |    2.5000 |       15 |        0 |
|   11045 |        51 |   53.0000 |       24 |        0 |
|   11046 |        12 |   38.0000 |       20 |        0 |
|   11046 |        32 |   32.0000 |       15 |        0 |
|   11046 |        35 |   18.0000 |       18 |        0 |
|   11047 |         1 |   18.0000 |       25 |        0 |
|   11047 |         5 |   21.3500 |       30 |        0 |
|   11048 |        68 |   12.5000 |       42 |        0 |
|   11049 |         2 |   19.0000 |       10 |        0 |
|   11049 |        12 |   38.0000 |        4 |        0 |
|   11050 |        76 |   18.0000 |       50 |        0 |
|   11051 |        24 |    4.5000 |       10 |        0 |
|   11052 |        43 |   46.0000 |       30 |        0 |
|   11052 |        61 |   28.5000 |       10 |        0 |
|   11053 |        18 |   62.5000 |       35 |        0 |
|   11053 |        32 |   32.0000 |       20 |        0 |
|   11053 |        64 |   33.2500 |       25 |        0 |
|   11054 |        33 |    2.5000 |       10 |        0 |
|   11054 |        67 |   14.0000 |       20 |        0 |
|   11055 |        24 |    4.5000 |       15 |        0 |
|   11055 |        25 |   14.0000 |       15 |        0 |
|   11055 |        51 |   53.0000 |       20 |        0 |
|   11055 |        57 |   19.5000 |       20 |        0 |
|   11056 |         7 |   30.0000 |       40 |        0 |
|   11056 |        55 |   24.0000 |       35 |        0 |
|   11056 |        60 |   34.0000 |       50 |        0 |
|   11057 |        70 |   15.0000 |        3 |        0 |
|   11058 |        21 |   10.0000 |        3 |        0 |
|   11058 |        60 |   34.0000 |       21 |        0 |
|   11058 |        61 |   28.5000 |        4 |        0 |
|   11059 |        13 |    6.0000 |       30 |        0 |
|   11059 |        17 |   39.0000 |       12 |        0 |
|   11059 |        60 |   34.0000 |       35 |        0 |
|   11060 |        60 |   34.0000 |        4 |        0 |
|   11060 |        77 |   13.0000 |       10 |        0 |
|   11061 |        60 |   34.0000 |       15 |        0 |
|   11062 |        53 |   32.8000 |       10 |        0 |
|   11062 |        70 |   15.0000 |       12 |        0 |
|   11063 |        34 |   14.0000 |       30 |        0 |
|   11063 |        40 |   18.4000 |       40 |        0 |
|   11063 |        41 |    9.6500 |       30 |        0 |
|   11064 |        17 |   39.0000 |       77 |        0 |
|   11064 |        41 |    9.6500 |       12 |        0 |
|   11064 |        53 |   32.8000 |       25 |        0 |
|   11064 |        55 |   24.0000 |        4 |        0 |
|   11064 |        68 |   12.5000 |       55 |        0 |
|   11065 |        30 |   25.8900 |        4 |        0 |
|   11065 |        54 |    7.4500 |       20 |        0 |
|   11066 |        16 |   17.4500 |        3 |        0 |
|   11066 |        19 |    9.2000 |       42 |        0 |
|   11066 |        34 |   14.0000 |       35 |        0 |
|   11067 |        41 |    9.6500 |        9 |        0 |
|   11068 |        28 |   45.6000 |        8 |        0 |
|   11068 |        43 |   46.0000 |       36 |        0 |
|   11068 |        77 |   13.0000 |       28 |        0 |
|   11069 |        39 |   18.0000 |       20 |        0 |
|   11070 |         1 |   18.0000 |       40 |        0 |
|   11070 |         2 |   19.0000 |       20 |        0 |
|   11070 |        16 |   17.4500 |       30 |        0 |
|   11070 |        31 |   12.5000 |       20 |        0 |
|   11071 |         7 |   30.0000 |       15 |        0 |
|   11071 |        13 |    6.0000 |       10 |        0 |
|   11072 |         2 |   19.0000 |        8 |        0 |
|   11072 |        41 |    9.6500 |       40 |        0 |
|   11072 |        50 |   16.2500 |       22 |        0 |
|   11072 |        64 |   33.2500 |      130 |        0 |
|   11073 |        11 |   21.0000 |       10 |        0 |
|   11073 |        24 |    4.5000 |       20 |        0 |
|   11074 |        16 |   17.4500 |       14 |        0 |
|   11075 |         2 |   19.0000 |       10 |        0 |
|   11075 |        46 |   12.0000 |       30 |        0 |
|   11075 |        76 |   18.0000 |        2 |        0 |
|   11076 |         6 |   25.0000 |       20 |        0 |
|   11076 |        14 |   23.2500 |       20 |        0 |
|   11076 |        19 |    9.2000 |       10 |        0 |
|   11077 |         2 |   19.0000 |       24 |        0 |
|   11077 |         3 |   10.0000 |        4 |        0 |
|   11077 |         4 |   22.0000 |        1 |        0 |
|   11077 |         6 |   25.0000 |        1 |        0 |
|   11077 |         7 |   30.0000 |        1 |        0 |
|   11077 |         8 |   40.0000 |        2 |        0 |
|   11077 |        10 |   31.0000 |        1 |        0 |
|   11077 |        12 |   38.0000 |        2 |        0 |
|   11077 |        13 |    6.0000 |        4 |        0 |
|   11077 |        14 |   23.2500 |        1 |        0 |
|   11077 |        16 |   17.4500 |        2 |        0 |
|   11077 |        20 |   81.0000 |        1 |        0 |
|   11077 |        23 |    9.0000 |        2 |        0 |
|   11077 |        32 |   32.0000 |        1 |        0 |
|   11077 |        39 |   18.0000 |        2 |        0 |
|   11077 |        41 |    9.6500 |        3 |        0 |
|   11077 |        46 |   12.0000 |        3 |        0 |
|   11077 |        52 |    7.0000 |        2 |        0 |
|   11077 |        55 |   24.0000 |        2 |        0 |
|   11077 |        60 |   34.0000 |        2 |        0 |
|   11077 |        64 |   33.2500 |        2 |        0 |
|   11077 |        66 |   17.0000 |        1 |        0 |
|   11077 |        73 |   15.0000 |        2 |        0 |
|   11077 |        75 |    7.7500 |        4 |        0 |
|   11077 |        77 |   13.0000 |        2 |        0 |
+---------+-----------+-----------+----------+----------+
2155 rows in set (0.0012 sec)

 MySQL  localhost:3306  northwind  SQL > desc orderdetails;
+-----------+---------------+------+-----+---------+-------+
| Field     | Type          | Null | Key | Default | Extra |
+-----------+---------------+------+-----+---------+-------+
| OrderID   | int(11)       | NO   | PRI | NULL    |       |
| ProductID | int(11)       | NO   | PRI | NULL    |       |
| UnitPrice | decimal(10,4) | NO   |     | 0.0000  |       |
| Quantity  | smallint(2)   | NO   |     | 1       |       |
| Discount  | double(8,0)   | NO   |     | 0       |       |
+-----------+---------------+------+-----+---------+-------+
5 rows in set (0.0057 sec)

 MySQL  localhost:3306  northwind  SQL > select b.productname, (a.unitprice * a.quantity) as subtotal
                                     ... from orderdetails.a
                                     ... inner join products b on a.productid = b.productid;
ERROR: 1146 (42S02): Table 'orderdetails.a' doesn't exist

 MySQL  localhost:3306  northwind  SQL > desc orderdetails;
+-----------+---------------+------+-----+---------+-------+
| Field     | Type          | Null | Key | Default | Extra |
+-----------+---------------+------+-----+---------+-------+
| OrderID   | int(11)       | NO   | PRI | NULL    |       |
| ProductID | int(11)       | NO   | PRI | NULL    |       |
| UnitPrice | decimal(10,4) | NO   |     | 0.0000  |       |
| Quantity  | smallint(2)   | NO   |     | 1       |       |
| Discount  | double(8,0)   | NO   |     | 0       |       |
+-----------+---------------+------+-----+---------+-------+
5 rows in set (0.0052 sec)

 MySQL  localhost:3306  northwind  SQL > select b.productname, (a.unitprice * a.quantity) as subtotal from orderdetails a inner join products b on a.productid = b.productid;
+----------------------------------+------------+
| productname                      | subtotal   |
+----------------------------------+------------+
| Alice Mutton                     |   936.0000 |
| Alice Mutton                     |   468.0000 |
| Alice Mutton                     |   468.0000 |
| Alice Mutton                     |  1248.0000 |
| Alice Mutton                     |   249.6000 |
| Alice Mutton                     |   624.0000 |
| Alice Mutton                     |  2184.0000 |
| Alice Mutton                     |  1123.2000 |
| Alice Mutton                     |    62.4000 |
| Alice Mutton                     |  1404.0000 |
| Alice Mutton                     |  1560.0000 |
| Alice Mutton                     |   312.0000 |
| Alice Mutton                     |   975.0000 |
| Alice Mutton                     |  1560.0000 |
| Alice Mutton                     |   312.0000 |
| Alice Mutton                     |   624.0000 |
| Alice Mutton                     |   702.0000 |
| Alice Mutton                     |  3900.0000 |
| Alice Mutton                     |  1170.0000 |
| Alice Mutton                     |   780.0000 |
| Alice Mutton                     |   312.0000 |
| Alice Mutton                     |  1053.0000 |
| Alice Mutton                     |   780.0000 |
| Alice Mutton                     |  1287.0000 |
| Alice Mutton                     |  1365.0000 |
| Alice Mutton                     |  1560.0000 |
| Alice Mutton                     |   234.0000 |
| Alice Mutton                     |  1638.0000 |
| Alice Mutton                     |   624.0000 |
| Alice Mutton                     |   585.0000 |
| Alice Mutton                     |   468.0000 |
| Alice Mutton                     |   390.0000 |
| Alice Mutton                     |   585.0000 |
| Alice Mutton                     |   234.0000 |
| Alice Mutton                     |   234.0000 |
| Alice Mutton                     |   468.0000 |
| Alice Mutton                     |  3003.0000 |
| Aniseed Syrup                    |   240.0000 |
| Aniseed Syrup                    |   400.0000 |
| Aniseed Syrup                    |   160.0000 |
| Aniseed Syrup                    |   600.0000 |
| Aniseed Syrup                    |   140.0000 |
| Aniseed Syrup                    |    60.0000 |
| Aniseed Syrup                    |   200.0000 |
| Aniseed Syrup                    |   200.0000 |
| Aniseed Syrup                    |   490.0000 |
| Aniseed Syrup                    |   300.0000 |
| Aniseed Syrup                    |   250.0000 |
| Aniseed Syrup                    |    40.0000 |
| Boston Crab Meat                 |   735.0000 |
| Boston Crab Meat                 |   882.0000 |
| Boston Crab Meat                 |   588.0000 |
| Boston Crab Meat                 |   147.0000 |
| Boston Crab Meat                 |   588.0000 |
| Boston Crab Meat                 |    58.8000 |
| Boston Crab Meat                 |    29.4000 |
| Boston Crab Meat                 |   735.0000 |
| Boston Crab Meat                 |   294.0000 |
| Boston Crab Meat                 |   294.0000 |
| Boston Crab Meat                 |   308.7000 |
| Boston Crab Meat                 |   147.0000 |
| Boston Crab Meat                 |   147.0000 |
| Boston Crab Meat                 |    92.0000 |
| Boston Crab Meat                 |   460.0000 |
| Boston Crab Meat                 |   276.0000 |
| Boston Crab Meat                 |   184.0000 |
| Boston Crab Meat                 |   184.0000 |
| Boston Crab Meat                 |   920.0000 |
| Boston Crab Meat                 |    36.8000 |
| Boston Crab Meat                 |   772.8000 |
| Boston Crab Meat                 |  1104.0000 |
| Boston Crab Meat                 |  1288.0000 |
| Boston Crab Meat                 |   441.6000 |
| Boston Crab Meat                 |   552.0000 |
| Boston Crab Meat                 |   368.0000 |
| Boston Crab Meat                 |   110.4000 |
| Boston Crab Meat                 |   920.0000 |
| Boston Crab Meat                 |   736.0000 |
| Boston Crab Meat                 |    55.2000 |
| Boston Crab Meat                 |    18.4000 |
| Boston Crab Meat                 |   552.0000 |
| Boston Crab Meat                 |  1104.0000 |
| Boston Crab Meat                 |   460.0000 |
| Boston Crab Meat                 |   220.8000 |
| Boston Crab Meat                 |  1674.4000 |
| Boston Crab Meat                 |   368.0000 |
| Boston Crab Meat                 |   184.0000 |
| Boston Crab Meat                 |   184.0000 |
| Boston Crab Meat                 |    92.0000 |
| Boston Crab Meat                 |   736.0000 |
| Camembert Pierrot                |  1088.0000 |
| Camembert Pierrot                |   952.0000 |
| Camembert Pierrot                |   544.0000 |
| Camembert Pierrot                |   571.2000 |
| Camembert Pierrot                |   217.6000 |
| Camembert Pierrot                |  2176.0000 |
| Camembert Pierrot                |  1496.0000 |
| Camembert Pierrot                |  1904.0000 |
| Camembert Pierrot                |   163.2000 |
| Camembert Pierrot                |   408.0000 |
| Camembert Pierrot                |   544.0000 |
| Camembert Pierrot                |  1632.0000 |
| Camembert Pierrot                |   544.0000 |
| Camembert Pierrot                |  1088.0000 |
| Camembert Pierrot                |   408.0000 |
| Camembert Pierrot                |  2856.0000 |
| Camembert Pierrot                |   340.0000 |
| Camembert Pierrot                |  1190.0000 |
| Camembert Pierrot                |   816.0000 |
| Camembert Pierrot                |  2380.0000 |
| Camembert Pierrot                |   510.0000 |
| Camembert Pierrot                |  1360.0000 |
| Camembert Pierrot                |   340.0000 |
| Camembert Pierrot                |   680.0000 |
| Camembert Pierrot                |   680.0000 |
| Camembert Pierrot                |  1020.0000 |
| Camembert Pierrot                |  1870.0000 |
| Camembert Pierrot                |  1020.0000 |
| Camembert Pierrot                |   340.0000 |
| Camembert Pierrot                |   510.0000 |
| Camembert Pierrot                |  1700.0000 |
| Camembert Pierrot                |   510.0000 |
| Camembert Pierrot                |   714.0000 |
| Camembert Pierrot                |  1020.0000 |
| Camembert Pierrot                |  2040.0000 |
| Camembert Pierrot                |  1530.0000 |
| Camembert Pierrot                |  3400.0000 |
| Camembert Pierrot                |   340.0000 |
| Camembert Pierrot                |   850.0000 |
| Camembert Pierrot                |  1666.0000 |
| Camembert Pierrot                |   816.0000 |
| Camembert Pierrot                |    68.0000 |
| Camembert Pierrot                |   136.0000 |
| Camembert Pierrot                |   306.0000 |
| Camembert Pierrot                |  1224.0000 |
| Camembert Pierrot                |  1700.0000 |
| Camembert Pierrot                |   714.0000 |
| Camembert Pierrot                |  1190.0000 |
| Camembert Pierrot                |   136.0000 |
| Camembert Pierrot                |   510.0000 |
| Camembert Pierrot                |    68.0000 |
| Carnarvon Tigers                 |   600.0000 |
| Carnarvon Tigers                 |  1250.0000 |
| Carnarvon Tigers                 |  2000.0000 |
| Carnarvon Tigers                 |  1000.0000 |
| Carnarvon Tigers                 |   450.0000 |
| Carnarvon Tigers                 |  1500.0000 |
| Carnarvon Tigers                 |  1562.5000 |
| Carnarvon Tigers                 |  1125.0000 |
| Carnarvon Tigers                 |  2500.0000 |
| Carnarvon Tigers                 |  3125.0000 |
| Carnarvon Tigers                 |   500.0000 |
| Carnarvon Tigers                 |   250.0000 |
| Carnarvon Tigers                 |  1250.0000 |
| Carnarvon Tigers                 |   750.0000 |
| Carnarvon Tigers                 |  1500.0000 |
| Carnarvon Tigers                 |  1312.5000 |
| Carnarvon Tigers                 |  1875.0000 |
| Carnarvon Tigers                 |  1562.5000 |
| Carnarvon Tigers                 |   625.0000 |
| Carnarvon Tigers                 |  1250.0000 |
| Carnarvon Tigers                 |  1562.5000 |
| Carnarvon Tigers                 |   250.0000 |
| Carnarvon Tigers                 |   375.0000 |
| Carnarvon Tigers                 |   500.0000 |
| Carnarvon Tigers                 |   625.0000 |
| Carnarvon Tigers                 |   500.0000 |
| Carnarvon Tigers                 |  2187.5000 |
| Chai                             |   648.0000 |
| Chai                             |   259.2000 |
| Chai                             |   288.0000 |
| Chai                             |   216.0000 |
| Chai                             |   172.8000 |
| Chai                             |   216.0000 |
| Chai                             |   144.0000 |
| Chai                             |   345.6000 |
| Chai                             |   216.0000 |
| Chai                             |   720.0000 |
| Chai                             |   144.0000 |
| Chai                             |   180.0000 |
| Chai                             |   360.0000 |
| Chai                             |    54.0000 |
| Chai                             |   108.0000 |
| Chai                             |   450.0000 |
| Chai                             |   270.0000 |
| Chai                             |   630.0000 |
| Chai                             |   540.0000 |
| Chai                             |    90.0000 |
| Chai                             |   900.0000 |
| Chai                             |   144.0000 |
| Chai                             |    72.0000 |
| Chai                             |  1440.0000 |
| Chai                             |   360.0000 |
| Chai                             |   720.0000 |
| Chai                             |   360.0000 |
| Chai                             |   180.0000 |
| Chai                             |  1080.0000 |
| Chai                             |   378.0000 |
| Chai                             |    72.0000 |
| Chai                             |    36.0000 |
| Chai                             |   144.0000 |
| Chai                             |   180.0000 |
| Chai                             |   810.0000 |
| Chai                             |   180.0000 |
| Chai                             |   450.0000 |
| Chai                             |   720.0000 |
| Chang                            |   304.0000 |
| Chang                            |   760.0000 |
| Chang                            |   532.0000 |
| Chang                            |   608.0000 |
| Chang                            |   380.0000 |
| Chang                            |   106.4000 |
| Chang                            |   364.8000 |
| Chang                            |   380.0000 |
| Chang                            |   912.0000 |
| Chang                            |   152.0000 |
| Chang                            |   684.0000 |
| Chang                            |   608.0000 |
| Chang                            |   304.0000 |
| Chang                            |   228.0000 |
| Chang                            |   190.0000 |
| Chang                            |   380.0000 |
| Chang                            |   570.0000 |
| Chang                            |   950.0000 |
| Chang                            |    95.0000 |
| Chang                            |   570.0000 |
| Chang                            |    57.0000 |
| Chang                            |   285.0000 |
| Chang                            |   760.0000 |
| Chang                            |   285.0000 |
| Chang                            |   190.0000 |
| Chang                            |   380.0000 |
| Chang                            |   228.0000 |
| Chang                            |   190.0000 |
| Chang                            |    95.0000 |
| Chang                            |   285.0000 |
| Chang                            |   380.0000 |
| Chang                            |   399.0000 |
| Chang                            |   380.0000 |
| Chang                            |   380.0000 |
| Chang                            |   190.0000 |
| Chang                            |   950.0000 |
| Chang                            |   209.0000 |
| Chang                            |  1900.0000 |
| Chang                            |   570.0000 |
| Chang                            |   190.0000 |
| Chang                            |   380.0000 |
| Chang                            |   152.0000 |
| Chang                            |   190.0000 |
| Chang                            |   456.0000 |
| Chartreuse verte                 |   604.8000 |
| Chartreuse verte                 |    86.4000 |
| Chartreuse verte                 |   864.0000 |
| Chartreuse verte                 |   432.0000 |
| Chartreuse verte                 |    57.6000 |
| Chartreuse verte                 |   720.0000 |
| Chartreuse verte                 |   777.6000 |
| Chartreuse verte                 |   288.0000 |
| Chartreuse verte                 |    86.4000 |
| Chartreuse verte                 |   288.0000 |
| Chartreuse verte                 |   288.0000 |
| Chartreuse verte                 |   180.0000 |
| Chartreuse verte                 |   180.0000 |
| Chartreuse verte                 |    90.0000 |
| Chartreuse verte                 |   378.0000 |
| Chartreuse verte                 |   360.0000 |
| Chartreuse verte                 |   360.0000 |
| Chartreuse verte                 |    54.0000 |
| Chartreuse verte                 |   288.0000 |
| Chartreuse verte                 |  2340.0000 |
| Chartreuse verte                 |    36.0000 |
| Chartreuse verte                 |   378.0000 |
| Chartreuse verte                 |   504.0000 |
| Chartreuse verte                 |   180.0000 |
| Chartreuse verte                 |  1440.0000 |
| Chartreuse verte                 |   810.0000 |
| Chartreuse verte                 |   144.0000 |
| Chartreuse verte                 |   540.0000 |
| Chartreuse verte                 |   360.0000 |
| Chartreuse verte                 |    36.0000 |
| Chef Anton's Cajun Seasoning     |   352.0000 |
| Chef Anton's Cajun Seasoning     |   422.4000 |
| Chef Anton's Cajun Seasoning     |   316.8000 |
| Chef Anton's Cajun Seasoning     |   176.0000 |
| Chef Anton's Cajun Seasoning     |   616.0000 |
| Chef Anton's Cajun Seasoning     |   281.6000 |
| Chef Anton's Cajun Seasoning     |  1100.0000 |
| Chef Anton's Cajun Seasoning     |  1100.0000 |
| Chef Anton's Cajun Seasoning     |  1100.0000 |
| Chef Anton's Cajun Seasoning     |   440.0000 |
| Chef Anton's Cajun Seasoning     |   220.0000 |
| Chef Anton's Cajun Seasoning     |   550.0000 |
| Chef Anton's Cajun Seasoning     |   264.0000 |
| Chef Anton's Cajun Seasoning     |   132.0000 |
| Chef Anton's Cajun Seasoning     |   550.0000 |
| Chef Anton's Cajun Seasoning     |   462.0000 |
| Chef Anton's Cajun Seasoning     |   660.0000 |
| Chef Anton's Cajun Seasoning     |   110.0000 |
| Chef Anton's Cajun Seasoning     |   550.0000 |
| Chef Anton's Cajun Seasoning     |    22.0000 |
| Chef Anton's Gumbo Mix           |  1105.0000 |
| Chef Anton's Gumbo Mix           |   204.0000 |
| Chef Anton's Gumbo Mix           |   340.0000 |
| Chef Anton's Gumbo Mix           |   544.0000 |
| Chef Anton's Gumbo Mix           |   320.2500 |
| Chef Anton's Gumbo Mix           |    85.4000 |
| Chef Anton's Gumbo Mix           |   640.5000 |
| Chef Anton's Gumbo Mix           |   427.0000 |
| Chef Anton's Gumbo Mix           |  1494.5000 |
| Chef Anton's Gumbo Mix           |   640.5000 |
| Chocolade                        |   714.0000 |
| Chocolade                        |   153.0000 |
| Chocolade                        |   191.2500 |
| Chocolade                        |    76.5000 |
| Chocolade                        |   306.0000 |
| Chocolade                        |   102.0000 |
| Cte de Blaye                     |  4216.0000 |
| Cte de Blaye                     |  4216.0000 |
| Cte de Blaye                     | 10540.0000 |
| Cte de Blaye                     |  2108.0000 |
| Cte de Blaye                     |  8432.0000 |
| Cte de Blaye                     | 10540.0000 |
| Cte de Blaye                     | 10329.2000 |
| Cte de Blaye                     |  6324.0000 |
| Cte de Blaye                     |  3952.5000 |
| Cte de Blaye                     |  7905.0000 |
| Cte de Blaye                     |  1054.0000 |
| Cte de Blaye                     |  3952.5000 |
| Cte de Blaye                     |  3952.5000 |
| Cte de Blaye                     |  1317.5000 |
| Cte de Blaye                     |  2635.0000 |
| Cte de Blaye                     |  7905.0000 |
| Cte de Blaye                     |  7905.0000 |
| Cte de Blaye                     |   527.0000 |
| Cte de Blaye                     |  2108.0000 |
| Cte de Blaye                     | 15810.0000 |
| Cte de Blaye                     | 10540.0000 |
| Cte de Blaye                     |  1317.5000 |
| Cte de Blaye                     | 15810.0000 |
| Cte de Blaye                     |  6587.5000 |
| Escargots de Bourgogne           |   318.0000 |
| Escargots de Bourgogne           |   318.0000 |
| Escargots de Bourgogne           |   848.0000 |
| Escargots de Bourgogne           |   159.0000 |
| Escargots de Bourgogne           |   265.0000 |
| Escargots de Bourgogne           |   397.5000 |
| Escargots de Bourgogne           |    79.5000 |
| Escargots de Bourgogne           |   649.2500 |
| Escargots de Bourgogne           |   397.5000 |
| Escargots de Bourgogne           |   397.5000 |
| Escargots de Bourgogne           |   159.0000 |
| Escargots de Bourgogne           |   397.5000 |
| Escargots de Bourgogne           |   795.0000 |
| Escargots de Bourgogne           |   159.0000 |
| Escargots de Bourgogne           |   198.7500 |
| Escargots de Bourgogne           |   198.7500 |
| Escargots de Bourgogne           |   397.5000 |
| Escargots de Bourgogne           |   530.0000 |
| Filo Mix                         |   112.0000 |
| Filo Mix                         |    44.8000 |
| Filo Mix                         |   112.0000 |
| Filo Mix                         |    84.0000 |
| Filo Mix                         |   112.0000 |
| Filo Mix                         |    42.0000 |
| Filo Mix                         |   210.0000 |
| Filo Mix                         |   490.0000 |
| Filo Mix                         |    28.0000 |
| Filo Mix                         |   168.0000 |
| Filo Mix                         |    35.0000 |
| Filo Mix                         |    63.0000 |
| Filo Mix                         |    28.0000 |
| Filo Mix                         |   175.0000 |
| Filo Mix                         |   126.0000 |
| Filo Mix                         |   420.0000 |
| Filo Mix                         |   105.0000 |
| Filo Mix                         |    56.0000 |
| Filo Mix                         |   140.0000 |
| Filo Mix                         |    56.0000 |
| Filo Mix                         |    98.0000 |
| Filo Mix                         |    84.0000 |
| Filo Mix                         |    35.0000 |
| Filo Mix                         |    42.0000 |
| Filo Mix                         |   280.0000 |
| Filo Mix                         |   140.0000 |
| Filo Mix                         |    70.0000 |
| Filo Mix                         |    14.0000 |
| Filo Mix                         |    14.0000 |
| Flotemysost                      |   344.0000 |
| Flotemysost                      |    34.4000 |
| Flotemysost                      |    51.6000 |
| Flotemysost                      |   516.0000 |
| Flotemysost                      |   688.0000 |
| Flotemysost                      |    86.0000 |
| Flotemysost                      |   860.0000 |
| Flotemysost                      |   103.2000 |
| Flotemysost                      |   258.0000 |
| Flotemysost                      |  1032.0000 |
| Flotemysost                      |   516.0000 |
| Flotemysost                      |  1032.0000 |
| Flotemysost                      |   258.0000 |
| Flotemysost                      |    34.4000 |
| Flotemysost                      |   516.0000 |
| Flotemysost                      |   860.0000 |
| Flotemysost                      |   206.4000 |
| Flotemysost                      |   193.5000 |
| Flotemysost                      |   193.5000 |
| Flotemysost                      |   322.5000 |
| Flotemysost                      |   322.5000 |
| Flotemysost                      |   322.5000 |
| Flotemysost                      |   430.0000 |
| Flotemysost                      |   645.0000 |
| Flotemysost                      |   301.0000 |
| Flotemysost                      |   258.0000 |
| Flotemysost                      |  1290.0000 |
| Flotemysost                      |   430.0000 |
| Flotemysost                      |   645.0000 |
| Flotemysost                      |   172.0000 |
| Flotemysost                      |   258.0000 |
| Flotemysost                      |   344.0000 |
| Flotemysost                      |  1182.5000 |
| Flotemysost                      |   645.0000 |
| Flotemysost                      |   537.5000 |
| Flotemysost                      |   752.5000 |
| Flotemysost                      |   451.5000 |
| Flotemysost                      |   430.0000 |
| Flotemysost                      |  1290.0000 |
| Flotemysost                      |  1075.0000 |
| Flotemysost                      |   344.0000 |
| Flotemysost                      |   645.0000 |
| Geitost                          |    50.0000 |
| Geitost                          |   120.0000 |
| Geitost                          |    48.0000 |
| Geitost                          |    40.0000 |
| Geitost                          |    16.0000 |
| Geitost                          |   120.0000 |
| Geitost                          |    98.0000 |
| Geitost                          |   100.0000 |
| Geitost                          |    40.0000 |
| Geitost                          |    40.0000 |
| Geitost                          |    24.0000 |
| Geitost                          |    40.0000 |
| Geitost                          |    20.0000 |
| Geitost                          |    75.0000 |
| Geitost                          |    37.5000 |
| Geitost                          |    50.0000 |
| Geitost                          |    35.0000 |
| Geitost                          |    35.0000 |
| Geitost                          |    50.0000 |
| Geitost                          |    20.0000 |
| Geitost                          |    75.0000 |
| Geitost                          |    75.0000 |
| Geitost                          |    40.0000 |
| Geitost                          |    10.0000 |
| Geitost                          |    87.5000 |
| Geitost                          |   100.0000 |
| Geitost                          |    75.0000 |
| Geitost                          |    37.5000 |
| Geitost                          |    17.5000 |
| Geitost                          |    75.0000 |
| Geitost                          |    37.5000 |
| Geitost                          |    25.0000 |
| Genen Shouyu                     |   248.0000 |
| Genen Shouyu                     |    62.0000 |
| Genen Shouyu                     |   186.0000 |
| Genen Shouyu                     |   155.0000 |
| Genen Shouyu                     |   387.5000 |
| Genen Shouyu                     |   775.0000 |
| Gnocchi di nonna Alice           |    60.8000 |
| Gnocchi di nonna Alice           |   121.6000 |
| Gnocchi di nonna Alice           |   608.0000 |
| Gnocchi di nonna Alice           |   364.8000 |
| Gnocchi di nonna Alice           |   608.0000 |
| Gnocchi di nonna Alice           |   547.2000 |
| Gnocchi di nonna Alice           |   608.0000 |
| Gnocchi di nonna Alice           |  2128.0000 |
| Gnocchi di nonna Alice           |   152.0000 |
| Gnocchi di nonna Alice           |   912.0000 |
| Gnocchi di nonna Alice           |   851.2000 |
| Gnocchi di nonna Alice           |  1216.0000 |
| Gnocchi di nonna Alice           |   456.0000 |
| Gnocchi di nonna Alice           |   912.0000 |
| Gnocchi di nonna Alice           |   608.0000 |
| Gnocchi di nonna Alice           |   912.0000 |
| Gnocchi di nonna Alice           |   425.6000 |
| Gnocchi di nonna Alice           |  2660.0000 |
| Gnocchi di nonna Alice           |  1520.0000 |
| Gnocchi di nonna Alice           |  1140.0000 |
| Gnocchi di nonna Alice           |  1520.0000 |
| Gnocchi di nonna Alice           |  2280.0000 |
| Gnocchi di nonna Alice           |   190.0000 |
| Gnocchi di nonna Alice           |  1064.0000 |
| Gnocchi di nonna Alice           |   532.0000 |
| Gnocchi di nonna Alice           |   760.0000 |
| Gnocchi di nonna Alice           |  2280.0000 |
| Gnocchi di nonna Alice           |  1710.0000 |
| Gnocchi di nonna Alice           |   456.0000 |
| Gnocchi di nonna Alice           |   760.0000 |
| Gnocchi di nonna Alice           |  1140.0000 |
| Gnocchi di nonna Alice           |   684.0000 |
| Gnocchi di nonna Alice           |   380.0000 |
| Gnocchi di nonna Alice           |   532.0000 |
| Gnocchi di nonna Alice           |  1064.0000 |
| Gnocchi di nonna Alice           |   570.0000 |
| Gnocchi di nonna Alice           |  1140.0000 |
| Gnocchi di nonna Alice           |  2280.0000 |
| Gnocchi di nonna Alice           |   760.0000 |
| Gnocchi di nonna Alice           |   760.0000 |
| Gnocchi di nonna Alice           |   760.0000 |
| Gnocchi di nonna Alice           |  1140.0000 |
| Gnocchi di nonna Alice           |  1140.0000 |
| Gnocchi di nonna Alice           |   912.0000 |
| Gnocchi di nonna Alice           |   798.0000 |
| Gnocchi di nonna Alice           |   608.0000 |
| Gnocchi di nonna Alice           |   684.0000 |
| Gnocchi di nonna Alice           |   456.0000 |
| Gnocchi di nonna Alice           |   190.0000 |
| Gnocchi di nonna Alice           |   760.0000 |
| Gorgonzola Telino                |   200.0000 |
| Gorgonzola Telino                |   400.0000 |
| Gorgonzola Telino                |   150.0000 |
| Gorgonzola Telino                |    40.0000 |
| Gorgonzola Telino                |   250.0000 |
| Gorgonzola Telino                |   560.0000 |
| Gorgonzola Telino                |   300.0000 |
| Gorgonzola Telino                |   700.0000 |
| Gorgonzola Telino                |   200.0000 |
| Gorgonzola Telino                |   300.0000 |
| Gorgonzola Telino                |   420.0000 |
| Gorgonzola Telino                |   600.0000 |
| Gorgonzola Telino                |   320.0000 |
| Gorgonzola Telino                |   140.0000 |
| Gorgonzola Telino                |    30.0000 |
| Gorgonzola Telino                |   350.0000 |
| Gorgonzola Telino                |   200.0000 |
| Gorgonzola Telino                |   250.0000 |
| Gorgonzola Telino                |   375.0000 |
| Gorgonzola Telino                |   687.5000 |
| Gorgonzola Telino                |   375.0000 |
| Gorgonzola Telino                |    75.0000 |
| Gorgonzola Telino                |   750.0000 |
| Gorgonzola Telino                |   437.5000 |
| Gorgonzola Telino                |   250.0000 |
| Gorgonzola Telino                |   625.0000 |
| Gorgonzola Telino                |   250.0000 |
| Gorgonzola Telino                |   100.0000 |
| Gorgonzola Telino                |   250.0000 |
| Gorgonzola Telino                |   250.0000 |
| Gorgonzola Telino                |   625.0000 |
| Gorgonzola Telino                |    37.5000 |
| Gorgonzola Telino                |   100.0000 |
| Gorgonzola Telino                |   625.0000 |
| Gorgonzola Telino                |   875.0000 |
| Gorgonzola Telino                |    25.0000 |
| Gorgonzola Telino                |   200.0000 |
| Gorgonzola Telino                |    12.5000 |
| Gorgonzola Telino                |   125.0000 |
| Gorgonzola Telino                |   200.0000 |
| Gorgonzola Telino                |   437.5000 |
| Gorgonzola Telino                |   112.5000 |
| Gorgonzola Telino                |   175.0000 |
| Gorgonzola Telino                |   437.5000 |
| Gorgonzola Telino                |   550.0000 |
| Gorgonzola Telino                |   125.0000 |
| Gorgonzola Telino                |   625.0000 |
| Gorgonzola Telino                |   312.5000 |
| Gorgonzola Telino                |   300.0000 |
| Gorgonzola Telino                |   187.5000 |
| Gorgonzola Telino                |   250.0000 |
| Grandma's Boysenberry Spread     |   600.0000 |
| Grandma's Boysenberry Spread     |   120.0000 |
| Grandma's Boysenberry Spread     |  1750.0000 |
| Grandma's Boysenberry Spread     |   750.0000 |
| Grandma's Boysenberry Spread     |   150.0000 |
| Grandma's Boysenberry Spread     |  1250.0000 |
| Grandma's Boysenberry Spread     |   500.0000 |
| Grandma's Boysenberry Spread     |   300.0000 |
| Grandma's Boysenberry Spread     |   400.0000 |
| Grandma's Boysenberry Spread     |  1000.0000 |
| Grandma's Boysenberry Spread     |   500.0000 |
| Grandma's Boysenberry Spread     |    25.0000 |
| Gravad lax                       |    20.8000 |
| Gravad lax                       |   582.4000 |
| Gravad lax                       |   208.0000 |
| Gravad lax                       |   468.0000 |
| Gravad lax                       |  1560.0000 |
| Gravad lax                       |   208.0000 |
| Guaran Fantstica                 |    54.0000 |
| Guaran Fantstica                 |   100.8000 |
| Guaran Fantstica                 |    43.2000 |
| Guaran Fantstica                 |    43.2000 |
| Guaran Fantstica                 |    21.6000 |
| Guaran Fantstica                 |    36.0000 |
| Guaran Fantstica                 |    36.0000 |
| Guaran Fantstica                 |    90.0000 |
| Guaran Fantstica                 |    36.0000 |
| Guaran Fantstica                 |    54.0000 |
| Guaran Fantstica                 |    54.0000 |
| Guaran Fantstica                 |    72.0000 |
| Guaran Fantstica                 |    90.0000 |
| Guaran Fantstica                 |   100.8000 |
| Guaran Fantstica                 |   288.0000 |
| Guaran Fantstica                 |    63.0000 |
| Guaran Fantstica                 |    45.0000 |
| Guaran Fantstica                 |    22.5000 |
| Guaran Fantstica                 |    36.0000 |
| Guaran Fantstica                 |   157.5000 |
| Guaran Fantstica                 |    81.0000 |
| Guaran Fantstica                 |   112.5000 |
| Guaran Fantstica                 |   157.5000 |
| Guaran Fantstica                 |    22.5000 |
| Guaran Fantstica                 |    13.5000 |
| Guaran Fantstica                 |    67.5000 |
| Guaran Fantstica                 |    90.0000 |
| Guaran Fantstica                 |   157.5000 |
| Guaran Fantstica                 |    90.0000 |
| Guaran Fantstica                 |    90.0000 |
| Guaran Fantstica                 |   180.0000 |
| Guaran Fantstica                 |    27.0000 |
| Guaran Fantstica                 |    36.0000 |
| Guaran Fantstica                 |    54.0000 |
| Guaran Fantstica                 |    45.0000 |
| Guaran Fantstica                 |   495.0000 |
| Guaran Fantstica                 |   157.5000 |
| Guaran Fantstica                 |   112.5000 |
| Guaran Fantstica                 |    45.0000 |
| Guaran Fantstica                 |   135.0000 |
| Guaran Fantstica                 |   360.0000 |
| Guaran Fantstica                 |    90.0000 |
| Guaran Fantstica                 |    54.0000 |
| Guaran Fantstica                 |   135.0000 |
| Guaran Fantstica                 |    54.0000 |
| Guaran Fantstica                 |    45.0000 |
| Guaran Fantstica                 |   135.0000 |
| Guaran Fantstica                 |    94.5000 |
| Guaran Fantstica                 |    45.0000 |
| Guaran Fantstica                 |    67.5000 |
| Guaran Fantstica                 |    90.0000 |
| Gudbrandsdalsost                 |   432.0000 |
| Gudbrandsdalsost                 |    28.8000 |
| Gudbrandsdalsost                 |   201.6000 |
| Gudbrandsdalsost                 |   518.4000 |
| Gudbrandsdalsost                 |   576.0000 |
| Gudbrandsdalsost                 |   864.0000 |
| Gudbrandsdalsost                 |  1440.0000 |
| Gudbrandsdalsost                 |   230.4000 |
| Gudbrandsdalsost                 |   432.0000 |
| Gudbrandsdalsost                 |   576.0000 |
| Gudbrandsdalsost                 |   288.0000 |
| Gudbrandsdalsost                 |   360.0000 |
| Gudbrandsdalsost                 |   648.0000 |
| Gudbrandsdalsost                 |   360.0000 |
| Gudbrandsdalsost                 |   720.0000 |
| Gudbrandsdalsost                 |  2340.0000 |
| Gudbrandsdalsost                 |   720.0000 |
| Gudbrandsdalsost                 |  1620.0000 |
| Gudbrandsdalsost                 |  1080.0000 |
| Gudbrandsdalsost                 |   900.0000 |
| Gudbrandsdalsost                 |  1440.0000 |
| Gudbrandsdalsost                 |  1080.0000 |
| Gudbrandsdalsost                 |   108.0000 |
| Gudbrandsdalsost                 |   900.0000 |
| Gudbrandsdalsost                 |   720.0000 |
| Gudbrandsdalsost                 |   864.0000 |
| Gudbrandsdalsost                 |  1800.0000 |
| Gudbrandsdalsost                 |   324.0000 |
| Gudbrandsdalsost                 |   360.0000 |
| Gudbrandsdalsost                 |  1080.0000 |
| Gudbrandsdalsost                 |  1296.0000 |
| Gula Malacca                     |   248.0000 |
| Gula Malacca                     |   325.5000 |
| Gula Malacca                     |   372.0000 |
| Gula Malacca                     |  1193.5000 |
| Gula Malacca                     |   620.0000 |
| Gula Malacca                     |  1550.0000 |
| Gula Malacca                     |    31.0000 |
| Gula Malacca                     |   232.5000 |
| Gula Malacca                     |   175.0500 |
| Gula Malacca                     |   778.0000 |
| Gula Malacca                     |   194.5000 |
| Gula Malacca                     |   408.4500 |
| Gula Malacca                     |   194.5000 |
| Gula Malacca                     |   544.6000 |
| Gula Malacca                     |   408.4500 |
| Gula Malacca                     |   466.8000 |
| Gula Malacca                     |   972.5000 |
| Gula Malacca                     |   311.2000 |
| Gula Malacca                     |   194.5000 |
| Gula Malacca                     |   311.2000 |
| Gula Malacca                     |   350.1000 |
| Gula Malacca                     |   116.7000 |
| Gula Malacca                     |   233.4000 |
| Gula Malacca                     |   291.7500 |
| Gumbr Gummibrchen                |  1245.0000 |
| Gumbr Gummibrchen                |   597.6000 |
| Gumbr Gummibrchen                |   398.4000 |
| Gumbr Gummibrchen                |  1743.0000 |
| Gumbr Gummibrchen                |   747.0000 |
| Gumbr Gummibrchen                |   747.0000 |
| Gumbr Gummibrchen                |    49.8000 |
| Gumbr Gummibrchen                |   249.0000 |
| Gumbr Gummibrchen                |   373.5000 |
| Gumbr Gummibrchen                |   149.4000 |
| Gumbr Gummibrchen                |   747.0000 |
| Gumbr Gummibrchen                |   747.0000 |
| Gumbr Gummibrchen                |  1249.2000 |
| Gumbr Gummibrchen                |   187.3800 |
| Gumbr Gummibrchen                |   156.1500 |
| Gumbr Gummibrchen                |  1093.0500 |
| Gumbr Gummibrchen                |   936.9000 |
| Gumbr Gummibrchen                |   468.4500 |
| Gumbr Gummibrchen                |   936.9000 |
| Gumbr Gummibrchen                |   468.4500 |
| Gumbr Gummibrchen                |   374.7600 |
| Gumbr Gummibrchen                |   624.6000 |
| Gumbr Gummibrchen                |   655.8300 |
| Gumbr Gummibrchen                |  1249.2000 |
| Gumbr Gummibrchen                |   374.7600 |
| Gumbr Gummibrchen                |   562.1400 |
| Gumbr Gummibrchen                |  1093.0500 |
| Gumbr Gummibrchen                |   624.6000 |
| Gumbr Gummibrchen                |   156.1500 |
| Gumbr Gummibrchen                |   187.3800 |
| Gumbr Gummibrchen                |  1967.4900 |
| Gumbr Gummibrchen                |   374.7600 |
| Gustaf's Knckebrd                |   100.8000 |
| Gustaf's Knckebrd                |   201.6000 |
| Gustaf's Knckebrd                |   504.0000 |
| Gustaf's Knckebrd                |  1008.0000 |
| Gustaf's Knckebrd                |   840.0000 |
| Gustaf's Knckebrd                |   840.0000 |
| Gustaf's Knckebrd                |   315.0000 |
| Gustaf's Knckebrd                |   420.0000 |
| Gustaf's Knckebrd                |   126.0000 |
| Gustaf's Knckebrd                |    84.0000 |
| Gustaf's Knckebrd                |  1092.0000 |
| Gustaf's Knckebrd                |   735.0000 |
| Gustaf's Knckebrd                |   441.0000 |
| Gustaf's Knckebrd                |   525.0000 |
| Ikura                            |   595.2000 |
| Ikura                            |   372.0000 |
| Ikura                            |   744.0000 |
| Ikura                            |   396.8000 |
| Ikura                            |   347.2000 |
| Ikura                            |   496.0000 |
| Ikura                            |   496.0000 |
| Ikura                            |   496.0000 |
| Ikura                            |    62.0000 |
| Ikura                            |   155.0000 |
| Ikura                            |   310.0000 |
| Ikura                            |  2170.0000 |
| Ikura                            |   558.0000 |
| Ikura                            |   744.0000 |
| Ikura                            |    62.0000 |
| Ikura                            |   620.0000 |
| Ikura                            |   558.0000 |
| Ikura                            |   558.0000 |
| Ikura                            |   651.0000 |
| Ikura                            |   496.0000 |
| Ikura                            |   186.0000 |
| Ikura                            |   310.0000 |
| Ikura                            |  1116.0000 |
| Ikura                            |   465.0000 |
| Ikura                            |   496.0000 |
| Ikura                            |  3100.0000 |
| Ikura                            |   310.0000 |
| Ikura                            |  2170.0000 |
| Ikura                            |   620.0000 |
| Ikura                            |   775.0000 |
| Ikura                            |   930.0000 |
| Ikura                            |   744.0000 |
| Ikura                            |    31.0000 |
| Inlagd Sill                      |   380.0000 |
| Inlagd Sill                      |   456.0000 |
| Inlagd Sill                      |   608.0000 |
| Inlagd Sill                      |   182.4000 |
| Inlagd Sill                      |   304.0000 |
| Inlagd Sill                      |   608.0000 |
| Inlagd Sill                      |   304.0000 |
| Inlagd Sill                      |    91.2000 |
| Inlagd Sill                      |    76.0000 |
| Inlagd Sill                      |   570.0000 |
| Inlagd Sill                      |   570.0000 |
| Inlagd Sill                      |  1140.0000 |
| Inlagd Sill                      |   475.0000 |
| Inlagd Sill                      |   399.0000 |
| Inlagd Sill                      |  1045.0000 |
| Inlagd Sill                      |   285.0000 |
| Inlagd Sill                      |   570.0000 |
| Inlagd Sill                      |   114.0000 |
| Inlagd Sill                      |    95.0000 |
| Inlagd Sill                      |   760.0000 |
| Inlagd Sill                      |   114.0000 |
| Inlagd Sill                      |   380.0000 |
| Inlagd Sill                      |   570.0000 |
| Inlagd Sill                      |   950.0000 |
| Inlagd Sill                      |   380.0000 |
| Inlagd Sill                      |   475.0000 |
| Inlagd Sill                      |   570.0000 |
| Inlagd Sill                      |   760.0000 |
| Inlagd Sill                      |   342.0000 |
| Inlagd Sill                      |   304.0000 |
| Inlagd Sill                      |   665.0000 |
| Ipoh Coffee                      |   920.0000 |
| Ipoh Coffee                      |   552.0000 |
| Ipoh Coffee                      |   441.6000 |
| Ipoh Coffee                      |   736.0000 |
| Ipoh Coffee                      |   883.2000 |
| Ipoh Coffee                      |  1472.0000 |
| Ipoh Coffee                      |   736.0000 |
| Ipoh Coffee                      |   110.4000 |
| Ipoh Coffee                      |   552.0000 |
| Ipoh Coffee                      |   690.0000 |
| Ipoh Coffee                      |  2760.0000 |
| Ipoh Coffee                      |  1150.0000 |
| Ipoh Coffee                      |   920.0000 |
| Ipoh Coffee                      |   276.0000 |
| Ipoh Coffee                      |  1840.0000 |
| Ipoh Coffee                      |  1104.0000 |
| Ipoh Coffee                      |  1380.0000 |
| Ipoh Coffee                      |   920.0000 |
| Ipoh Coffee                      |   322.0000 |
| Ipoh Coffee                      |   414.0000 |
| Ipoh Coffee                      |   230.0000 |
| Ipoh Coffee                      |   460.0000 |
| Ipoh Coffee                      |  1104.0000 |
| Ipoh Coffee                      |   414.0000 |
| Ipoh Coffee                      |   276.0000 |
| Ipoh Coffee                      |  1380.0000 |
| Ipoh Coffee                      |  1380.0000 |
| Ipoh Coffee                      |  1656.0000 |
| Jack's New England Clam Chowder  |    77.0000 |
| Jack's New England Clam Chowder  |   123.2000 |
| Jack's New England Clam Chowder  |   192.5000 |
| Jack's New England Clam Chowder  |    77.0000 |
| Jack's New England Clam Chowder  |   154.0000 |
| Jack's New England Clam Chowder  |    92.4000 |
| Jack's New England Clam Chowder  |   100.1000 |
| Jack's New England Clam Chowder  |    61.6000 |
| Jack's New England Clam Chowder  |   192.5000 |
| Jack's New England Clam Chowder  |   231.0000 |
| Jack's New England Clam Chowder  |   154.0000 |
| Jack's New England Clam Chowder  |   772.0000 |
| Jack's New England Clam Chowder  |    96.5000 |
| Jack's New England Clam Chowder  |    57.9000 |
| Jack's New England Clam Chowder  |   135.1000 |
| Jack's New England Clam Chowder  |   115.8000 |
| Jack's New England Clam Chowder  |    86.8500 |
| Jack's New England Clam Chowder  |   193.0000 |
| Jack's New England Clam Chowder  |   231.6000 |
| Jack's New England Clam Chowder  |  1158.0000 |
| Jack's New England Clam Chowder  |    38.6000 |
| Jack's New England Clam Chowder  |   405.3000 |
| Jack's New England Clam Chowder  |   115.8000 |
| Jack's New England Clam Chowder  |   115.8000 |
| Jack's New England Clam Chowder  |   337.7500 |
| Jack's New England Clam Chowder  |   289.5000 |
| Jack's New England Clam Chowder  |    96.5000 |
| Jack's New England Clam Chowder  |   193.0000 |
| Jack's New England Clam Chowder  |   135.1000 |
| Jack's New England Clam Chowder  |   193.0000 |
| Jack's New England Clam Chowder  |   193.0000 |
| Jack's New England Clam Chowder  |   115.8000 |
| Jack's New England Clam Chowder  |   135.1000 |
| Jack's New England Clam Chowder  |   289.5000 |
| Jack's New England Clam Chowder  |    48.2500 |
| Jack's New England Clam Chowder  |    57.9000 |
| Jack's New England Clam Chowder  |   231.6000 |
| Jack's New England Clam Chowder  |    57.9000 |
| Jack's New England Clam Chowder  |    38.6000 |
| Jack's New England Clam Chowder  |   337.7500 |
| Jack's New England Clam Chowder  |   193.0000 |
| Jack's New England Clam Chowder  |   270.2000 |
| Jack's New England Clam Chowder  |   289.5000 |
| Jack's New England Clam Chowder  |   115.8000 |
| Jack's New England Clam Chowder  |    86.8500 |
| Jack's New England Clam Chowder  |   386.0000 |
| Jack's New England Clam Chowder  |    28.9500 |
| Konbu                            |    48.0000 |
| Konbu                            |    96.0000 |
| Konbu                            |    57.6000 |
| Konbu                            |    96.0000 |
| Konbu                            |    86.4000 |
| Konbu                            |    48.0000 |
| Konbu                            |     9.6000 |
| Konbu                            |     4.8000 |
| Konbu                            |    60.0000 |
| Konbu                            |    60.0000 |
| Konbu                            |    48.0000 |
| Konbu                            |   360.0000 |
| Konbu                            |    48.0000 |
| Konbu                            |    78.0000 |
| Konbu                            |    24.0000 |
| Konbu                            |    36.0000 |
| Konbu                            |   120.0000 |
| Konbu                            |    42.0000 |
| Konbu                            |    60.0000 |
| Konbu                            |    18.0000 |
| Konbu                            |    36.0000 |
| Konbu                            |   390.0000 |
| Konbu                            |   168.0000 |
| Konbu                            |    30.0000 |
| Konbu                            |   240.0000 |
| Konbu                            |    60.0000 |
| Konbu                            |   252.0000 |
| Konbu                            |   120.0000 |
| Konbu                            |   120.0000 |
| Konbu                            |    90.0000 |
| Konbu                            |   120.0000 |
| Konbu                            |   462.0000 |
| Konbu                            |   504.0000 |
| Konbu                            |   336.0000 |
| Konbu                            |   120.0000 |
| Konbu                            |   480.0000 |
| Konbu                            |    42.0000 |
| Konbu                            |   180.0000 |
| Konbu                            |    60.0000 |
| Konbu                            |    24.0000 |
| Lakkalikri                       |   216.0000 |
| Lakkalikri                       |   475.2000 |
| Lakkalikri                       |    86.4000 |
| Lakkalikri                       |   432.0000 |
| Lakkalikri                       |   216.0000 |
| Lakkalikri                       |   172.8000 |
| Lakkalikri                       |   504.0000 |
| Lakkalikri                       |   201.6000 |
| Lakkalikri                       |   288.0000 |
| Lakkalikri                       |   259.2000 |
| Lakkalikri                       |   604.8000 |
| Lakkalikri                       |   900.0000 |
| Lakkalikri                       |   180.0000 |
| Lakkalikri                       |   540.0000 |
| Lakkalikri                       |   180.0000 |
| Lakkalikri                       |   252.0000 |
| Lakkalikri                       |    72.0000 |
| Lakkalikri                       |   180.0000 |
| Lakkalikri                       |  1440.0000 |
| Lakkalikri                       |   630.0000 |
| Lakkalikri                       |   180.0000 |
| Lakkalikri                       |   630.0000 |
| Lakkalikri                       |   270.0000 |
| Lakkalikri                       |   360.0000 |
| Lakkalikri                       |   360.0000 |
| Lakkalikri                       |   180.0000 |
| Lakkalikri                       |   900.0000 |
| Lakkalikri                       |   378.0000 |
| Lakkalikri                       |   360.0000 |
| Lakkalikri                       |   180.0000 |
| Lakkalikri                       |   360.0000 |
| Lakkalikri                       |    90.0000 |
| Lakkalikri                       |  1080.0000 |
| Lakkalikri                       |   792.0000 |
| Lakkalikri                       |   180.0000 |
| Lakkalikri                       |  1620.0000 |
| Lakkalikri                       |   108.0000 |
| Lakkalikri                       |   900.0000 |
| Lakkalikri                       |    36.0000 |
| Laughing Lumberjack Lager        |    56.0000 |
| Laughing Lumberjack Lager        |   420.0000 |
| Laughing Lumberjack Lager        |    98.0000 |
| Laughing Lumberjack Lager        |   350.0000 |
| Laughing Lumberjack Lager        |    42.0000 |
| Laughing Lumberjack Lager        |   210.0000 |
| Laughing Lumberjack Lager        |   210.0000 |
| Laughing Lumberjack Lager        |   336.0000 |
| Laughing Lumberjack Lager        |   560.0000 |
| Laughing Lumberjack Lager        |   280.0000 |
| Longlife Tofu                    |   168.0000 |
| Longlife Tofu                    |   288.0000 |
| Longlife Tofu                    |   160.0000 |
| Longlife Tofu                    |   112.0000 |
| Longlife Tofu                    |   400.0000 |
| Longlife Tofu                    |   120.0000 |
| Longlife Tofu                    |   240.0000 |
| Longlife Tofu                    |   128.0000 |
| Longlife Tofu                    |    50.0000 |
| Longlife Tofu                    |   350.0000 |
| Longlife Tofu                    |   150.0000 |
| Longlife Tofu                    |   200.0000 |
| Longlife Tofu                    |   200.0000 |
| Louisiana Fiery Hot Pepper Sauce |   252.0000 |
| Louisiana Fiery Hot Pepper Sauce |   336.0000 |
| Louisiana Fiery Hot Pepper Sauce |   504.0000 |
| Louisiana Fiery Hot Pepper Sauce |   672.0000 |
| Louisiana Fiery Hot Pepper Sauce |   168.0000 |
| Louisiana Fiery Hot Pepper Sauce |    84.0000 |
| Louisiana Fiery Hot Pepper Sauce |   252.0000 |
| Louisiana Fiery Hot Pepper Sauce |   336.0000 |
| Louisiana Fiery Hot Pepper Sauce |   336.0000 |
| Louisiana Fiery Hot Pepper Sauce |   588.0000 |
| Louisiana Fiery Hot Pepper Sauce |   470.4000 |
| Louisiana Fiery Hot Pepper Sauce |   252.0000 |
| Louisiana Fiery Hot Pepper Sauce |   421.0000 |
| Louisiana Fiery Hot Pepper Sauce |   820.9500 |
| Louisiana Fiery Hot Pepper Sauce |   757.8000 |
| Louisiana Fiery Hot Pepper Sauce |   631.5000 |
| Louisiana Fiery Hot Pepper Sauce |   252.6000 |
| Louisiana Fiery Hot Pepper Sauce |   442.0500 |
| Louisiana Fiery Hot Pepper Sauce |   315.7500 |
| Louisiana Fiery Hot Pepper Sauce |   210.5000 |
| Louisiana Fiery Hot Pepper Sauce |   252.6000 |
| Louisiana Fiery Hot Pepper Sauce |  1368.2500 |
| Louisiana Fiery Hot Pepper Sauce |   210.5000 |
| Louisiana Fiery Hot Pepper Sauce |   842.0000 |
| Louisiana Fiery Hot Pepper Sauce |  1684.0000 |
| Louisiana Fiery Hot Pepper Sauce |    42.1000 |
| Louisiana Fiery Hot Pepper Sauce |   315.7500 |
| Louisiana Fiery Hot Pepper Sauce |   442.0500 |
| Louisiana Fiery Hot Pepper Sauce |   210.5000 |
| Louisiana Fiery Hot Pepper Sauce |   252.6000 |
| Louisiana Fiery Hot Pepper Sauce |   442.0500 |
| Louisiana Fiery Hot Pepper Sauce |   442.0500 |
| Louisiana Hot Spiced Okra        |   408.0000 |
| Louisiana Hot Spiced Okra        |   816.0000 |
| Louisiana Hot Spiced Okra        |   816.0000 |
| Louisiana Hot Spiced Okra        |   136.0000 |
| Louisiana Hot Spiced Okra        |   408.0000 |
| Louisiana Hot Spiced Okra        |    68.0000 |
| Louisiana Hot Spiced Okra        |   850.0000 |
| Louisiana Hot Spiced Okra        |    17.0000 |
| Manjimup Dried Apples            |  1696.0000 |
| Manjimup Dried Apples            |  1484.0000 |
| Manjimup Dried Apples            |    84.8000 |
| Manjimup Dried Apples            |  2035.2000 |
| Manjimup Dried Apples            |   848.0000 |
| Manjimup Dried Apples            |   763.2000 |
| Manjimup Dried Apples            |   763.2000 |
| Manjimup Dried Apples            |   127.2000 |
| Manjimup Dried Apples            |  1060.0000 |
| Manjimup Dried Apples            |   318.0000 |
| Manjimup Dried Apples            |  2544.0000 |
| Manjimup Dried Apples            |  1060.0000 |
| Manjimup Dried Apples            |  1060.0000 |
| Manjimup Dried Apples            |  2650.0000 |
| Manjimup Dried Apples            |   159.0000 |
| Manjimup Dried Apples            |   795.0000 |
| Manjimup Dried Apples            |  1060.0000 |
| Manjimup Dried Apples            |  1060.0000 |
| Manjimup Dried Apples            |  1484.0000 |
| Manjimup Dried Apples            |   371.0000 |
| Manjimup Dried Apples            |  1590.0000 |
| Manjimup Dried Apples            |  1484.0000 |
| Manjimup Dried Apples            |  6360.0000 |
| Manjimup Dried Apples            |   530.0000 |
| Manjimup Dried Apples            |  1590.0000 |
| Manjimup Dried Apples            |   318.0000 |
| Manjimup Dried Apples            |   212.0000 |
| Manjimup Dried Apples            |   159.0000 |
| Manjimup Dried Apples            |   106.0000 |
| Manjimup Dried Apples            |  2120.0000 |
| Manjimup Dried Apples            |   424.0000 |
| Manjimup Dried Apples            |   848.0000 |
| Manjimup Dried Apples            |   530.0000 |
| Manjimup Dried Apples            |  1060.0000 |
| Manjimup Dried Apples            |   795.0000 |
| Manjimup Dried Apples            |  2332.0000 |
| Manjimup Dried Apples            |   530.0000 |
| Manjimup Dried Apples            |  1272.0000 |
| Manjimup Dried Apples            |  1060.0000 |
| Mascarpone Fabioli               |   153.6000 |
| Mascarpone Fabioli               |  1024.0000 |
| Mascarpone Fabioli               |   153.6000 |
| Mascarpone Fabioli               |  1600.0000 |
| Mascarpone Fabioli               |   768.0000 |
| Mascarpone Fabioli               |   320.0000 |
| Mascarpone Fabioli               |   128.0000 |
| Mascarpone Fabioli               |   320.0000 |
| Mascarpone Fabioli               |   640.0000 |
| Mascarpone Fabioli               |   192.0000 |
| Mascarpone Fabioli               |  1120.0000 |
| Mascarpone Fabioli               |  1600.0000 |
| Mascarpone Fabioli               |   480.0000 |
| Mascarpone Fabioli               |   640.0000 |
| Mascarpone Fabioli               |    32.0000 |
| Maxilaku                         |   640.0000 |
| Maxilaku                         |   240.0000 |
| Maxilaku                         |   480.0000 |
| Maxilaku                         |   560.0000 |
| Maxilaku                         |   480.0000 |
| Maxilaku                         |   480.0000 |
| Maxilaku                         |   336.0000 |
| Maxilaku                         |   384.0000 |
| Maxilaku                         |   500.0000 |
| Maxilaku                         |   120.0000 |
| Maxilaku                         |   500.0000 |
| Maxilaku                         |   360.0000 |
| Maxilaku                         |    80.0000 |
| Maxilaku                         |   840.0000 |
| Maxilaku                         |   300.0000 |
| Maxilaku                         |   400.0000 |
| Maxilaku                         |   200.0000 |
| Maxilaku                         |   560.0000 |
| Maxilaku                         |   800.0000 |
| Maxilaku                         |    40.0000 |
| Maxilaku                         |  1200.0000 |
| Mishi Kobe Niku                  |  1552.0000 |
| Mishi Kobe Niku                  |  1552.0000 |
| Mishi Kobe Niku                  |  4850.0000 |
| Mishi Kobe Niku                  |   582.0000 |
| Mishi Kobe Niku                  |   291.0000 |
| Mozzarella di Giovanni           |   174.0000 |
| Mozzarella di Giovanni           |   111.2000 |
| Mozzarella di Giovanni           |   556.0000 |
| Mozzarella di Giovanni           |   667.2000 |
| Mozzarella di Giovanni           |   194.6000 |
| Mozzarella di Giovanni           |    83.4000 |
| Mozzarella di Giovanni           |   556.0000 |
| Mozzarella di Giovanni           |  1112.0000 |
| Mozzarella di Giovanni           |   695.0000 |
| Mozzarella di Giovanni           |   695.0000 |
| Mozzarella di Giovanni           |  1167.6000 |
| Mozzarella di Giovanni           |   667.2000 |
| Mozzarella di Giovanni           |   583.8000 |
| Mozzarella di Giovanni           |   278.0000 |
| Mozzarella di Giovanni           |  1112.0000 |
| Mozzarella di Giovanni           |   695.0000 |
| Mozzarella di Giovanni           |   313.2000 |
| Mozzarella di Giovanni           |   835.2000 |
| Mozzarella di Giovanni           |   730.8000 |
| Mozzarella di Giovanni           |    34.8000 |
| Mozzarella di Giovanni           |   835.2000 |
| Mozzarella di Giovanni           |  1044.0000 |
| Mozzarella di Giovanni           |   417.6000 |
| Mozzarella di Giovanni           |  2088.0000 |
| Mozzarella di Giovanni           |   522.0000 |
| Mozzarella di Giovanni           |  1218.0000 |
| Mozzarella di Giovanni           |   243.6000 |
| Mozzarella di Giovanni           |  1044.0000 |
| Mozzarella di Giovanni           |   348.0000 |
| Mozzarella di Giovanni           |  1392.0000 |
| Mozzarella di Giovanni           |   522.0000 |
| Mozzarella di Giovanni           |   348.0000 |
| Mozzarella di Giovanni           |   556.8000 |
| Mozzarella di Giovanni           |  1740.0000 |
| Mozzarella di Giovanni           |   174.0000 |
| Mozzarella di Giovanni           |   696.0000 |
| Mozzarella di Giovanni           |    69.6000 |
| Mozzarella di Giovanni           |  1218.0000 |
| Nord-Ost Matjeshering            |  1242.0000 |
| Nord-Ost Matjeshering            |   124.2000 |
| Nord-Ost Matjeshering            |   207.0000 |
| Nord-Ost Matjeshering            |   724.5000 |
| Nord-Ost Matjeshering            |   165.6000 |
| Nord-Ost Matjeshering            |   310.5000 |
| Nord-Ost Matjeshering            |   372.6000 |
| Nord-Ost Matjeshering            |   372.6000 |
| Nord-Ost Matjeshering            |   579.6000 |
| Nord-Ost Matjeshering            |   165.6000 |
| Nord-Ost Matjeshering            |   517.8000 |
| Nord-Ost Matjeshering            |   258.9000 |
| Nord-Ost Matjeshering            |   388.3500 |
| Nord-Ost Matjeshering            |   258.9000 |
| Nord-Ost Matjeshering            |   517.8000 |
| Nord-Ost Matjeshering            |   776.7000 |
| Nord-Ost Matjeshering            |    51.7800 |
| Nord-Ost Matjeshering            |    77.6700 |
| Nord-Ost Matjeshering            |   388.3500 |
| Nord-Ost Matjeshering            |   388.3500 |
| Nord-Ost Matjeshering            |   776.7000 |
| Nord-Ost Matjeshering            |   388.3500 |
| Nord-Ost Matjeshering            |   647.2500 |
| Nord-Ost Matjeshering            |   517.8000 |
| Nord-Ost Matjeshering            |  1035.6000 |
| Nord-Ost Matjeshering            |   388.3500 |
| Nord-Ost Matjeshering            |   906.1500 |
| Nord-Ost Matjeshering            |   932.0400 |
| Nord-Ost Matjeshering            |    25.8900 |
| Nord-Ost Matjeshering            |   776.7000 |
| Nord-Ost Matjeshering            |   388.3500 |
| Nord-Ost Matjeshering            |   103.5600 |
| Northwoods Cranberry Sauce       |  2240.0000 |
| Northwoods Cranberry Sauce       |  2240.0000 |
| Northwoods Cranberry Sauce       |   400.0000 |
| Northwoods Cranberry Sauce       |   960.0000 |
| Northwoods Cranberry Sauce       |   400.0000 |
| Northwoods Cranberry Sauce       |  1600.0000 |
| Northwoods Cranberry Sauce       |  1200.0000 |
| Northwoods Cranberry Sauce       |   800.0000 |
| Northwoods Cranberry Sauce       |  1200.0000 |
| Northwoods Cranberry Sauce       |   640.0000 |
| Northwoods Cranberry Sauce       |   800.0000 |
| Northwoods Cranberry Sauce       |  1200.0000 |
| Northwoods Cranberry Sauce       |    80.0000 |
| NuNuCa Nu-Nougat-Creme           |    44.8000 |
| NuNuCa Nu-Nougat-Creme           |   112.0000 |
| NuNuCa Nu-Nougat-Creme           |   560.0000 |
| NuNuCa Nu-Nougat-Creme           |    78.4000 |
| NuNuCa Nu-Nougat-Creme           |   134.4000 |
| NuNuCa Nu-Nougat-Creme           |   672.0000 |
| NuNuCa Nu-Nougat-Creme           |   252.0000 |
| NuNuCa Nu-Nougat-Creme           |   168.0000 |
| NuNuCa Nu-Nougat-Creme           |   490.0000 |
| NuNuCa Nu-Nougat-Creme           |   210.0000 |
| NuNuCa Nu-Nougat-Creme           |    70.0000 |
| NuNuCa Nu-Nougat-Creme           |   140.0000 |
| NuNuCa Nu-Nougat-Creme           |    84.0000 |
| NuNuCa Nu-Nougat-Creme           |   280.0000 |
| NuNuCa Nu-Nougat-Creme           |   140.0000 |
| NuNuCa Nu-Nougat-Creme           |    70.0000 |
| NuNuCa Nu-Nougat-Creme           |   336.0000 |
| NuNuCa Nu-Nougat-Creme           |   210.0000 |
| Original Frankfurter grne Soe    |   124.8000 |
| Original Frankfurter grne Soe    |   156.0000 |
| Original Frankfurter grne Soe    |   104.0000 |
| Original Frankfurter grne Soe    |    52.0000 |
| Original Frankfurter grne Soe    |    72.8000 |
| Original Frankfurter grne Soe    |   145.6000 |
| Original Frankfurter grne Soe    |   364.0000 |
| Original Frankfurter grne Soe    |   104.0000 |
| Original Frankfurter grne Soe    |   572.0000 |
| Original Frankfurter grne Soe    |   312.0000 |
| Original Frankfurter grne Soe    |    72.8000 |
| Original Frankfurter grne Soe    |    52.0000 |
| Original Frankfurter grne Soe    |   260.0000 |
| Original Frankfurter grne Soe    |   130.0000 |
| Original Frankfurter grne Soe    |   234.0000 |
| Original Frankfurter grne Soe    |   260.0000 |
| Original Frankfurter grne Soe    |   780.0000 |
| Original Frankfurter grne Soe    |    65.0000 |
| Original Frankfurter grne Soe    |   455.0000 |
| Original Frankfurter grne Soe    |   910.0000 |
| Original Frankfurter grne Soe    |   390.0000 |
| Original Frankfurter grne Soe    |    26.0000 |
| Original Frankfurter grne Soe    |   195.0000 |
| Original Frankfurter grne Soe    |   260.0000 |
| Original Frankfurter grne Soe    |   195.0000 |
| Original Frankfurter grne Soe    |    26.0000 |
| Original Frankfurter grne Soe    |   195.0000 |
| Original Frankfurter grne Soe    |   325.0000 |
| Original Frankfurter grne Soe    |   520.0000 |
| Original Frankfurter grne Soe    |   195.0000 |
| Original Frankfurter grne Soe    |   520.0000 |
| Original Frankfurter grne Soe    |   195.0000 |
| Original Frankfurter grne Soe    |   273.0000 |
| Original Frankfurter grne Soe    |   390.0000 |
| Original Frankfurter grne Soe    |   234.0000 |
| Original Frankfurter grne Soe    |   130.0000 |
| Original Frankfurter grne Soe    |   364.0000 |
| Original Frankfurter grne Soe    |    26.0000 |
| Outback Lager                    |   252.0000 |
| Outback Lager                    |   240.0000 |
| Outback Lager                    |   240.0000 |
| Outback Lager                    |    60.0000 |
| Outback Lager                    |   360.0000 |
| Outback Lager                    |   360.0000 |
| Outback Lager                    |   360.0000 |
| Outback Lager                    |    96.0000 |
| Outback Lager                    |   300.0000 |
| Outback Lager                    |   144.0000 |
| Outback Lager                    |   720.0000 |
| Outback Lager                    |   210.0000 |
| Outback Lager                    |    90.0000 |
| Outback Lager                    |   105.0000 |
| Outback Lager                    |   225.0000 |
| Outback Lager                    |   300.0000 |
| Outback Lager                    |   225.0000 |
| Outback Lager                    |   600.0000 |
| Outback Lager                    |   750.0000 |
| Outback Lager                    |   450.0000 |
| Outback Lager                    |   120.0000 |
| Outback Lager                    |   420.0000 |
| Outback Lager                    |   600.0000 |
| Outback Lager                    |   525.0000 |
| Outback Lager                    |    75.0000 |
| Outback Lager                    |    90.0000 |
| Outback Lager                    |   135.0000 |
| Outback Lager                    |   180.0000 |
| Outback Lager                    |   450.0000 |
| Outback Lager                    |   450.0000 |
| Outback Lager                    |    60.0000 |
| Outback Lager                    |   750.0000 |
| Outback Lager                    |   450.0000 |
| Outback Lager                    |    45.0000 |
| Outback Lager                    |   300.0000 |
| Outback Lager                    |   450.0000 |
| Outback Lager                    |    60.0000 |
| Outback Lager                    |    45.0000 |
| Outback Lager                    |   180.0000 |
| Pavlova                          |   486.5000 |
| Pavlova                          |   834.0000 |
| Pavlova                          |   556.0000 |
| Pavlova                          |   417.0000 |
| Pavlova                          |   139.0000 |
| Pavlova                          |   291.9000 |
| Pavlova                          |   778.4000 |
| Pavlova                          |   291.9000 |
| Pavlova                          |   222.4000 |
| Pavlova                          |   681.1000 |
| Pavlova                          |   278.0000 |
| Pavlova                          |   486.5000 |
| Pavlova                          |   250.2000 |
| Pavlova                          |   872.5000 |
| Pavlova                          |   698.0000 |
| Pavlova                          |   244.3000 |
| Pavlova                          |   523.5000 |
| Pavlova                          |   209.4000 |
| Pavlova                          |   523.5000 |
| Pavlova                          |   523.5000 |
| Pavlova                          |   174.5000 |
| Pavlova                          |    52.3500 |
| Pavlova                          |   872.5000 |
| Pavlova                          |   349.0000 |
| Pavlova                          |   349.0000 |
| Pavlova                          |   261.7500 |
| Pavlova                          |    52.3500 |
| Pavlova                          |   349.0000 |
| Pavlova                          |  1134.2500 |
| Pavlova                          |   872.5000 |
| Pavlova                          |   209.4000 |
| Pavlova                          |   523.5000 |
| Pavlova                          |   261.7500 |
| Pavlova                          |   104.7000 |
| Pavlova                          |   418.8000 |
| Pavlova                          |   523.5000 |
| Pavlova                          |   488.6000 |
| Pavlova                          |   959.7500 |
| Pavlova                          |   628.2000 |
| Pavlova                          |    52.3500 |
| Pavlova                          |   523.5000 |
| Pavlova                          |   244.3000 |
| Pavlova                          |    34.9000 |
| Perth Pasties                    |   393.0000 |
| Perth Pasties                    |   943.2000 |
| Perth Pasties                    |   262.0000 |
| Perth Pasties                    |   524.0000 |
| Perth Pasties                    |   524.0000 |
| Perth Pasties                    |  1048.0000 |
| Perth Pasties                    |  1834.0000 |
| Perth Pasties                    |   262.0000 |
| Perth Pasties                    |   393.0000 |
| Perth Pasties                    |   393.0000 |
| Perth Pasties                    |  1310.0000 |
| Perth Pasties                    |   733.6000 |
| Perth Pasties                    |   196.8000 |
| Perth Pasties                    |   328.0000 |
| Perth Pasties                    |   164.0000 |
| Perth Pasties                    |   590.4000 |
| Perth Pasties                    |   820.0000 |
| Perth Pasties                    |   393.6000 |
| Perth Pasties                    |   820.0000 |
| Perth Pasties                    |   328.0000 |
| Perth Pasties                    |  3936.0000 |
| Perth Pasties                    |    98.4000 |
| Perth Pasties                    |   656.0000 |
| Perth Pasties                    |   295.2000 |
| Perth Pasties                    |    98.4000 |
| Perth Pasties                    |    65.6000 |
| Perth Pasties                    |   656.0000 |
| Perth Pasties                    |  2296.0000 |
| Perth Pasties                    |   328.0000 |
| Perth Pasties                    |   820.0000 |
| Pt chinois                       |   403.2000 |
| Pt chinois                       |   384.0000 |
| Pt chinois                       |   768.0000 |
| Pt chinois                       |   230.4000 |
| Pt chinois                       |   288.0000 |
| Pt chinois                       |  2304.0000 |
| Pt chinois                       |   192.0000 |
| Pt chinois                       |  2304.0000 |
| Pt chinois                       |  1152.0000 |
| Pt chinois                       |    38.4000 |
| Pt chinois                       |   576.0000 |
| Pt chinois                       |   336.0000 |
| Pt chinois                       |   432.0000 |
| Pt chinois                       |   600.0000 |
| Pt chinois                       |   480.0000 |
| Pt chinois                       |   120.0000 |
| Pt chinois                       |   288.0000 |
| Pt chinois                       |    96.0000 |
| Pt chinois                       |   504.0000 |
| Pt chinois                       |   144.0000 |
| Pt chinois                       |   288.0000 |
| Pt chinois                       |  1440.0000 |
| Pt chinois                       |   240.0000 |
| Pt chinois                       |   720.0000 |
| Pt chinois                       |   600.0000 |
| Pt chinois                       |    96.0000 |
| Pt chinois                       |  1560.0000 |
| Pt chinois                       |   144.0000 |
| Pt chinois                       |   960.0000 |
| Pt chinois                       |   840.0000 |
| Pt chinois                       |   840.0000 |
| Pt chinois                       |    96.0000 |
| Pt chinois                       |    48.0000 |
| Queso Cabrales                   |   168.0000 |
| Queso Cabrales                   |   201.6000 |
| Queso Cabrales                   |   840.0000 |
| Queso Cabrales                   |   201.6000 |
| Queso Cabrales                   |   403.2000 |
| Queso Cabrales                   |   504.0000 |
| Queso Cabrales                   |   100.8000 |
| Queso Cabrales                   |   504.0000 |
| Queso Cabrales                   |   100.8000 |
| Queso Cabrales                   |   168.0000 |
| Queso Cabrales                   |    84.0000 |
| Queso Cabrales                   |   252.0000 |
| Queso Cabrales                   |    63.0000 |
| Queso Cabrales                   |  1050.0000 |
| Queso Cabrales                   |   315.0000 |
| Queso Cabrales                   |   210.0000 |
| Queso Cabrales                   |   315.0000 |
| Queso Cabrales                   |   735.0000 |
| Queso Cabrales                   |   315.0000 |
| Queso Cabrales                   |   294.0000 |
| Queso Cabrales                   |   210.0000 |
| Queso Cabrales                   |   315.0000 |
| Queso Cabrales                   |   105.0000 |
| Queso Cabrales                   |   315.0000 |
| Queso Cabrales                   |   420.0000 |
| Queso Cabrales                   |  1050.0000 |
| Queso Cabrales                   |   420.0000 |
| Queso Cabrales                   |   315.0000 |
| Queso Cabrales                   |   525.0000 |
| Queso Cabrales                   |   210.0000 |
| Queso Cabrales                   |   840.0000 |
| Queso Cabrales                   |   840.0000 |
| Queso Cabrales                   |    42.0000 |
| Queso Cabrales                   |   105.0000 |
| Queso Cabrales                   |   630.0000 |
| Queso Cabrales                   |   315.0000 |
| Queso Cabrales                   |   210.0000 |
| Queso Cabrales                   |   210.0000 |
| Queso Manchego La Pastora        |   364.8000 |
| Queso Manchego La Pastora        |   456.0000 |
| Queso Manchego La Pastora        |   570.0000 |
| Queso Manchego La Pastora        |  1140.0000 |
| Queso Manchego La Pastora        |  1368.0000 |
| Queso Manchego La Pastora        |  3800.0000 |
| Queso Manchego La Pastora        |   152.0000 |
| Queso Manchego La Pastora        |  1368.0000 |
| Queso Manchego La Pastora        |  1140.0000 |
| Queso Manchego La Pastora        |   760.0000 |
| Queso Manchego La Pastora        |   760.0000 |
| Queso Manchego La Pastora        |   760.0000 |
| Queso Manchego La Pastora        |   152.0000 |
| Queso Manchego La Pastora        |    76.0000 |
| Raclette Courdavault             |  1320.0000 |
| Raclette Courdavault             |  3080.0000 |
| Raclette Courdavault             |   264.0000 |
| Raclette Courdavault             |   660.0000 |
| Raclette Courdavault             |  1320.0000 |
| Raclette Courdavault             |   440.0000 |
| Raclette Courdavault             |  1760.0000 |
| Raclette Courdavault             |   396.0000 |
| Raclette Courdavault             |   396.0000 |
| Raclette Courdavault             |   528.0000 |
| Raclette Courdavault             |   704.0000 |
| Raclette Courdavault             |   396.0000 |
| Raclette Courdavault             |   880.0000 |
| Raclette Courdavault             |  3080.0000 |
| Raclette Courdavault             |  1584.0000 |
| Raclette Courdavault             |  2640.0000 |
| Raclette Courdavault             |   528.0000 |
| Raclette Courdavault             |  1320.0000 |
| Raclette Courdavault             |  2640.0000 |
| Raclette Courdavault             |   220.0000 |
| Raclette Courdavault             |   110.0000 |
| Raclette Courdavault             |   825.0000 |
| Raclette Courdavault             |  2200.0000 |
| Raclette Courdavault             |   660.0000 |
| Raclette Courdavault             |  1925.0000 |
| Raclette Courdavault             |  1100.0000 |
| Raclette Courdavault             |  1650.0000 |
| Raclette Courdavault             |    55.0000 |
| Raclette Courdavault             |   660.0000 |
| Raclette Courdavault             |  1375.0000 |
| Raclette Courdavault             |  2310.0000 |
| Raclette Courdavault             |  1925.0000 |
| Raclette Courdavault             |   440.0000 |
| Raclette Courdavault             |   550.0000 |
| Raclette Courdavault             |  2475.0000 |
| Raclette Courdavault             |   330.0000 |
| Raclette Courdavault             |  1375.0000 |
| Raclette Courdavault             |   385.0000 |
| Raclette Courdavault             |  1375.0000 |
| Raclette Courdavault             |  1375.0000 |
| Raclette Courdavault             |   825.0000 |
| Raclette Courdavault             |  2200.0000 |
| Raclette Courdavault             |   825.0000 |
| Raclette Courdavault             |  2750.0000 |
| Raclette Courdavault             |  2310.0000 |
| Raclette Courdavault             |  2200.0000 |
| Raclette Courdavault             |   220.0000 |
| Raclette Courdavault             |   990.0000 |
| Raclette Courdavault             |   550.0000 |
| Raclette Courdavault             |  6050.0000 |
| Raclette Courdavault             |  1320.0000 |
| Raclette Courdavault             |  5500.0000 |
| Raclette Courdavault             |  1650.0000 |
| Raclette Courdavault             |  1650.0000 |
| Ravioli Angelo                   |   234.0000 |
| Ravioli Angelo                   |   780.0000 |
| Ravioli Angelo                   |    31.2000 |
| Ravioli Angelo                   |   249.6000 |
| Ravioli Angelo                   |   390.0000 |
| Ravioli Angelo                   |   390.0000 |
| Ravioli Angelo                   |   312.0000 |
| Ravioli Angelo                   |   234.0000 |
| Ravioli Angelo                   |    97.5000 |
| Ravioli Angelo                   |   117.0000 |
| Ravioli Angelo                   |    78.0000 |
| Ravioli Angelo                   |   390.0000 |
| Ravioli Angelo                   |   780.0000 |
| Ravioli Angelo                   |   273.0000 |
| Ravioli Angelo                   |   292.5000 |
| Ravioli Angelo                   |   292.5000 |
| Ravioli Angelo                   |   468.0000 |
| Ravioli Angelo                   |   195.0000 |
| Ravioli Angelo                   |   390.0000 |
| Ravioli Angelo                   |   585.0000 |
| Ravioli Angelo                   |   292.5000 |
| Ravioli Angelo                   |   546.0000 |
| Ravioli Angelo                   |   390.0000 |
| Rd Kaviar                        |   300.0000 |
| Rd Kaviar                        |   240.0000 |
| Rd Kaviar                        |   240.0000 |
| Rd Kaviar                        |   360.0000 |
| Rd Kaviar                        |   135.0000 |
| Rd Kaviar                        |    45.0000 |
| Rd Kaviar                        |   450.0000 |
| Rd Kaviar                        |   525.0000 |
| Rd Kaviar                        |   750.0000 |
| Rd Kaviar                        |   225.0000 |
| Rd Kaviar                        |   525.0000 |
| Rd Kaviar                        |   225.0000 |
| Rd Kaviar                        |   150.0000 |
| Rd Kaviar                        |    30.0000 |
| Rhnbru Klosterbier               |   186.0000 |
| Rhnbru Klosterbier               |    37.2000 |
| Rhnbru Klosterbier               |    37.2000 |
| Rhnbru Klosterbier               |    62.0000 |
| Rhnbru Klosterbier               |   310.0000 |
| Rhnbru Klosterbier               |    37.2000 |
| Rhnbru Klosterbier               |    74.4000 |
| Rhnbru Klosterbier               |   148.8000 |
| Rhnbru Klosterbier               |    24.8000 |
| Rhnbru Klosterbier               |    62.0000 |
| Rhnbru Klosterbier               |   223.2000 |
| Rhnbru Klosterbier               |   279.0000 |
| Rhnbru Klosterbier               |   387.5000 |
| Rhnbru Klosterbier               |   232.5000 |
| Rhnbru Klosterbier               |   155.0000 |
| Rhnbru Klosterbier               |   116.2500 |
| Rhnbru Klosterbier               |   155.0000 |
| Rhnbru Klosterbier               |   162.7500 |
| Rhnbru Klosterbier               |   387.5000 |
| Rhnbru Klosterbier               |   232.5000 |
| Rhnbru Klosterbier               |   310.0000 |
| Rhnbru Klosterbier               |    62.0000 |
| Rhnbru Klosterbier               |    15.5000 |
| Rhnbru Klosterbier               |   193.7500 |
| Rhnbru Klosterbier               |   232.5000 |
| Rhnbru Klosterbier               |   325.5000 |
| Rhnbru Klosterbier               |   155.0000 |
| Rhnbru Klosterbier               |   139.5000 |
| Rhnbru Klosterbier               |    54.2500 |
| Rhnbru Klosterbier               |    77.5000 |
| Rhnbru Klosterbier               |   325.5000 |
| Rhnbru Klosterbier               |   310.0000 |
| Rhnbru Klosterbier               |   155.0000 |
| Rhnbru Klosterbier               |   930.0000 |
| Rhnbru Klosterbier               |   108.5000 |
| Rhnbru Klosterbier               |    46.5000 |
| Rhnbru Klosterbier               |   379.7500 |
| Rhnbru Klosterbier               |   155.0000 |
| Rhnbru Klosterbier               |   387.5000 |
| Rhnbru Klosterbier               |    93.0000 |
| Rhnbru Klosterbier               |   155.0000 |
| Rhnbru Klosterbier               |    77.5000 |
| Rhnbru Klosterbier               |    77.5000 |
| Rhnbru Klosterbier               |   310.0000 |
| Rhnbru Klosterbier               |   232.5000 |
| Rhnbru Klosterbier               |    31.0000 |
| Rogede sild                      |   114.0000 |
| Rogede sild                      |   228.0000 |
| Rogede sild                      |   199.5000 |
| Rogede sild                      |   950.0000 |
| Rogede sild                      |   190.0000 |
| Rogede sild                      |  1045.0000 |
| Rogede sild                      |   380.0000 |
| Rogede sild                      |   380.0000 |
| Rogede sild                      |    38.0000 |
| Rogede sild                      |   256.5000 |
| Rogede sild                      |   342.0000 |
| Rogede sild                      |   142.5000 |
| Rogede sild                      |   285.0000 |
| Rogede sild                      |   190.0000 |
| Rssle Sauerkraut                 |   728.0000 |
| Rssle Sauerkraut                 |  1019.2000 |
| Rssle Sauerkraut                 |   145.6000 |
| Rssle Sauerkraut                 |   509.6000 |
| Rssle Sauerkraut                 |  1092.0000 |
| Rssle Sauerkraut                 |   473.2000 |
| Rssle Sauerkraut                 |   728.0000 |
| Rssle Sauerkraut                 |   218.4000 |
| Rssle Sauerkraut                 |  1528.8000 |
| Rssle Sauerkraut                 |   436.8000 |
| Rssle Sauerkraut                 |   546.0000 |
| Rssle Sauerkraut                 |  1092.0000 |
| Rssle Sauerkraut                 |   655.2000 |
| Rssle Sauerkraut                 |   912.0000 |
| Rssle Sauerkraut                 |   364.8000 |
| Rssle Sauerkraut                 |   136.8000 |
| Rssle Sauerkraut                 |  1596.0000 |
| Rssle Sauerkraut                 |   319.2000 |
| Rssle Sauerkraut                 |   456.0000 |
| Rssle Sauerkraut                 |   684.0000 |
| Rssle Sauerkraut                 |   912.0000 |
| Rssle Sauerkraut                 |  2736.0000 |
| Rssle Sauerkraut                 |   912.0000 |
| Rssle Sauerkraut                 |   228.0000 |
| Rssle Sauerkraut                 |  1094.4000 |
| Rssle Sauerkraut                 |   136.8000 |
| Rssle Sauerkraut                 |  1368.0000 |
| Rssle Sauerkraut                 |   364.8000 |
| Rssle Sauerkraut                 |    91.2000 |
| Rssle Sauerkraut                 |   912.0000 |
| Rssle Sauerkraut                 |  3192.0000 |
| Rssle Sauerkraut                 |   912.0000 |
| Rssle Sauerkraut                 |   364.8000 |
| Sasquatch Ale                    |   224.0000 |
| Sasquatch Ale                    |   156.8000 |
| Sasquatch Ale                    |   112.0000 |
| Sasquatch Ale                    |   403.2000 |
| Sasquatch Ale                    |   112.0000 |
| Sasquatch Ale                    |   224.0000 |
| Sasquatch Ale                    |   392.0000 |
| Sasquatch Ale                    |   140.0000 |
| Sasquatch Ale                    |   560.0000 |
| Sasquatch Ale                    |   196.0000 |
| Sasquatch Ale                    |   168.0000 |
| Sasquatch Ale                    |   420.0000 |
| Sasquatch Ale                    |   140.0000 |
| Sasquatch Ale                    |   140.0000 |
| Sasquatch Ale                    |   280.0000 |
| Sasquatch Ale                    |   840.0000 |
| Sasquatch Ale                    |  1260.0000 |
| Sasquatch Ale                    |   420.0000 |
| Sasquatch Ale                    |   490.0000 |
| Schoggi Schokolade               |   877.5000 |
| Schoggi Schokolade               |   526.5000 |
| Schoggi Schokolade               |  1755.0000 |
| Schoggi Schokolade               |  5268.0000 |
| Schoggi Schokolade               |  2195.0000 |
| Schoggi Schokolade               |  1756.0000 |
| Schoggi Schokolade               |   439.0000 |
| Schoggi Schokolade               |  1097.5000 |
| Schoggi Schokolade               |  1317.0000 |
| Scottish Longbreads              |    30.0000 |
| Scottish Longbreads              |   200.0000 |
| Scottish Longbreads              |   150.0000 |
| Scottish Longbreads              |    30.0000 |
| Scottish Longbreads              |   100.0000 |
| Scottish Longbreads              |   100.0000 |
| Scottish Longbreads              |    40.0000 |
| Scottish Longbreads              |    80.0000 |
| Scottish Longbreads              |   600.0000 |
| Scottish Longbreads              |   360.0000 |
| Scottish Longbreads              |   300.0000 |
| Scottish Longbreads              |   210.0000 |
| Scottish Longbreads              |   300.0000 |
| Scottish Longbreads              |    75.0000 |
| Scottish Longbreads              |   250.0000 |
| Scottish Longbreads              |   437.5000 |
| Scottish Longbreads              |   187.5000 |
| Scottish Longbreads              |   225.0000 |
| Scottish Longbreads              |   125.0000 |
| Scottish Longbreads              |   500.0000 |
| Scottish Longbreads              |   562.5000 |
| Scottish Longbreads              |    75.0000 |
| Scottish Longbreads              |   500.0000 |
| Scottish Longbreads              |   225.0000 |
| Scottish Longbreads              |   187.5000 |
| Scottish Longbreads              |   300.0000 |
| Scottish Longbreads              |   250.0000 |
| Scottish Longbreads              |   250.0000 |
| Scottish Longbreads              |   225.0000 |
| Scottish Longbreads              |   250.0000 |
| Scottish Longbreads              |  1000.0000 |
| Scottish Longbreads              |    25.0000 |
| Scottish Longbreads              |   525.0000 |
| Scottish Longbreads              |   687.5000 |
| Singaporean Hokkien Fried Mee    |    98.0000 |
| Singaporean Hokkien Fried Mee    |    22.4000 |
| Singaporean Hokkien Fried Mee    |    67.2000 |
| Singaporean Hokkien Fried Mee    |   112.0000 |
| Singaporean Hokkien Fried Mee    |   100.8000 |
| Singaporean Hokkien Fried Mee    |   448.0000 |
| Singaporean Hokkien Fried Mee    |   560.0000 |
| Singaporean Hokkien Fried Mee    |   224.0000 |
| Singaporean Hokkien Fried Mee    |   420.0000 |
| Singaporean Hokkien Fried Mee    |   280.0000 |
| Singaporean Hokkien Fried Mee    |   392.0000 |
| Singaporean Hokkien Fried Mee    |  1400.0000 |
| Singaporean Hokkien Fried Mee    |    70.0000 |
| Singaporean Hokkien Fried Mee    |   280.0000 |
| Singaporean Hokkien Fried Mee    |   420.0000 |
| Singaporean Hokkien Fried Mee    |    84.0000 |
| Singaporean Hokkien Fried Mee    |   560.0000 |
| Singaporean Hokkien Fried Mee    |   392.0000 |
| Singaporean Hokkien Fried Mee    |    28.0000 |
| Singaporean Hokkien Fried Mee    |   168.0000 |
| Singaporean Hokkien Fried Mee    |   280.0000 |
| Singaporean Hokkien Fried Mee    |   588.0000 |
| Singaporean Hokkien Fried Mee    |   280.0000 |
| Singaporean Hokkien Fried Mee    |   350.0000 |
| Singaporean Hokkien Fried Mee    |   140.0000 |
| Singaporean Hokkien Fried Mee    |   560.0000 |
| Singaporean Hokkien Fried Mee    |   336.0000 |
| Singaporean Hokkien Fried Mee    |   196.0000 |
| Singaporean Hokkien Fried Mee    |    56.0000 |
| Singaporean Hokkien Fried Mee    |   420.0000 |
| Sir Rodney's Marmalade           |  2592.0000 |
| Sir Rodney's Marmalade           |   388.8000 |
| Sir Rodney's Marmalade           |  1296.0000 |
| Sir Rodney's Marmalade           |   777.6000 |
| Sir Rodney's Marmalade           |  1814.4000 |
| Sir Rodney's Marmalade           |  3159.0000 |
| Sir Rodney's Marmalade           |  1215.0000 |
| Sir Rodney's Marmalade           |  1701.0000 |
| Sir Rodney's Marmalade           |  1701.0000 |
| Sir Rodney's Marmalade           |   405.0000 |
| Sir Rodney's Marmalade           |  1620.0000 |
| Sir Rodney's Marmalade           |   405.0000 |
| Sir Rodney's Marmalade           |  4050.0000 |
| Sir Rodney's Marmalade           |  1215.0000 |
| Sir Rodney's Marmalade           |  1215.0000 |
| Sir Rodney's Marmalade           |    81.0000 |
| Sir Rodney's Scones              |    80.0000 |
| Sir Rodney's Scones              |   160.0000 |
| Sir Rodney's Scones              |    80.0000 |
| Sir Rodney's Scones              |    40.0000 |
| Sir Rodney's Scones              |    80.0000 |
| Sir Rodney's Scones              |   240.0000 |
| Sir Rodney's Scones              |    96.0000 |
| Sir Rodney's Scones              |   400.0000 |
| Sir Rodney's Scones              |   320.0000 |
| Sir Rodney's Scones              |   320.0000 |
| Sir Rodney's Scones              |   168.0000 |
| Sir Rodney's Scones              |   112.0000 |
| Sir Rodney's Scones              |   120.0000 |
| Sir Rodney's Scones              |   400.0000 |
| Sir Rodney's Scones              |   150.0000 |
| Sir Rodney's Scones              |    60.0000 |
| Sir Rodney's Scones              |    60.0000 |
| Sir Rodney's Scones              |    80.0000 |
| Sir Rodney's Scones              |   420.0000 |
| Sir Rodney's Scones              |   250.0000 |
| Sir Rodney's Scones              |   300.0000 |
| Sir Rodney's Scones              |   600.0000 |
| Sir Rodney's Scones              |   120.0000 |
| Sir Rodney's Scones              |    50.0000 |
| Sir Rodney's Scones              |   320.0000 |
| Sir Rodney's Scones              |   300.0000 |
| Sir Rodney's Scones              |   400.0000 |
| Sir Rodney's Scones              |   400.0000 |
| Sir Rodney's Scones              |   400.0000 |
| Sir Rodney's Scones              |   200.0000 |
| Sir Rodney's Scones              |   400.0000 |
| Sir Rodney's Scones              |   600.0000 |
| Sir Rodney's Scones              |   360.0000 |
| Sir Rodney's Scones              |   120.0000 |
| Sir Rodney's Scones              |   400.0000 |
| Sir Rodney's Scones              |   650.0000 |
| Sir Rodney's Scones              |   150.0000 |
| Sir Rodney's Scones              |   200.0000 |
| Sir Rodney's Scones              |    30.0000 |
| Sirop d'rable                    |   364.8000 |
| Sirop d'rable                    |  2052.0000 |
| Sirop d'rable                    |   570.0000 |
| Sirop d'rable                    |   712.5000 |
| Sirop d'rable                    |   427.5000 |
| Sirop d'rable                    |   570.0000 |
| Sirop d'rable                    |   285.0000 |
| Sirop d'rable                    |  3420.0000 |
| Sirop d'rable                    |   570.0000 |
| Sirop d'rable                    |   285.0000 |
| Sirop d'rable                    |   142.5000 |
| Sirop d'rable                    |   570.0000 |
| Sirop d'rable                    |   570.0000 |
| Sirop d'rable                    |   855.0000 |
| Sirop d'rable                    |   855.0000 |
| Sirop d'rable                    |   427.5000 |
| Sirop d'rable                    |   142.5000 |
| Sirop d'rable                    |   855.0000 |
| Sirop d'rable                    |  1881.0000 |
| Sirop d'rable                    |   199.5000 |
| Sirop d'rable                    |   171.0000 |
| Sirop d'rable                    |   114.0000 |
| Sirop d'rable                    |   285.0000 |
| Sirop d'rable                    |   114.0000 |
| Spegesild                        |   144.0000 |
| Spegesild                        |   288.0000 |
| Spegesild                        |   432.0000 |
| Spegesild                        |   268.8000 |
| Spegesild                        |    19.2000 |
| Spegesild                        |   192.0000 |
| Spegesild                        |    48.0000 |
| Spegesild                        |    96.0000 |
| Spegesild                        |   192.0000 |
| Spegesild                        |    48.0000 |
| Spegesild                        |   108.0000 |
| Spegesild                        |    24.0000 |
| Spegesild                        |   252.0000 |
| Spegesild                        |   540.0000 |
| Spegesild                        |   720.0000 |
| Spegesild                        |   216.0000 |
| Spegesild                        |   288.0000 |
| Spegesild                        |   336.0000 |
| Spegesild                        |   420.0000 |
| Spegesild                        |   252.0000 |
| Spegesild                        |   180.0000 |
| Spegesild                        |   108.0000 |
| Spegesild                        |   240.0000 |
| Spegesild                        |   300.0000 |
| Spegesild                        |    36.0000 |
| Spegesild                        |   360.0000 |
| Spegesild                        |    36.0000 |
| Steeleye Stout                   |   288.0000 |
| Steeleye Stout                   |    57.6000 |
| Steeleye Stout                   |  1440.0000 |
| Steeleye Stout                   |   144.0000 |
| Steeleye Stout                   |  1008.0000 |
| Steeleye Stout                   |   576.0000 |
| Steeleye Stout                   |   432.0000 |
| Steeleye Stout                   |   504.0000 |
| Steeleye Stout                   |   864.0000 |
| Steeleye Stout                   |   115.2000 |
| Steeleye Stout                   |    54.0000 |
| Steeleye Stout                   |   540.0000 |
| Steeleye Stout                   |   360.0000 |
| Steeleye Stout                   |   108.0000 |
| Steeleye Stout                   |   360.0000 |
| Steeleye Stout                   |   360.0000 |
| Steeleye Stout                   |    72.0000 |
| Steeleye Stout                   |   540.0000 |
| Steeleye Stout                   |   540.0000 |
| Steeleye Stout                   |   162.0000 |
| Steeleye Stout                   |   378.0000 |
| Steeleye Stout                   |   630.0000 |
| Steeleye Stout                   |   270.0000 |
| Steeleye Stout                   |   360.0000 |
| Steeleye Stout                   |   144.0000 |
| Steeleye Stout                   |   108.0000 |
| Steeleye Stout                   |   450.0000 |
| Steeleye Stout                   |    72.0000 |
| Steeleye Stout                   |   540.0000 |
| Steeleye Stout                   |    54.0000 |
| Steeleye Stout                   |   180.0000 |
| Steeleye Stout                   |   720.0000 |
| Steeleye Stout                   |   270.0000 |
| Steeleye Stout                   |  1080.0000 |
| Steeleye Stout                   |   432.0000 |
| Steeleye Stout                   |   324.0000 |
| Tarte au sucre                   |   591.0000 |
| Tarte au sucre                   |   472.8000 |
| Tarte au sucre                   |  1576.0000 |
| Tarte au sucre                   |   591.0000 |
| Tarte au sucre                   |   394.0000 |
| Tarte au sucre                   |   197.0000 |
| Tarte au sucre                   |   985.0000 |
| Tarte au sucre                   |  2758.0000 |
| Tarte au sucre                   |  1103.2000 |
| Tarte au sucre                   |   788.0000 |
| Tarte au sucre                   |   394.0000 |
| Tarte au sucre                   |  1379.0000 |
| Tarte au sucre                   |  1576.0000 |
| Tarte au sucre                   |  1379.0000 |
| Tarte au sucre                   |   147.9000 |
| Tarte au sucre                   |  1972.0000 |
| Tarte au sucre                   |   986.0000 |
| Tarte au sucre                   |   739.5000 |
| Tarte au sucre                   |   493.0000 |
| Tarte au sucre                   |   493.0000 |
| Tarte au sucre                   |   493.0000 |
| Tarte au sucre                   |   493.0000 |
| Tarte au sucre                   |   739.5000 |
| Tarte au sucre                   |  3944.0000 |
| Tarte au sucre                   |   493.0000 |
| Tarte au sucre                   |  2366.4000 |
| Tarte au sucre                   |   986.0000 |
| Tarte au sucre                   |   443.7000 |
| Tarte au sucre                   |  1479.0000 |
| Tarte au sucre                   |   739.5000 |
| Tarte au sucre                   |   986.0000 |
| Tarte au sucre                   |    98.6000 |
| Tarte au sucre                   |   246.5000 |
| Tarte au sucre                   |   986.0000 |
| Tarte au sucre                   |  1232.5000 |
| Tarte au sucre                   |   147.9000 |
| Tarte au sucre                   |  2465.0000 |
| Tarte au sucre                   |   147.9000 |
| Tarte au sucre                   |   986.0000 |
| Tarte au sucre                   |   295.8000 |
| Tarte au sucre                   |  1725.5000 |
| Tarte au sucre                   |   690.2000 |
| Tarte au sucre                   |  1479.0000 |
| Tarte au sucre                   |  2958.0000 |
| Tarte au sucre                   |   591.6000 |
| Tarte au sucre                   |  1972.0000 |
| Tarte au sucre                   |  1035.3000 |
| Tarte au sucre                   |   591.6000 |
| Teatime Chocolate Biscuits       |     7.3000 |
| Teatime Chocolate Biscuits       |   131.4000 |
| Teatime Chocolate Biscuits       |   109.5000 |
| Teatime Chocolate Biscuits       |    73.0000 |
| Teatime Chocolate Biscuits       |   584.0000 |
| Teatime Chocolate Biscuits       |   131.4000 |
| Teatime Chocolate Biscuits       |   146.0000 |
| Teatime Chocolate Biscuits       |    29.2000 |
| Teatime Chocolate Biscuits       |   109.5000 |
| Teatime Chocolate Biscuits       |    87.6000 |
| Teatime Chocolate Biscuits       |   292.0000 |
| Teatime Chocolate Biscuits       |   153.3000 |
| Teatime Chocolate Biscuits       |    36.5000 |
| Teatime Chocolate Biscuits       |    92.0000 |
| Teatime Chocolate Biscuits       |   322.0000 |
| Teatime Chocolate Biscuits       |    46.0000 |
| Teatime Chocolate Biscuits       |   138.0000 |
| Teatime Chocolate Biscuits       |   276.0000 |
| Teatime Chocolate Biscuits       |   110.4000 |
| Teatime Chocolate Biscuits       |    64.4000 |
| Teatime Chocolate Biscuits       |   276.0000 |
| Teatime Chocolate Biscuits       |    64.4000 |
| Teatime Chocolate Biscuits       |    46.0000 |
| Teatime Chocolate Biscuits       |   110.4000 |
| Teatime Chocolate Biscuits       |   460.0000 |
| Teatime Chocolate Biscuits       |   220.8000 |
| Teatime Chocolate Biscuits       |   138.0000 |
| Teatime Chocolate Biscuits       |    18.4000 |
| Teatime Chocolate Biscuits       |   110.4000 |
| Teatime Chocolate Biscuits       |   230.0000 |
| Teatime Chocolate Biscuits       |   110.4000 |
| Teatime Chocolate Biscuits       |    64.4000 |
| Teatime Chocolate Biscuits       |   110.4000 |
| Teatime Chocolate Biscuits       |   460.0000 |
| Teatime Chocolate Biscuits       |   322.0000 |
| Teatime Chocolate Biscuits       |   386.4000 |
| Teatime Chocolate Biscuits       |    92.0000 |
| Thringer Rostbratwurst           |   990.0000 |
| Thringer Rostbratwurst           |  1485.0000 |
| Thringer Rostbratwurst           |  2475.0000 |
| Thringer Rostbratwurst           |   396.0000 |
| Thringer Rostbratwurst           |  3465.0000 |
| Thringer Rostbratwurst           |  1980.0000 |
| Thringer Rostbratwurst           |  1386.0000 |
| Thringer Rostbratwurst           |  2079.0000 |
| Thringer Rostbratwurst           |  2376.0000 |
| Thringer Rostbratwurst           |  1782.0000 |
| Thringer Rostbratwurst           |  4456.4400 |
| Thringer Rostbratwurst           |  1237.9000 |
| Thringer Rostbratwurst           |   742.7400 |
| Thringer Rostbratwurst           |  2475.8000 |
| Thringer Rostbratwurst           |  4456.4400 |
| Thringer Rostbratwurst           |  1237.9000 |
| Thringer Rostbratwurst           |  4951.6000 |
| Thringer Rostbratwurst           |  1485.4800 |
| Thringer Rostbratwurst           |  2228.2200 |
| Thringer Rostbratwurst           |  2475.8000 |
| Thringer Rostbratwurst           |  1733.0600 |
| Thringer Rostbratwurst           |  2475.8000 |
| Thringer Rostbratwurst           |   990.3200 |
| Thringer Rostbratwurst           |  1237.9000 |
| Thringer Rostbratwurst           |  2970.9600 |
| Thringer Rostbratwurst           |  9903.2000 |
| Thringer Rostbratwurst           |  7427.4000 |
| Thringer Rostbratwurst           |  1733.0600 |
| Thringer Rostbratwurst           |  6189.5000 |
| Thringer Rostbratwurst           |   247.5800 |
| Thringer Rostbratwurst           |  1237.9000 |
| Thringer Rostbratwurst           |  7427.4000 |
| Tofu                             |   167.4000 |
| Tofu                             |   167.4000 |
| Tofu                             |   186.0000 |
| Tofu                             |   279.0000 |
| Tofu                             |   781.2000 |
| Tofu                             |   223.2000 |
| Tofu                             |   372.0000 |
| Tofu                             |   651.0000 |
| Tofu                             |   223.2000 |
| Tofu                             |  1627.5000 |
| Tofu                             |   697.5000 |
| Tofu                             |   255.7500 |
| Tofu                             |   348.7500 |
| Tofu                             |   488.2500 |
| Tofu                             |    69.7500 |
| Tofu                             |    69.7500 |
| Tofu                             |   697.5000 |
| Tofu                             |   372.0000 |
| Tofu                             |   116.2500 |
| Tofu                             |   348.7500 |
| Tofu                             |   465.0000 |
| Tofu                             |    23.2500 |
| Tourtire                         |    59.0000 |
| Tourtire                         |    29.5000 |
| Tourtire                         |    88.5000 |
| Tourtire                         |   141.6000 |
| Tourtire                         |   118.0000 |
| Tourtire                         |   165.2000 |
| Tourtire                         |   141.6000 |
| Tourtire                         |   106.2000 |
| Tourtire                         |    59.0000 |
| Tourtire                         |    35.4000 |
| Tourtire                         |   236.0000 |
| Tourtire                         |   472.0000 |
| Tourtire                         |    88.5000 |
| Tourtire                         |    35.4000 |
| Tourtire                         |   141.6000 |
| Tourtire                         |   149.0000 |
| Tourtire                         |   111.7500 |
| Tourtire                         |    74.5000 |
| Tourtire                         |   178.8000 |
| Tourtire                         |   372.5000 |
| Tourtire                         |    29.8000 |
| Tourtire                         |   223.5000 |
| Tourtire                         |    44.7000 |
| Tourtire                         |   223.5000 |
| Tourtire                         |   447.0000 |
| Tourtire                         |   111.7500 |
| Tourtire                         |   298.0000 |
| Tourtire                         |    22.3500 |
| Tourtire                         |    22.3500 |
| Tourtire                         |    44.7000 |
| Tourtire                         |    52.1500 |
| Tourtire                         |   260.7500 |
| Tourtire                         |   238.4000 |
| Tourtire                         |    74.5000 |
| Tourtire                         |    74.5000 |
| Tourtire                         |   149.0000 |
| Tunnbrd                          |   288.0000 |
| Tunnbrd                          |   180.0000 |
| Tunnbrd                          |   288.0000 |
| Tunnbrd                          |   432.0000 |
| Tunnbrd                          |   151.2000 |
| Tunnbrd                          |   108.0000 |
| Tunnbrd                          |    72.0000 |
| Tunnbrd                          |   630.0000 |
| Tunnbrd                          |   180.0000 |
| Tunnbrd                          |    90.0000 |
| Tunnbrd                          |   288.0000 |
| Tunnbrd                          |    45.0000 |
| Tunnbrd                          |   396.0000 |
| Tunnbrd                          |   162.0000 |
| Tunnbrd                          |   630.0000 |
| Tunnbrd                          |   450.0000 |
| Tunnbrd                          |   270.0000 |
| Tunnbrd                          |    72.0000 |
| Tunnbrd                          |    90.0000 |
| Tunnbrd                          |    18.0000 |
| Uncle Bob's Organic Dried Pears  |   360.0000 |
| Uncle Bob's Organic Dried Pears  |   240.0000 |
| Uncle Bob's Organic Dried Pears  |   384.0000 |
| Uncle Bob's Organic Dried Pears  |   720.0000 |
| Uncle Bob's Organic Dried Pears  |  1500.0000 |
| Uncle Bob's Organic Dried Pears  |   300.0000 |
| Uncle Bob's Organic Dried Pears  |   300.0000 |
| Uncle Bob's Organic Dried Pears  |  1350.0000 |
| Uncle Bob's Organic Dried Pears  |  1050.0000 |
| Uncle Bob's Organic Dried Pears  |  2700.0000 |
| Uncle Bob's Organic Dried Pears  |  1050.0000 |
| Uncle Bob's Organic Dried Pears  |    90.0000 |
| Uncle Bob's Organic Dried Pears  |   600.0000 |
| Uncle Bob's Organic Dried Pears  |   150.0000 |
| Uncle Bob's Organic Dried Pears  |   600.0000 |
| Uncle Bob's Organic Dried Pears  |   360.0000 |
| Uncle Bob's Organic Dried Pears  |   240.0000 |
| Uncle Bob's Organic Dried Pears  |   180.0000 |
| Uncle Bob's Organic Dried Pears  |  1350.0000 |
| Uncle Bob's Organic Dried Pears  |   540.0000 |
| Uncle Bob's Organic Dried Pears  |   600.0000 |
| Uncle Bob's Organic Dried Pears  |  1800.0000 |
| Uncle Bob's Organic Dried Pears  |  1800.0000 |
| Uncle Bob's Organic Dried Pears  |  1800.0000 |
| Uncle Bob's Organic Dried Pears  |   600.0000 |
| Uncle Bob's Organic Dried Pears  |   120.0000 |
| Uncle Bob's Organic Dried Pears  |  1200.0000 |
| Uncle Bob's Organic Dried Pears  |   450.0000 |
| Uncle Bob's Organic Dried Pears  |    30.0000 |
| Valkoinen suklaa                 |   195.0000 |
| Valkoinen suklaa                 |   195.0000 |
| Valkoinen suklaa                 |   520.0000 |
| Valkoinen suklaa                 |   325.0000 |
| Valkoinen suklaa                 |   406.2500 |
| Valkoinen suklaa                 |   650.0000 |
| Valkoinen suklaa                 |   325.0000 |
| Valkoinen suklaa                 |   390.0000 |
| Valkoinen suklaa                 |   146.2500 |
| Valkoinen suklaa                 |   357.5000 |
| Vegie-spread                     |   280.8000 |
| Vegie-spread                     |   175.5000 |
| Vegie-spread                     |  2808.0000 |
| Vegie-spread                     |   561.6000 |
| Vegie-spread                     |  2281.5000 |
| Vegie-spread                     |  1228.5000 |
| Vegie-spread                     |   263.4000 |
| Vegie-spread                     |  1053.6000 |
| Vegie-spread                     |   878.0000 |
| Vegie-spread                     |   395.1000 |
| Vegie-spread                     |  1317.0000 |
| Vegie-spread                     |  1756.0000 |
| Vegie-spread                     |   439.0000 |
| Vegie-spread                     |   878.0000 |
| Vegie-spread                     |  1536.5000 |
| Vegie-spread                     |   526.8000 |
| Vegie-spread                     |  1317.0000 |
| Wimmers gute Semmelkndel         |   239.4000 |
| Wimmers gute Semmelkndel         |  1330.0000 |
| Wimmers gute Semmelkndel         |   931.0000 |
| Wimmers gute Semmelkndel         |   798.0000 |
| Wimmers gute Semmelkndel         |   186.2000 |
| Wimmers gute Semmelkndel         |   798.0000 |
| Wimmers gute Semmelkndel         |   159.6000 |
| Wimmers gute Semmelkndel         |   931.0000 |
| Wimmers gute Semmelkndel         |   212.8000 |
| Wimmers gute Semmelkndel         |   798.0000 |
| Wimmers gute Semmelkndel         |   997.5000 |
| Wimmers gute Semmelkndel         |   598.5000 |
| Wimmers gute Semmelkndel         |   199.5000 |
| Wimmers gute Semmelkndel         |   299.2500 |
| Wimmers gute Semmelkndel         |   498.7500 |
| Wimmers gute Semmelkndel         |   931.0000 |
| Wimmers gute Semmelkndel         |   798.0000 |
| Wimmers gute Semmelkndel         |  1163.7500 |
| Wimmers gute Semmelkndel         |    99.7500 |
| Wimmers gute Semmelkndel         |   997.5000 |
| Wimmers gute Semmelkndel         |  1596.0000 |
| Wimmers gute Semmelkndel         |   997.5000 |
| Wimmers gute Semmelkndel         |   498.7500 |
| Wimmers gute Semmelkndel         |   665.0000 |
| Wimmers gute Semmelkndel         |   266.0000 |
| Wimmers gute Semmelkndel         |   133.0000 |
| Wimmers gute Semmelkndel         |   665.0000 |
| Wimmers gute Semmelkndel         |   831.2500 |
| Wimmers gute Semmelkndel         |  4322.5000 |
| Wimmers gute Semmelkndel         |    66.5000 |
| Zaanse koeken                    |   121.6000 |
| Zaanse koeken                    |   418.0000 |
| Zaanse koeken                    |   228.0000 |
| Zaanse koeken                    |   228.0000 |
| Zaanse koeken                    |    57.0000 |
| Zaanse koeken                    |   237.5000 |
| Zaanse koeken                    |   142.5000 |
| Zaanse koeken                    |    57.0000 |
| Zaanse koeken                    |    95.0000 |
| Zaanse koeken                    |   380.0000 |
| Zaanse koeken                    |   142.5000 |
| Zaanse koeken                    |   114.0000 |
| Zaanse koeken                    |    47.5000 |
| Zaanse koeken                    |   475.0000 |
| Zaanse koeken                    |   285.0000 |
| Zaanse koeken                    |   285.0000 |
| Zaanse koeken                    |   380.0000 |
| Zaanse koeken                    |   199.5000 |
| Zaanse koeken                    |    47.5000 |
| Zaanse koeken                    |   133.0000 |
| Zaanse koeken                    |   285.0000 |
+----------------------------------+------------+
2155 rows in set (0.0326 sec)

 MySQL  localhost:3306  northwind  SQL > select sum(quantity * unitprice) from orderdetails;
+---------------------------+
| sum(quantity * unitprice) |
+---------------------------+
|              1354458.5900 |
+---------------------------+
1 row in set (0.0013 sec)

 MySQL  localhost:3306  northwind  SQL > select b.productname, sum(a.unitprice * a.quantity) as total
                                     ... from orderdetails a
                                     ... inner join products b on a.productid = b.productid
                                     ... group by a.productid;
+----------------------------------+-------------+
| productname                      | total       |
+----------------------------------+-------------+
| Chai                             |  14277.6000 |
| Chang                            |  18559.2000 |
| Aniseed Syrup                    |   3080.0000 |
| Chef Anton's Cajun Seasoning     |   9424.8000 |
| Chef Anton's Gumbo Mix           |   5801.1500 |
| Grandma's Boysenberry Spread     |   7345.0000 |
| Uncle Bob's Organic Dried Pears  |  22464.0000 |
| Northwoods Cranberry Sauce       |  13760.0000 |
| Mishi Kobe Niku                  |   8827.0000 |
| Ikura                            |  22140.2000 |
| Queso Cabrales                   |  13902.0000 |
| Queso Manchego La Pastora        |  12866.8000 |
| Konbu                            |   5234.4000 |
| Tofu                             |   8630.4000 |
| Genen Shouyu                     |   1813.5000 |
| Pavlova                          |  18748.0500 |
| Alice Mutton                     |  35482.2000 |
| Carnarvon Tigers                 |  31987.5000 |
| Teatime Chocolate Biscuits       |   6159.5000 |
| Sir Rodney's Marmalade           |  23635.8000 |
| Sir Rodney's Scones              |   9636.0000 |
| Gustaf's Knckebrd                |   7232.4000 |
| Tunnbrd                          |   4840.2000 |
| Guaran Fantstica                 |   4782.6000 |
| NuNuCa Nu-Nougat-Creme           |   4051.6000 |
| Gumbr Gummibrchen                |  21534.9000 |
| Schoggi Schokolade               |  15231.5000 |
| Rssle Sauerkraut                 |  26865.6000 |
| Thringer Rostbratwurst           |  87736.4000 |
| Nord-Ost Matjeshering            |  14775.5400 |
| Gorgonzola Telino                |  16172.5000 |
| Mascarpone Fabioli               |   9171.2000 |
| Geitost                          |   1713.5000 |
| Sasquatch Ale                    |   6678.0000 |
| Steeleye Stout                   |  14536.8000 |
| Inlagd Sill                      |  14542.6000 |
| Gravad lax                       |   3047.2000 |
| Cte de Blaye                     | 149984.2000 |
| Chartreuse verte                 |  13150.8000 |
| Boston Crab Meat                 |  19048.3000 |
| Jack's New England Clam Chowder  |   9098.1000 |
| Singaporean Hokkien Fried Mee    |   9332.4000 |
| Ipoh Coffee                      |  25079.2000 |
| Gula Malacca                     |  10524.2000 |
| Rogede sild                      |   4740.5000 |
| Spegesild                        |   6144.0000 |
| Zaanse koeken                    |   4358.6000 |
| Chocolade                        |   1542.7500 |
| Maxilaku                         |   9500.0000 |
| Valkoinen suklaa                 |   3510.0000 |
| Manjimup Dried Apples            |  44742.6000 |
| Filo Mix                         |   3383.8000 |
| Perth Pasties                    |  21510.2000 |
| Tourtire                         |   5121.0000 |
| Pt chinois                       |  19512.0000 |
| Gnocchi di nonna Alice           |  45121.2000 |
| Ravioli Angelo                   |   7807.8000 |
| Escargots de Bourgogne           |   6664.7500 |
| Raclette Courdavault             |  76296.0000 |
| Camembert Pierrot                |  50286.0000 |
| Sirop d'rable                    |  16438.8000 |
| Tarte au sucre                   |  49827.9000 |
| Vegie-spread                     |  17696.3000 |
| Wimmers gute Semmelkndel         |  23009.0000 |
| Louisiana Fiery Hot Pepper Sauce |  14607.0000 |
| Louisiana Hot Spiced Okra        |   3519.0000 |
| Laughing Lumberjack Lager        |   2562.0000 |
| Scottish Longbreads              |   9362.5000 |
| Gudbrandsdalsost                 |  24307.2000 |
| Outback Lager                    |  11472.0000 |
| Flotemysost                      |  20876.5000 |
| Mozzarella di Giovanni           |  25738.8000 |
| Rd Kaviar                        |   4200.0000 |
| Longlife Tofu                    |   2566.0000 |
| Rhnbru Klosterbier               |   8650.5500 |
| Lakkalikri                       |  16794.0000 |
| Original Frankfurter grne Soe    |   9685.0000 |
+----------------------------------+-------------+
77 rows in set (0.0299 sec)

 MySQL  localhost:3306  northwind  SQL > select productid from products where productname like 'Chai';
+-----------+
| productid |
+-----------+
|         1 |
+-----------+
1 row in set (0.0004 sec)

 MySQL  localhost:3306  northwind  SQL > select productname from products where productid =1;
+-------------+
| productname |
+-------------+
| Chai        |
+-------------+
1 row in set (0.0003 sec)

 MySQL  localhost:3306  northwind  SQL > select sum(quantity * unitprice) from orderdetails where productid =1;
+---------------------------+
| sum(quantity * unitprice) |
+---------------------------+
|                14277.6000 |
+---------------------------+
1 row in set (0.0006 sec)

 MySQL  localhost:3306  northwind  SQL > show tabes;
ERROR: 1064 (42000): You have an error in your SQL syntax; check the manual that corresponds to your MySQL server version for the right syntax to use near 'tab??es' at line 1

 MySQL  localhost:3306  northwind  SQL > show tables;
+----------------------+
| Tables_in_northwind  |
+----------------------+
| account              |
| categories           |
| customercustomerdemo |
| customerdemographics |
| customers            |
| empleados            |
| employees            |
| employeeterritories  |
| lista_empleados      |
| lista_empleados_a    |
| mi_rfc               |
| nombre_cliente       |
| orderdetails         |
| orders               |
| pagos_empleados      |
| personas             |
| products             |
| prueba2              |
| region               |
| rfc_gringos          |
| shippers             |
| suppliers            |
| territories          |
| ventas_producto      |
+----------------------+
24 rows in set (0.0006 sec)

 MySQL  localhost:3306  northwind  SQL > select b.customerid, sum(a.unitprice * a.quantity) as total from orders a inner join products b on a.productid = b.productid group by a.productid;
ERROR: 1054 (42S22): Unknown column 'b.customerid' in 'field list'

 MySQL  localhost:3306  northwind  SQL >
 MySQL  localhost:3306  northwind  SQL >
 MySQL  localhost:3306  northwind  SQL >
 MySQL  localhost:3306  northwind  SQL >
 MySQL  localhost:3306  northwind  SQL >
 MySQL  localhost:3306  northwind  SQL >
 MySQL  localhost:3306  northwind  SQL >
 MySQL  localhost:3306  northwind  SQL >
 MySQL  localhost:3306  northwind  SQL >
 MySQL  localhost:3306  northwind  SQL >
 MySQL  localhost:3306  northwind  SQL >
 MySQL  localhost:3306  northwind  SQL >
 MySQL  localhost:3306  northwind  SQL >
 MySQL  localhost:3306  northwind  SQL >
 MySQL  localhost:3306  northwind  SQL >
 MySQL  localhost:3306  northwind  SQL >
 MySQL  localhost:3306  northwind  SQL >
 MySQL  localhost:3306  northwind  SQL > select nombre_cliente, sum(a.unitprice * a.quantity) as total from orders
                                     ... ;
ERROR: 1054 (42S22): Unknown column 'nombre_cliente' in 'field list'

 MySQL  localhost:3306  northwind  SQL > select b.companyname, sum(a.unitprice * a.quantity) as total
                                     ... from orderdetails a
                                     ... inner join customers b on b.customerid = c.customerid
                                     ... inner join orders c on a.orderid = c.orderid
                                     ... group by b.customerid;
ERROR: 1054 (42S22): Unknown column 'c.customerid' in 'on clause'

 MySQL  localhost:3306  northwind  SQL > select c.companyname, sum (a.unitprice * a.quantity) as total
                                     ... from orderdetails a
                                     ... inner join orders b on a.orderid= b.orderid
                                     ... inner join customers c on b.customerid = c.customerid
                                     ... order by c.customerid;
ERROR: 1630 (42000): FUNCTION northwind.sum does not exist. Check the 'Function Name Parsing and Resolution' section in the Reference Manual

 MySQL  localhost:3306  northwind  SQL > select c.companyname, sum(a.unitprice * a.quantity) as total  from orderdetails a inner join orders b on a.orderid= b.orderid inner join customers c on b.customerid = c.customerid order by c.customerid;
+---------------------+--------------+
| companyname         | total        |
+---------------------+--------------+
| Alfreds Futterkiste | 1354458.5900 |
+---------------------+--------------+
1 row in set (0.0043 sec)

 MySQL  localhost:3306  northwind  SQL > select c.companyname, sum(a.unitprice * a.quantity) as total  from orderdetails a inner join orders b on a.orderid= b.orderid inner join customers c on b.customerid = c.customerid;
+---------------------+--------------+
| companyname         | total        |
+---------------------+--------------+
| Alfreds Futterkiste | 1354458.5900 |
+---------------------+--------------+
1 row in set (0.0034 sec)

 MySQL  localhost:3306  northwind  SQL > select c.companyname, sum (a.unitprice * a.quantity) as total  from orderdetails a inner join orders b on a.orderid= b.orderid inner join customers c on b.customerid = c.customerid group by c.customerid
                                     ... having sum(a.unitprice * a.quantity) > 10000;
ERROR: 1630 (42000): FUNCTION northwind.sum does not exist. Check the 'Function Name Parsing and Resolution' section in the Reference Manual

 MySQL  localhost:3306  northwind  SQL > select b.customerid, sum(a.unitprice * a.quantity) as total from orders a inner join products b on a.productid = b.productid group by a.productid
                                     ... having sum(a.unitprice*a.quantity) > 10000;
ERROR: 1054 (42S22): Unknown column 'b.customerid' in 'field list'

 MySQL  localhost:3306  northwind  SQL > select b.productname, sum(a.unitprice * a.quantity) as total from orderdetails a inner join products b on a.productid = b.productid group by a.productid
                                     ... having sum(a.unitprice*a.quantity) > 10000;
+----------------------------------+-------------+
| productname                      | total       |
+----------------------------------+-------------+
| Chai                             |  14277.6000 |
| Chang                            |  18559.2000 |
| Uncle Bob's Organic Dried Pears  |  22464.0000 |
| Northwoods Cranberry Sauce       |  13760.0000 |
| Ikura                            |  22140.2000 |
| Queso Cabrales                   |  13902.0000 |
| Queso Manchego La Pastora        |  12866.8000 |
| Pavlova                          |  18748.0500 |
| Alice Mutton                     |  35482.2000 |
| Carnarvon Tigers                 |  31987.5000 |
| Sir Rodney's Marmalade           |  23635.8000 |
| Gumbr Gummibrchen                |  21534.9000 |
| Schoggi Schokolade               |  15231.5000 |
| Rssle Sauerkraut                 |  26865.6000 |
| Thringer Rostbratwurst           |  87736.4000 |
| Nord-Ost Matjeshering            |  14775.5400 |
| Gorgonzola Telino                |  16172.5000 |
| Steeleye Stout                   |  14536.8000 |
| Inlagd Sill                      |  14542.6000 |
| Cte de Blaye                     | 149984.2000 |
| Chartreuse verte                 |  13150.8000 |
| Boston Crab Meat                 |  19048.3000 |
| Ipoh Coffee                      |  25079.2000 |
| Gula Malacca                     |  10524.2000 |
| Manjimup Dried Apples            |  44742.6000 |
| Perth Pasties                    |  21510.2000 |
| Pt chinois                       |  19512.0000 |
| Gnocchi di nonna Alice           |  45121.2000 |
| Raclette Courdavault             |  76296.0000 |
| Camembert Pierrot                |  50286.0000 |
| Sirop d'rable                    |  16438.8000 |
| Tarte au sucre                   |  49827.9000 |
| Vegie-spread                     |  17696.3000 |
| Wimmers gute Semmelkndel         |  23009.0000 |
| Louisiana Fiery Hot Pepper Sauce |  14607.0000 |
| Gudbrandsdalsost                 |  24307.2000 |
| Outback Lager                    |  11472.0000 |
| Flotemysost                      |  20876.5000 |
| Mozzarella di Giovanni           |  25738.8000 |
| Lakkalikri                       |  16794.0000 |
+----------------------------------+-------------+
40 rows in set (0.0503 sec)

 MySQL  localhost:3306  northwind  SQL >